rho   seed  n    Δt[0.50,0.60) pairs-miss / sheets-miss  Δt[0.60,0.70) pairs-miss / sheets-miss  Δt[0.70,0.85) pairs-miss / sheets-miss  Δt[0.85,1.00) pairs-miss / sheets-miss
seed=0: dim H^1(X)=2; skip
 1500    0   12  dim H1(X) != 1
 1500    1   12  18.80% /  9.62% (n=18690)   8.05% /  4.03% (n=51065)   5.61% /  2.81% (n=114072)   4.38% /  2.19% (n=131925)   FP=0
seed=2: dim H^1(X)=2; skip
 1500    2   12  dim H1(X) != 1
seed=3: dim H^1(X)=2; skip
 1500    3   12  dim H1(X) != 1
 2250    0   19  11.83% /  6.00% (n=43106)   5.04% /  2.52% (n=113630)   3.50% /  1.75% (n=262557)   2.77% /  1.38% (n=303964)   FP=0
 2250    1   19  12.26% /  6.22% (n=42390)   5.15% /  2.57% (n=113536)   3.56% /  1.78% (n=257830)   2.87% /  1.44% (n=304429)   FP=0
 2250    2   19  12.86% /  6.52% (n=40836)   5.32% /  2.66% (n=109600)   3.81% /  1.91% (n=252961)   3.08% /  1.54% (n=308279)   FP=0
 2250    3   19  11.90% /  6.03% (n=39058)   5.04% /  2.52% (n=105256)   3.53% /  1.76% (n=246562)   2.76% /  1.38% (n=297842)   FP=0
 3000    0   25   9.09% /  4.58% (n=76152)   3.77% /  1.88% (n=202797)   2.63% /  1.32% (n=464417)   2.08% /  1.04% (n=540704)   FP=0
 3000    1   25   8.87% /  4.47% (n=75627)   3.68% /  1.84% (n=201973)   2.54% /  1.27% (n=456856)   1.99% /  0.99% (n=539058)   FP=0
 3000    2   25   9.35% /  4.71% (n=72914)   3.99% /  2.00% (n=195541)   2.74% /  1.37% (n=450716)   2.16% /  1.08% (n=540530)   FP=0
 3000    3   25   9.52% /  4.81% (n=70280)   3.97% /  1.99% (n=188639)   2.69% /  1.34% (n=442299)   2.16% /  1.08% (n=532215)   FP=0
 4500    0   38   5.84% /  2.93% (n=170533)   2.42% /  1.21% (n=454003)   1.67% /  0.83% (n=1046894)   1.37% /  0.68% (n=1226302)   FP=0
 4500    1   38   5.98% /  3.01% (n=170067)   2.53% /  1.26% (n=452648)   1.74% /  0.87% (n=1031917)   1.39% /  0.69% (n=1217962)   FP=0
 4500    2   38   5.81% /  2.92% (n=163460)   2.42% /  1.21% (n=440836)   1.67% /  0.83% (n=1028072)   1.34% /  0.67% (n=1225072)   FP=0
 4500    3   38   5.83% /  2.93% (n=160934)   2.51% /  1.25% (n=432248)   1.71% /  0.86% (n=996489)   1.35% /  0.68% (n=1191135)   FP=0
