seed=0 rho=1200 n=25 B=5: N=1455, slices=21, harmonic |resid| max 0.377; generators 7831 of 8942 links (87.6%); gauge-mismatched generators 1
  e2e seed=0 rho=1200 m=4.0: cover nodes 7275
   images Δt-bin     pairs  Φ=0.00: K_order / K_coord / continuum  Φ=1.57: K_order / K_coord / continuum  Φ=3.14: K_order / K_coord / continuum
       1 [0.3,0.5)  54845  +0.3007 / +0.3047 / +0.3069   +0.2318 / +0.2344 / +0.2353   +0.1629 / +0.1640 / +0.1636
       1 [0.5,0.7)  41932  +0.0826 / +0.0800 / +0.0823   +0.0566 / +0.0547 / +0.0558   +0.0307 / +0.0294 / +0.0294
       1 [0.7,1.0)  15577  -0.1349 / -0.1388 / -0.1387   -0.1215 / -0.1250 / -0.1242   -0.1082 / -0.1112 / -0.1097
       2 [0.5,0.7)   9803  +0.5082 / +0.5326 / +0.5358   +0.2428 / +0.2526 / +0.2522   -0.0225 / -0.0275 / -0.0315
       2 [0.7,1.0)  29987  +0.0116 / +0.0076 / +0.0096   -0.0559 / -0.0612 / -0.0588   -0.1234 / -0.1300 / -0.1271
seed=1 rho=1200 n=25 B=5: N=1441, slices=21, harmonic |resid| max 0.367; generators 7751 of 8838 links (87.7%); gauge-mismatched generators 0
  e2e seed=1 rho=1200 m=4.0: cover nodes 7205
   images Δt-bin     pairs  Φ=0.00: K_order / K_coord / continuum  Φ=1.57: K_order / K_coord / continuum  Φ=3.14: K_order / K_coord / continuum
       1 [0.3,0.5)  54552  +0.3027 / +0.3073 / +0.3073   +0.2362 / +0.2389 / +0.2402   +0.1697 / +0.1705 / +0.1730
       1 [0.5,0.7)  42137  +0.0844 / +0.0815 / +0.0813   +0.0565 / +0.0543 / +0.0560   +0.0285 / +0.0272 / +0.0307
       1 [0.7,1.0)  15866  -0.1330 / -0.1364 / -0.1384   -0.1209 / -0.1240 / -0.1252   -0.1089 / -0.1115 / -0.1120
       2 [0.5,0.7)   9720  +0.5123 / +0.5383 / +0.5366   +0.2377 / +0.2460 / +0.2493   -0.0368 / -0.0463 / -0.0380
       2 [0.7,1.0)  30286  +0.0159 / +0.0118 / +0.0110   -0.0544 / -0.0599 / -0.0581   -0.1247 / -0.1315 / -0.1271
seed=2 rho=1200 n=25 B=5: N=1413, slices=21, harmonic |resid| max 0.414; generators 7690 of 8762 links (87.8%); gauge-mismatched generators 0
  e2e seed=2 rho=1200 m=4.0: cover nodes 7065
   images Δt-bin     pairs  Φ=0.00: K_order / K_coord / continuum  Φ=1.57: K_order / K_coord / continuum  Φ=3.14: K_order / K_coord / continuum
       1 [0.3,0.5)  53735  +0.3099 / +0.3146 / +0.3072   +0.2377 / +0.2405 / +0.2343   +0.1656 / +0.1663 / +0.1613
       1 [0.5,0.7)  42032  +0.0980 / +0.0952 / +0.0826   +0.0669 / +0.0649 / +0.0542   +0.0358 / +0.0346 / +0.0258
       1 [0.7,1.0)  15984  -0.1246 / -0.1283 / -0.1390   -0.1117 / -0.1151 / -0.1250   -0.0988 / -0.1018 / -0.1109
       2 [0.5,0.7)   9712  +0.5277 / +0.5556 / +0.5395   +0.2523 / +0.2635 / +0.2532   -0.0230 / -0.0286 / -0.0331
       2 [0.7,1.0)  31581  +0.0315 / +0.0269 / +0.0071   -0.0415 / -0.0475 / -0.0586   -0.1144 / -0.1217 / -0.1240
