seed=0 rho=3000 n=25 B=5: N=3624, slices=21, harmonic |resid| max 0.240; generators 21993 of 25741 links (85.4%); gauge-mismatched generators 0

=== e2e (deck Fourier): seed=0 rho=3000 n=25 B=5 dmax=0.25 N=3624, elements without theta 0
  m=0.0 [|K| gauge-invariant]: images Δt-bin  pairs   Φ=0.00: order / coord / continuum   Φ=0.79: order / coord / continuum   Φ=1.57: order / coord / continuum   Φ=2.36: order / coord / continuum   Φ=3.14: order / coord / continuum
       1 [0.3,0.5)  110025  +0.4967 / +0.5000 / +0.5000   +0.4967 / +0.5000 / +0.5000   +0.4967 / +0.5000 / +0.5000   +0.4967 / +0.5000 / +0.5000   +0.4967 / +0.5000 / +0.5000
       1 [0.5,0.7)   85071  +0.4999 / +0.5000 / +0.5000   +0.4999 / +0.5000 / +0.5000   +0.4999 / +0.5000 / +0.5000   +0.4999 / +0.5000 / +0.5000   +0.4999 / +0.5000 / +0.5000
       1 [0.7,1.0)   30757  +0.5000 / +0.5000 / +0.5000   +0.5000 / +0.5000 / +0.5000   +0.5000 / +0.5000 / +0.5000   +0.5000 / +0.5000 / +0.5000   +0.5000 / +0.5000 / +0.5000
       2 [0.5,0.7)   19600  +0.9748 / +1.0000 / +1.0000   +0.9025 / +0.9239 / +0.9239   +0.6965 / +0.7071 / +0.7071   +0.3883 / +0.3827 / +0.3827   +0.0248 / +0.0000 / +0.0000
       2 [0.7,1.0)   59609  +0.9886 / +1.0000 / +1.0000   +0.9142 / +0.9239 / +0.9239   +0.7024 / +0.7071 / +0.7071   +0.3854 / +0.3827 / +0.3827   +0.0114 / +0.0000 / +0.0000
  m=4.0 [|K| gauge-invariant]: images Δt-bin  pairs   Φ=0.00: order / coord / continuum   Φ=0.79: order / coord / continuum   Φ=1.57: order / coord / continuum   Φ=2.36: order / coord / continuum   Φ=3.14: order / coord / continuum
       1 [0.3,0.5)  110025  +0.3047 / +0.3070 / +0.3075   +0.3047 / +0.3070 / +0.3075   +0.3047 / +0.3070 / +0.3075   +0.3047 / +0.3070 / +0.3075   +0.3047 / +0.3070 / +0.3075
       1 [0.5,0.7)   85071  +0.1030 / +0.1020 / +0.1021   +0.1030 / +0.1020 / +0.1021   +0.1030 / +0.1020 / +0.1021   +0.1030 / +0.1020 / +0.1021   +0.1030 / +0.1020 / +0.1021
       1 [0.7,1.0)   30757  +0.1399 / +0.1422 / +0.1386   +0.1399 / +0.1422 / +0.1386   +0.1399 / +0.1422 / +0.1386   +0.1399 / +0.1422 / +0.1386   +0.1399 / +0.1422 / +0.1386
       2 [0.5,0.7)   19600  +0.5217 / +0.5347 / +0.5374   +0.4905 / +0.5024 / +0.5047   +0.4032 / +0.4124 / +0.4136   +0.2816 / +0.2868 / +0.2866   +0.1850 / +0.1871 / +0.1858
       2 [0.7,1.0)   59609  +0.1725 / +0.1742 / +0.1734   +0.2026 / +0.2053 / +0.2039   +0.2396 / +0.2434 / +0.2416   +0.2589 / +0.2631 / +0.2613   +0.2587 / +0.2626 / +0.2609
seed=1 rho=3000 n=25 B=5: N=3602, slices=21, harmonic |resid| max 0.265; generators 21468 of 25218 links (85.1%); gauge-mismatched generators 0

=== e2e (deck Fourier): seed=1 rho=3000 n=25 B=5 dmax=0.25 N=3602, elements without theta 0
  m=0.0 [|K| gauge-invariant]: images Δt-bin  pairs   Φ=0.00: order / coord / continuum   Φ=0.79: order / coord / continuum   Φ=1.57: order / coord / continuum   Φ=2.36: order / coord / continuum   Φ=3.14: order / coord / continuum
       1 [0.3,0.5)  108877  +0.4962 / +0.5000 / +0.5000   +0.4962 / +0.5000 / +0.5000   +0.4962 / +0.5000 / +0.5000   +0.4962 / +0.5000 / +0.5000   +0.4962 / +0.5000 / +0.5000
       1 [0.5,0.7)   84121  +0.4999 / +0.5000 / +0.5000   +0.4999 / +0.5000 / +0.5000   +0.4999 / +0.5000 / +0.5000   +0.4999 / +0.5000 / +0.5000   +0.4999 / +0.5000 / +0.5000
       1 [0.7,1.0)   31463  +0.5000 / +0.5000 / +0.5000   +0.5000 / +0.5000 / +0.5000   +0.5000 / +0.5000 / +0.5000   +0.5000 / +0.5000 / +0.5000   +0.5000 / +0.5000 / +0.5000
       2 [0.5,0.7)   19781  +0.9742 / +1.0000 / +1.0000   +0.9020 / +0.9239 / +0.9239   +0.6963 / +0.7071 / +0.7071   +0.3885 / +0.3827 / +0.3827   +0.0255 / +0.0000 / +0.0000
       2 [0.7,1.0)   60461  +0.9880 / +1.0000 / +1.0000   +0.9137 / +0.9239 / +0.9239   +0.7022 / +0.7071 / +0.7071   +0.3855 / +0.3827 / +0.3827   +0.0120 / +0.0000 / +0.0000
  m=4.0 [|K| gauge-invariant]: images Δt-bin  pairs   Φ=0.00: order / coord / continuum   Φ=0.79: order / coord / continuum   Φ=1.57: order / coord / continuum   Φ=2.36: order / coord / continuum   Φ=3.14: order / coord / continuum
       1 [0.3,0.5)  108877  +0.3061 / +0.3088 / +0.3076   +0.3061 / +0.3088 / +0.3076   +0.3061 / +0.3088 / +0.3076   +0.3061 / +0.3088 / +0.3076   +0.3061 / +0.3088 / +0.3076
       1 [0.5,0.7)   84121  +0.1049 / +0.1037 / +0.1023   +0.1049 / +0.1037 / +0.1023   +0.1049 / +0.1037 / +0.1023   +0.1049 / +0.1037 / +0.1023   +0.1049 / +0.1037 / +0.1023
       1 [0.7,1.0)   31463  +0.1343 / +0.1367 / +0.1384   +0.1343 / +0.1367 / +0.1384   +0.1343 / +0.1367 / +0.1384   +0.1343 / +0.1367 / +0.1384   +0.1343 / +0.1367 / +0.1384
       2 [0.5,0.7)   19781  +0.5247 / +0.5376 / +0.5360   +0.4929 / +0.5048 / +0.5034   +0.4042 / +0.4134 / +0.4125   +0.2806 / +0.2862 / +0.2860   +0.1825 / +0.1853 / +0.1857
       2 [0.7,1.0)   60461  +0.1724 / +0.1739 / +0.1737   +0.2015 / +0.2041 / +0.2041   +0.2377 / +0.2415 / +0.2415   +0.2568 / +0.2609 / +0.2610   +0.2567 / +0.2606 / +0.2604
