seed=0 rho=3000 n=25 B=5: N=3624, slices=21, harmonic |resid| max 0.240; generators 21993 of 25741 links (85.4%); gauge-mismatched generators 0

=== e2e (deck Fourier): seed=0 rho=3000 n=25 B=5 dmax=0.25 N=3624, elements without theta 0
  m=0.0: images Δt-bin  pairs   Φ=0.00: order / coord / continuum   Φ=1.57: order / coord / continuum   Φ=3.14: order / coord / continuum
       1 [0.3,0.5)  110025  +0.4967 / +0.5000 / +0.5000   +0.3951 / +0.3970 / +0.3970   +0.2934 / +0.2940 / +0.2940
       1 [0.5,0.7)   85071  +0.4999 / +0.5000 / +0.5000   +0.3930 / +0.3930 / +0.3930   +0.2861 / +0.2861 / +0.2861
       1 [0.7,1.0)   30757  +0.5000 / +0.5000 / +0.5000   +0.4410 / +0.4410 / +0.4410   +0.3820 / +0.3820 / +0.3820
       2 [0.5,0.7)   19600  +0.9748 / +1.0000 / +1.0000   +0.4891 / +0.5000 / +0.5000   +0.0033 / +0.0000 / +0.0000
       2 [0.7,1.0)   59609  +0.9886 / +1.0000 / +1.0000   +0.4979 / +0.5000 / +0.5000   +0.0072 / +0.0000 / +0.0000
  m=4.0: images Δt-bin  pairs   Φ=0.00: order / coord / continuum   Φ=1.57: order / coord / continuum   Φ=3.14: order / coord / continuum
       1 [0.3,0.5)  110025  +0.3047 / +0.3070 / +0.3075   +0.2348 / +0.2360 / +0.2363   +0.1648 / +0.1651 / +0.1651
       1 [0.5,0.7)   85071  +0.0823 / +0.0803 / +0.0823   +0.0552 / +0.0537 / +0.0550   +0.0281 / +0.0272 / +0.0278
       1 [0.7,1.0)   30757  -0.1399 / -0.1422 / -0.1386   -0.1249 / -0.1268 / -0.1239   -0.1098 / -0.1115 / -0.1091
       2 [0.5,0.7)   19600  +0.5216 / +0.5347 / +0.5374   +0.2459 / +0.2512 / +0.2519   -0.0298 / -0.0324 / -0.0337
       2 [0.7,1.0)   59609  +0.0083 / +0.0055 / +0.0105   -0.0561 / -0.0592 / -0.0573   -0.1204 / -0.1239 / -0.1250
seed=1 rho=3000 n=25 B=5: N=3602, slices=21, harmonic |resid| max 0.265; generators 21468 of 25218 links (85.1%); gauge-mismatched generators 0

=== e2e (deck Fourier): seed=1 rho=3000 n=25 B=5 dmax=0.25 N=3602, elements without theta 0
  m=0.0: images Δt-bin  pairs   Φ=0.00: order / coord / continuum   Φ=1.57: order / coord / continuum   Φ=3.14: order / coord / continuum
       1 [0.3,0.5)  108877  +0.4962 / +0.5000 / +0.5000   +0.3930 / +0.3953 / +0.3953   +0.2898 / +0.2905 / +0.2905
       1 [0.5,0.7)   84121  +0.4999 / +0.5000 / +0.5000   +0.3935 / +0.3935 / +0.3935   +0.2871 / +0.2871 / +0.2871
       1 [0.7,1.0)   31463  +0.5000 / +0.5000 / +0.5000   +0.4444 / +0.4444 / +0.4444   +0.3888 / +0.3888 / +0.3888
       2 [0.5,0.7)   19781  +0.9742 / +1.0000 / +1.0000   +0.4887 / +0.5000 / +0.5000   +0.0032 / +0.0000 / +0.0000
       2 [0.7,1.0)   60461  +0.9880 / +1.0000 / +1.0000   +0.4979 / +0.5000 / +0.5000   +0.0077 / +0.0000 / +0.0000
  m=4.0: images Δt-bin  pairs   Φ=0.00: order / coord / continuum   Φ=1.57: order / coord / continuum   Φ=3.14: order / coord / continuum
       1 [0.3,0.5)  108877  +0.3061 / +0.3088 / +0.3076   +0.2353 / +0.2368 / +0.2354   +0.1645 / +0.1648 / +0.1632
       1 [0.5,0.7)   84121  +0.0868 / +0.0847 / +0.0826   +0.0592 / +0.0576 / +0.0551   +0.0317 / +0.0306 / +0.0276
       1 [0.7,1.0)   31463  -0.1343 / -0.1367 / -0.1384   -0.1209 / -0.1230 / -0.1248   -0.1074 / -0.1093 / -0.1112
       2 [0.5,0.7)   19781  +0.5246 / +0.5376 / +0.5360   +0.2490 / +0.2540 / +0.2512   -0.0265 / -0.0296 / -0.0336
       2 [0.7,1.0)   60461  +0.0154 / +0.0123 / +0.0090   -0.0520 / -0.0556 / -0.0583   -0.1195 / -0.1235 / -0.1255
seed=2 rho=3000 n=25 B=5: N=3557, slices=21, harmonic |resid| max 0.232; generators 21276 of 24893 links (85.5%); gauge-mismatched generators 0

=== e2e (deck Fourier): seed=2 rho=3000 n=25 B=5 dmax=0.25 N=3557, elements without theta 0
  m=0.0: images Δt-bin  pairs   Φ=0.00: order / coord / continuum   Φ=1.57: order / coord / continuum   Φ=3.14: order / coord / continuum
       1 [0.3,0.5)  107101  +0.4962 / +0.5000 / +0.5000   +0.3972 / +0.3996 / +0.3996   +0.2983 / +0.2991 / +0.2991
       1 [0.5,0.7)   83852  +0.4999 / +0.5000 / +0.5000   +0.3973 / +0.3974 / +0.3974   +0.2947 / +0.2947 / +0.2947
       1 [0.7,1.0)   32472  +0.5000 / +0.5000 / +0.5000   +0.4479 / +0.4479 / +0.4479   +0.3958 / +0.3958 / +0.3958
       2 [0.5,0.7)   19742  +0.9733 / +1.0000 / +1.0000   +0.4894 / +0.5000 / +0.5000   +0.0055 / +0.0000 / +0.0000
       2 [0.7,1.0)   62354  +0.9884 / +1.0000 / +1.0000   +0.4980 / +0.5000 / +0.5000   +0.0075 / +0.0000 / +0.0000
  m=4.0: images Δt-bin  pairs   Φ=0.00: order / coord / continuum   Φ=1.57: order / coord / continuum   Φ=3.14: order / coord / continuum
       1 [0.3,0.5)  107101  +0.3091 / +0.3119 / +0.3074   +0.2401 / +0.2417 / +0.2380   +0.1711 / +0.1715 / +0.1686
       1 [0.5,0.7)   83852  +0.0934 / +0.0914 / +0.0810   +0.0644 / +0.0629 / +0.0549   +0.0354 / +0.0345 / +0.0287
       1 [0.7,1.0)   32472  -0.1249 / -0.1272 / -0.1394   -0.1137 / -0.1157 / -0.1264   -0.1025 / -0.1042 / -0.1135
       2 [0.5,0.7)   19742  +0.5352 / +0.5495 / +0.5371   +0.2509 / +0.2557 / +0.2495   -0.0333 / -0.0382 / -0.0381
       2 [0.7,1.0)   62354  +0.0317 / +0.0289 / +0.0108   -0.0478 / -0.0511 / -0.0611   -0.1273 / -0.1309 / -0.1330
seed=3 rho=3000 n=25 B=5: N=3501, slices=21, harmonic |resid| max 0.260; generators 21109 of 24668 links (85.6%); gauge-mismatched generators 0

=== e2e (deck Fourier): seed=3 rho=3000 n=25 B=5 dmax=0.25 N=3501, elements without theta 0
  m=0.0: images Δt-bin  pairs   Φ=0.00: order / coord / continuum   Φ=1.57: order / coord / continuum   Φ=3.14: order / coord / continuum
       1 [0.3,0.5)  107637  +0.4965 / +0.5000 / +0.5000   +0.3961 / +0.3985 / +0.3985   +0.2957 / +0.2970 / +0.2970
       1 [0.5,0.7)   83776  +0.5000 / +0.5000 / +0.5000   +0.3978 / +0.3978 / +0.3978   +0.2957 / +0.2957 / +0.2957
       1 [0.7,1.0)   31913  +0.5000 / +0.5000 / +0.5000   +0.4495 / +0.4495 / +0.4495   +0.3989 / +0.3989 / +0.3989
       2 [0.5,0.7)   19710  +0.9742 / +1.0000 / +1.0000   +0.4887 / +0.5000 / +0.5000   +0.0033 / +0.0000 / +0.0000
       2 [0.7,1.0)   61616  +0.9875 / +1.0000 / +1.0000   +0.4980 / +0.5000 / +0.5000   +0.0085 / +0.0000 / +0.0000
  m=4.0: images Δt-bin  pairs   Φ=0.00: order / coord / continuum   Φ=1.57: order / coord / continuum   Φ=3.14: order / coord / continuum
       1 [0.3,0.5)  107637  +0.3123 / +0.3148 / +0.3080   +0.2407 / +0.2423 / +0.2373   +0.1691 / +0.1697 / +0.1666
       1 [0.5,0.7)   83776  +0.0963 / +0.0943 / +0.0814   +0.0664 / +0.0647 / +0.0548   +0.0364 / +0.0351 / +0.0282
       1 [0.7,1.0)   31913  -0.1232 / -0.1255 / -0.1386   -0.1123 / -0.1143 / -0.1263   -0.1013 / -0.1031 / -0.1140
       2 [0.5,0.7)   19710  +0.5406 / +0.5540 / +0.5380   +0.2544 / +0.2588 / +0.2509   -0.0318 / -0.0363 / -0.0361
       2 [0.7,1.0)   61616  +0.0339 / +0.0319 / +0.0101   -0.0431 / -0.0467 / -0.0591   -0.1200 / -0.1252 / -0.1283
