kind   rho     T  N(mean)  core  b0,b1 per seed
cyl    300   0.1       32    15  [(8, 3), (16, 0), (8, 3), (13, 0)]
cyl    300   0.2       59    34  [(1, 17), (1, 20), (1, 23), (1, 13)]
cyl    300  0.35      102    72  [(1, 8), (1, 11), (1, 8), (1, 4)]
cyl    300   0.5      152   115  [(1, 5), (1, 5), (1, 2), (1, 3)]
cyl    300  0.75      229   192  [(1, 0), (1, 0), (1, 0), (1, 0)]
cyl    300   1.0      295   262  [(1, 0), (1, 0), (1, 0), (1, 0)]
hole   120   0.3      104    57  [(34, 6), (40, 3), (55, 6), (48, 5)]
hole   120   0.6      202   156  [(1, 263), (1, 323), (3, 311), (1, 305)]
hole   120   1.0      337   278  [(1, 181), (1, 172), (1, 141), (1, 182)]
hole   120   1.5      523   468  [(1, 138), (1, 103), (1, 132), (1, 147)]
hole   120   2.5      854   797  [None, None, None, None]
flat   120   0.3      112    61  [(32, 12), (38, 12), (47, 3), (41, 9)]
flat   120   0.6      218   169  [(1, 267), (1, 353), (2, 322), (3, 299)]
flat   120   1.0      384   325  [(1, 215), (1, 273), (1, 252), (1, 222)]
flat   120   1.5      546   489  [(1, 113), (1, 140), (1, 92), (1, 110)]
flat   120   2.5      952   898  [None, None, None, None]
300 0.5 [(1, 9), (1, 3), (1, 4), (1, 6)]
300 0.55 [(1, 3), (1, 0), (1, 3), (1, 1)]
300 0.6 [(1, 1), (1, 1), (1, 0), (1, 1)]
300 0.65 [(1, 0), (1, 0), (1, 0), (1, 0)]
300 0.7 [(1, 0), (1, 0), (1, 0), (1, 0)]
1000 0.5 [(1, 2), (1, 4), (1, 6), (1, 4)]
1000 0.55 [(1, 0), (1, 0), (1, 0), (1, 0)]
1000 0.6 [(1, 0), (1, 0), (1, 0), (1, 0)]
1000 0.65 [(1, 0), (1, 0), (1, 0), (1, 0)]
1000 0.7 [(1, 0), (1, 0), (1, 0), (1, 0)]
