=== sparse 3+1 seed=0 rho=600000 n=800 W=54000: N=162159   [peak 0.07 GB]
  past counts done (75s)   [peak 0.11 GB]
  slice 0: |A|=7631 (greedy +1804), flagged 17%, layer 47235, |T_n|=43245, maximal 3000, kept shadows 71 (96s)   [peak 0.60 GB]
  slice 1: |A|=7319 (greedy +1655), flagged 24%, layer 43395, |T_n|=42181, maximal 3000, kept shadows 85 (116s)   [peak 0.60 GB]
  slice 2: |A|=7474 (greedy +1763), flagged 28%, layer 79114, |T_n|=42956, maximal 3000, kept shadows 60 (151s)   [peak 0.61 GB]
  slice 3: |A|=7305 (greedy +1686), flagged 32%, layer 71504, |T_n|=42551, maximal 3000, kept shadows 51 (183s)   [peak 0.61 GB]
  slice 4: |A|=7331 (greedy +1695), flagged 35%, layer 63810, |T_n|=42125, maximal 3000, kept shadows 49 (211s)   [peak 0.61 GB]
  slice 5: |A|=7262 (greedy +1594), flagged 37%, layer 56170, |T_n|=41700, maximal 3000, kept shadows 44 (235s)   [peak 0.61 GB]
  slice 6: |A|=7095 (greedy +1511), flagged 38%, layer 48586, |T_n|=41673, maximal 3000, kept shadows 42 (256s)   [peak 0.63 GB]
  slice 7: |A|=6992 (greedy +1442), flagged 40%, layer 40966, |T_n|=40029, maximal 3000, kept shadows 67 (276s)   [peak 0.63 GB]
  slice 8: |A|=7047 (greedy +1435), flagged 41%, layer 47517, |T_n|=40188, maximal 3000, kept shadows 40 (299s)   [peak 0.63 GB]
  per-slice nerve {(1, 1): 9}; X 509v/32130e/809789c; dim H^1(X)=1   [peak 1.06 GB]
  (stage) harmonic theta on X done   [peak 1.06 GB]
  (stage) theta_all done   [peak 1.06 GB]
  [eval] theta vs coordinate: |err| median 0.019, 99% 0.097, max 0.203; defined for 96.2%   [peak 1.06 GB]
    links: 0/162159 (1s)   [peak 1.06 GB]
    links: 10000/162159 (106s)   [peak 1.06 GB]
    links: 20000/162159 (205s)   [peak 1.06 GB]
    links: 30000/162159 (295s)   [peak 1.06 GB]
    links: 40000/162159 (386s)   [peak 1.06 GB]
    links: 50000/162159 (478s)   [peak 1.06 GB]
    links: 60000/162159 (576s)   [peak 1.06 GB]
    links: 70000/162159 (683s)   [peak 1.06 GB]
    links: 80000/162159 (810s)   [peak 1.10 GB]
    links: 90000/162159 (930s)   [peak 1.33 GB]
    links: 100000/162159 (1059s)   [peak 1.74 GB]
    links: 110000/162159 (1208s)   [peak 2.59 GB]
    links: 120000/162159 (1286s)   [peak 2.59 GB]
    links: 130000/162159 (1305s)   [peak 2.59 GB]
    links: 140000/162159 (1309s)   [peak 2.59 GB]
    links: 150000/162159 (1310s)   [peak 2.59 GB]
    links: 160000/162159 (1310s)   [peak 2.59 GB]
  [eval] generators 29631611; gauge-mismatched 0   [peak 2.59 GB]
  [eval] closure: 8 frontier iterations for 64 sources   [peak 2.59 GB]
  [eval:all] FP=0 of 3234725; FN 3.57%; FN by tau 71.6%, 42.1%, 8.9%, 0.2%, 0.0%, 0.0%, 0.0%; two-image pairs 139180: missing a sheet 17.47%, sheets missed 8.99%   [peak 2.59 GB]
  [eval:interior] FP=0 of 1277271; FN 3.06%; FN by tau 69.0%, 36.4%, 6.6%, 0.2%, 0.0%, 0.0%, 0.0%; two-image pairs 58557: missing a sheet 16.78%, sheets missed 8.60%   [peak 2.59 GB]
