--- cyl rho=1000: N=1001, |A|=26
   n  |max|  nerveV  b0  b1  tris  nonflat  max-winding
   0     26      26  26   0      0        0  None
   1     24      21  21   0      0        0  None
   2     27      16  11   0      0        0  None
   3     27      15   9   0      0        0  None
   5     34      14   4   0      1        0  None
   8     32      13   2   0      4        0  None
  12     30      15   1   1     26        0  -1
  18     28      15   1   1     49        0  -1
  25     33      14   1   1     56        0  1
  35     26      13   1   1     74        0  -1
  50     29      12   1   1     96        0  -1
  70     29      15   1   0    294       12  None
 100     28      13   1   0    275       69  None
 140     25      12   1   0    220       64  None
 200     31      14   1   0    364       12  None
--- cyl rho=3000: N=2989, |A|=48
   n  |max|  nerveV  b0  b1  tris  nonflat  max-winding
   0     48      48  48   0      0        0  None
   1     49      35  33   0      0        0  None
   2     54      29  24   0      0        0  None
   3     54      21  16   0      0        0  None
   5     45      23   1   0      5        0  None
   8     40      22   1   1      8        0  1
  12     47      22   1   1     37        0  -1
  18     47      26   1   1    104        0  -1
  25     51      26   1   1    182        0  -1
  35     52      24   1   1    226        0  1
  50     47      20   1   1    158        0  -1
  70     57      25   1   1    507        0  -1
 100     50      22   1   1    527        0  -1
 140     39      24   1   1    982        0  -1
 200     56      24   1   0   1554      192  None
--- hole rho=1500: N=2966, |A|=357
   n  |max|  nerveV  b0  b1  tris  nonflat  max-winding
   0    357     357  357   0      0        0  None
   1    333     256  224   1     10        0  0
   2    342     207  127   3    105        0  0
   3    340     171  59   8    239        0  0
   5    344     166  16  24   1405        0  -1
   8    359     175   2  12   3684        0  -1
  12    367     193   1   2   9579        0  1
  18    363     196   1   1  15959        0  -1
  25    330     189   1   1  22692        0  1
  35    331     201   1   1  47439        0  -1
  50    319     190   1   1  65632        0  1
  70    319     189   1   1  95690        0  -1
 100    316     178   1   1  124120        0  1
 140    317     163   1   1  109617        0  1
 200    317     163   1   1  109617        0  1
--- flat rho=1500: N=3281, |A|=353
   n  |max|  nerveV  b0  b1  tris  nonflat  max-winding
   0    353     353  353   0      0        0  None
   1    327     251  216   2     19        0  0
   2    361     205  96   9    113        0  0
   3    378     185  49  19    296        0  0
   5    387     177  14  24   1026        0  1
   8    385     192   5  16   3451        1  -1
  12    395     197   2   4   7330       15  1
  18    389     207   1   0  18812      191  None
  25    401     233   1   0  41091      936  None
  35    384     218   1   0  50043     1161  None
  50    376     227   1   0  109326     1283  None
  70    366     238   1   0  202619     4098  None
 100    382     223   1   0  245012     8097  None
 140    369     197   1   0  253730    12727  None
 200    366     196   1   0  252606    12743  None
=== seed robustness: (n, b0, b1, nonflat, winding) where b1==1 or b1>1
cyl rho=1000 seed=11: b1=1 & |w|=1 & flat window n∈[8, 12, 18, 25, 35, 50]; b1 by n: [0, 0, 1, 1, 1, 1, 1, 1, 0, 0, 0, 0]; nonflat by n: [0, 0, 0, 0, 0, 0, 0, 0, 51, 76, 71, 0]
cyl rho=3000 seed=11: b1=1 & |w|=1 & flat window n∈[8, 12, 18, 25, 35, 50, 70, 100, 140]; b1 by n: [0, 0, 1, 1, 1, 1, 1, 1, 1, 1, 1, 0]; nonflat by n: [0, 0, 0, 0, 0, 0, 0, 0, 0, 0, 0, 81]
cyl rho=1000 seed=12: b1=1 & |w|=1 & flat window n∈[12, 18, 25, 35, 50]; b1 by n: [0, 0, 0, 1, 1, 1, 1, 1, 0, 0, 0, 0]; nonflat by n: [0, 0, 0, 0, 0, 0, 0, 0, 24, 27, 24, 0]
cyl rho=3000 seed=12: b1=1 & |w|=1 & flat window n∈[8, 12, 18, 25, 35, 50, 70, 100, 140]; b1 by n: [0, 0, 1, 1, 1, 1, 1, 1, 1, 1, 1, 0]; nonflat by n: [0, 0, 0, 0, 0, 0, 0, 0, 0, 0, 0, 28]
cyl rho=1000 seed=13: b1=1 & |w|=1 & flat window n∈[8, 12, 18, 25, 35, 50]; b1 by n: [0, 0, 1, 1, 1, 1, 1, 1, 1, 0, 0, 0]; nonflat by n: [0, 0, 0, 0, 0, 0, 0, 0, 23, 125, 94, 42]
cyl rho=3000 seed=13: b1=1 & |w|=1 & flat window n∈[18, 25, 35, 50, 70, 100, 140]; b1 by n: [0, 0, 0, 0, 1, 1, 1, 1, 1, 1, 1, 0]; nonflat by n: [0, 0, 0, 0, 0, 0, 0, 0, 0, 0, 0, 48]
hole seed=11: b1=1 & |w|=1 & flat window n∈[12, 18, 25, 35, 50, 70, 100, 140, 200]; b1 by n: [19, 22, 6, 1, 1, 1, 1, 1, 1, 1, 1, 1]; nonflat by n: [0, 0, 0, 0, 0, 0, 0, 0, 0, 0, 0, 0]
flat seed=11: b1=1 & |w|=1 & flat window n∈[]; b1 by n: [31, 24, 12, 1, 0, 0, 0, 0, 0, 0, 0, 0]; nonflat by n: [0, 16, 12, 53, 191, 243, 661, 1261, 5440, 14696, 22270, 22930]
hole seed=12: b1=1 & |w|=1 & flat window n∈[18, 25, 35, 50, 70, 100, 140, 200]; b1 by n: [12, 12, 10, 4, 1, 1, 1, 1, 1, 1, 1, 1]; nonflat by n: [0, 0, 0, 0, 0, 0, 0, 0, 0, 0, 0, 0]
flat seed=12: b1=1 & |w|=1 & flat window n∈[]; b1 by n: [25, 23, 13, 3, 0, 0, 0, 0, 0, 0, 0, 0]; nonflat by n: [0, 1, 1, 31, 108, 243, 332, 911, 2773, 9566, 15030, 15685]
