   rho    L seed  n_lo  n_hi  closed
  1000  1.0    0  (5, 60, True)
  1000  1.0    1  (5, 70, True)
  1000  1.0    2  (6, 60, True)
  1000  1.0    3  (7, 60, True)
  1000  1.0    4  (4, 60, True)
  2000  1.0    0  (7, 97, True)
  2000  1.0    1  (12, 114, True)
  2000  1.0    2  (7, 114, True)
  2000  1.0    3  (9, 114, True)
  2000  1.0    4  (9, 82, True)
  4000  1.0    0  (9, 185, True)
  4000  1.0    1  (10, 218, True)
  4000  1.0    2  (9, 218, True)
  4000  1.0    3  (9, 185, True)
  4000  1.0    4  (6, 185, True)
  7000  1.0    0  (9, 354, True)
  7000  1.0    1  (6, 354, True)
  7000  1.0    2  (10, 354, True)
  7000  1.0    3  (9, 354, True)
  7000  1.0    4  (12, 354, True)
 10000  1.0    0  (9, 574, True)
 10000  1.0    1  (7, 574, True)
 10000  1.0    2  (12, 574, True)
 10000  1.0    3  (14, 574, True)
 10000  1.0    4  (9, 489, True)
  2000  2.0    0  (10, 489, True)
  2000  2.0    1  (10, 416, True)
  2000  2.0    2  (12, 416, True)
  2000  2.0    3  (12, 354, True)
  2000  2.0    4  (12, 416, True)
  1000  2.0    0  (9, 185, True)
  1000  2.0    1  (10, 218, True)
  1000  2.0    2  (9, 218, True)
  1000  2.0    3  (9, 185, True)
  1000  2.0    4  (6, 185, True)

per-config medians: rho L n_lo n_hi ratio
  1000  1.0    5.0    60.0   12.0
  2000  1.0    9.0   114.0   12.7
  4000  1.0    9.0   185.0   20.6
  7000  1.0    9.0   354.0   39.3
 10000  1.0    9.0   574.0   63.8
  2000  2.0   12.0   416.0   34.7
  1000  2.0    9.0   185.0   20.6
fit log n_lo = 0.16 + (0.24±0.05) log rho + (0.58±0.14) log L   (closed windows, n=35)
fit log n_hi = -2.59 + (0.96±0.03) log rho + (1.86±0.07) log L   (closed windows, n=35)
