[    0.0s] QUANTUM 2D pi/4 law: 1200 paths to n=28
Solve 1: Forcing phase 2 since near primal feasible with unperturbed costs
num / max / sum primal infeasiblitiles
1 /   0.0003069 /   0.0003069 (  perturbed bounds)
1 /   0.0003069 /   0.0003069 (unperturbed bounds)
Solve 1: Forcing phase 2 since near primal feasible with unperturbed costs
num / max / sum primal infeasiblitiles
1 /   0.0002374 /   0.0002374 (  perturbed bounds)
1 /   0.0002376 /   0.0002376 (unperturbed bounds)
Solve 1: Forcing phase 2 since near primal feasible with unperturbed costs
num / max / sum primal infeasiblitiles
1 /   8.696e-05 /   8.696e-05 (  perturbed bounds)
1 /     8.7e-05 /     8.7e-05 (unperturbed bounds)
Solve 1: Forcing phase 2 since near primal feasible with unperturbed costs
num / max / sum primal infeasiblitiles
1 /   9.758e-05 /   9.758e-05 (  perturbed bounds)
1 /   9.777e-05 /   9.777e-05 (unperturbed bounds)
Solve 1: Forcing phase 2 since near primal feasible with unperturbed costs
num / max / sum primal infeasiblitiles
1 /   0.0002007 /   0.0002007 (  perturbed bounds)
1 /   0.0002009 /   0.0002009 (unperturbed bounds)
Solve 1: Forcing phase 2 since near primal feasible with unperturbed costs
num / max / sum primal infeasiblitiles
1 /   0.0002984 /   0.0002984 (  perturbed bounds)
1 /   0.0002986 /   0.0002986 (unperturbed bounds)
Solve 1: Forcing phase 2 since near primal feasible with unperturbed costs
num / max / sum primal infeasiblitiles
1 /   0.0002064 /   0.0002064 (  perturbed bounds)
1 /   0.0002065 /   0.0002065 (unperturbed bounds)
Solve 1: Forcing phase 2 since near primal feasible with unperturbed costs
num / max / sum primal infeasiblitiles
1 /   0.0002027 /   0.0002027 (  perturbed bounds)
1 /   0.0002027 /   0.0002027 (unperturbed bounds)
Solve 1: Forcing phase 2 since near primal feasible with unperturbed costs
num / max / sum primal infeasiblitiles
1 /   0.0001062 /   0.0001062 (  perturbed bounds)
1 /   0.0001062 /   0.0001062 (unperturbed bounds)
Solve 1: Forcing phase 2 since near primal feasible with unperturbed costs
num / max / sum primal infeasiblitiles
1 /   0.0003069 /   0.0003069 (  perturbed bounds)
1 /   0.0003069 /   0.0003069 (unperturbed bounds)
Solve 1: Forcing phase 2 since near primal feasible with unperturbed costs
num / max / sum primal infeasiblitiles
1 /   0.0003067 /   0.0003067 (  perturbed bounds)
1 /   0.0003069 /   0.0003069 (unperturbed bounds)
Solve 1: Forcing phase 2 since near primal feasible with unperturbed costs
num / max / sum primal infeasiblitiles
1 /   7.708e-05 /   7.708e-05 (  perturbed bounds)
1 /   7.726e-05 /   7.726e-05 (unperturbed bounds)
Solve 1: Forcing phase 2 since near primal feasible with unperturbed costs
num / max / sum primal infeasiblitiles
1 /   6.678e-05 /   6.678e-05 (  perturbed bounds)
1 /   6.696e-05 /   6.696e-05 (unperturbed bounds)
Solve 1: Forcing phase 2 since near primal feasible with unperturbed costs
num / max / sum primal infeasiblitiles
1 /   6.331e-05 /   6.331e-05 (  perturbed bounds)
1 /    6.35e-05 /    6.35e-05 (unperturbed bounds)
Solve 1: Forcing phase 2 since near primal feasible with unperturbed costs
num / max / sum primal infeasiblitiles
1 /   0.0002387 /   0.0002387 (  perturbed bounds)
1 /   0.0002389 /   0.0002389 (unperturbed bounds)
Solve 1: Forcing phase 2 since near primal feasible with unperturbed costs
num / max / sum primal infeasiblitiles
1 /   6.519e-05 /   6.519e-05 (  perturbed bounds)
1 /   6.538e-05 /   6.538e-05 (unperturbed bounds)
Solve 1: Forcing phase 2 since near primal feasible with unperturbed costs
num / max / sum primal infeasiblitiles
1 /   0.0003025 /   0.0003025 (  perturbed bounds)
1 /   0.0003027 /   0.0003027 (unperturbed bounds)
Solve 1: Forcing phase 2 since near primal feasible with unperturbed costs
num / max / sum primal infeasiblitiles
1 /   0.0002509 /   0.0002509 (  perturbed bounds)
1 /   0.0002511 /   0.0002511 (unperturbed bounds)
Solve 1: Forcing phase 2 since near primal feasible with unperturbed costs
num / max / sum primal infeasiblitiles
1 /   0.0002349 /   0.0002349 (  perturbed bounds)
1 /   0.0002351 /   0.0002351 (unperturbed [  120.0s]   [Q] 481/1200
bounds)
Solve 1: Forcing phase 2 since near primal feasible with unperturbed costs
num / max / sum primal infeasiblitiles
1 /   0.0002312 /   0.0002312 (  perturbed bounds)
1 /   0.0002314 /   0.0002314 (unperturbed bounds)
Solve 1: Forcing phase 2 since near primal feasible with unperturbed costs
num / max / sum primal infeasiblitiles
1 /   0.0001725 /   0.0001725 (  perturbed bounds)
1 /   0.0001726 /   0.0001726 (unperturbed bounds)
Solve 1: Forcing phase 2 since near primal feasible with unperturbed costs
num / max / sum primal infeasiblitiles
1 /   0.0002065 /   0.0002065 (  perturbed bounds)
1 /   0.0002065 /   0.0002065 (unperturbed bounds)
Solve 1: Forcing phase 2 since near primal feasible with unperturbed costs
num / max / sum primal infeasiblitiles
1 /   0.0001099 /   0.0001099 (  perturbed bounds)
1 /   0.0001099 /   0.0001099 (unperturbed bounds)
Solve 1: Forcing phase 2 since near primal feasible with unperturbed costs
num / max / sum primal infeasiblitiles
1 /   0.0001973 /   0.0001973 (  perturbed bounds)
1 /   0.0001973 /   0.0001973 (unperturbed bounds)
Solve 1: Forcing phase 2 since near primal feasible with unperturbed costs
num / max / sum primal infeasiblitiles
1 /   0.0001481 /   0.0001481 (  perturbed bounds)
1 /   0.0001483 /   0.0001483 (unperturbed bounds)
Solve 1: Forcing phase 2 since near primal feasible with unperturbed costs
num / max / sum primal infeasiblitiles
1 /   0.0001415 /   0.0001415 (  perturbed bounds)
1 /   0.0001416 /   0.0001416 (unperturbed bounds)
Solve 1: Forcing phase 2 since near primal feasible with unperturbed costs
num / max / sum primal infeasiblitiles
1 /   0.0001453 /   0.0001453 (  perturbed bounds)
1 /   0.0001454 /   0.0001454 (unperturbed bounds)
Solve 1: Forcing phase 2 since near primal feasible with unperturbed costs
num / max / sum primal infeasiblitiles
1 /   0.0002044 /   0.0002044 (  perturbed bounds)
1 /   0.0002046 /   0.0002046 (unperturbed bounds)
Solve 1: Forcing phase 2 since near primal feasible with unperturbed costs
num / max / sum primal infeasiblitiles
1 /   0.0001578 /   0.0001578 (  perturbed bounds)
1 /   0.0001578 /   0.0001578 (unperturbed bounds)
Solve 1: Forcing phase 2 since near primal feasible with unperturbed costs
num / max / sum primal infeasiblitiles
1 /   0.0001046 /   0.0001046 (  perturbed bounds)
1 /   0.0001047 /   0.0001047 (unperturbed bounds)
Solve 1: Forcing phase 2 since near primal feasible with unperturbed costs
num / max / sum primal infeasiblitiles
1 /   0.0001971 /   0.0001971 (  perturbed bounds)
1 /   0.0001973 /   0.0001973 (unperturbed bounds)
Solve 1: Forcing phase 2 since near primal feasible with unperturbed costs
num / max / sum primal infeasiblitiles
1 /   0.0002906 /   0.0002906 (  perturbed bounds)
1 /   0.0002908 /   0.0002908 (unperturbed bounds)
Solve 1: Forcing phase 2 since near primal feasible with unperturbed costs
num / max / sum primal infeasiblitiles
1 /   0.0001491 /   0.0001491 (  perturbed bounds)
1 /   0.0001493 /   0.0001493 (unperturbed bounds)
Solve 1: Forcing phase 2 since near primal feasible with unperturbed costs
num / max / sum primal infeasiblitiles
1 /   0.0002743 /   0.0002743 (  perturbed bounds)
1 /   0.0002745 /   0.0002745 (unperturbed bounds)
Solve 1: Forcing phase 2 since near primal feasible with unperturbed costs
num / max / sum primal infeasiblitiles
1 /   0.0002728 /   0.0002728 (  perturbed bounds)
1 /   0.0002728 /   0.0002728 (unperturbed bounds)
Solve 1: Forcing phase 2 since near primal feasible with unperturbed costs
num / max / sum primal infeasiblitiles
1 /   0.0001193 /   0.0001193 (  perturbed bounds)
1 /   0.0001194 /   0.0001194 (unperturbed bounds)
Solve 1: Forcing phase 2 since near primal feasible with unperturbed costs
num / max / sum primal infeasiblitiles
1 /   0.0002301 /   0.0002301 (  perturbed bounds)
1 /   0.0002302 /   0.0002302 (unperturbed bounds)
Solve 1: Forcing phase 2 since near primal feasible with unperturbed costs
num / max / sum primal infeasiblitiles
1 /   0.0001623 /   0.0001623 (  perturbed bounds)
1 /   0.0001625 /   0.0001625 (unpe[  240.5s]   [Q] 849/1200
rturbed bounds)
Solve 1: Forcing phase 2 since near primal feasible with unperturbed costs
num / max / sum primal infeasiblitiles
1 /    0.000276 /    0.000276 (  perturbed bounds)
1 /   0.0002762 /   0.0002762 (unperturbed bounds)
Solve 1: Forcing phase 2 since near primal feasible with unperturbed costs
num / max / sum primal infeasiblitiles
1 /   0.0001724 /   0.0001724 (  perturbed bounds)
1 /   0.0001726 /   0.0001726 (unperturbed bounds)
Solve 1: Forcing phase 2 since near primal feasible with unperturbed costs
num / max / sum primal infeasiblitiles
1 /   0.0002243 /   0.0002243 (  perturbed bounds)
1 /   0.0002243 /   0.0002243 (unperturbed bounds)
Solve 1: Forcing phase 2 since near primal feasible with unperturbed costs
num / max / sum primal infeasiblitiles
1 /   0.0002966 /   0.0002966 (  perturbed bounds)
1 /   0.0002966 /   0.0002966 (unperturbed bounds)
Solve 1: Forcing phase 2 since near primal feasible with unperturbed costs
num / max / sum primal infeasiblitiles
1 /   0.0001809 /   0.0001809 (  perturbed bounds)
1 /   0.0001811 /   0.0001811 (unperturbed bounds)
Solve 1: Forcing phase 2 since near primal feasible with unperturbed costs
num / max / sum primal infeasiblitiles
1 /   5.736e-05 /   5.736e-05 (  perturbed bounds)
1 /   5.754e-05 /   5.754e-05 (unperturbed bounds)
Solve 1: Forcing phase 2 since near primal feasible with unperturbed costs
num / max / sum primal infeasiblitiles
1 /   0.0001841 /   0.0001841 (  perturbed bounds)
1 /   0.0001841 /   0.0001841 (unperturbed bounds)
Solve 1: Forcing phase 2 since near primal feasible with unperturbed costs
num / max / sum primal infeasiblitiles
1 /   0.0002509 /   0.0002509 (  perturbed bounds)
1 /   0.0002511 /   0.0002511 (unperturbed bounds)
Solve 1: Forcing phase 2 since near primal feasible with unperturbed costs
num / max / sum primal infeasiblitiles
1 /    0.000263 /    0.000263 (  perturbed bounds)
1 /   0.0002631 /   0.0002631 (unperturbed bounds)
Solve 1: Forcing phase 2 since near primal feasible with unperturbed costs
num / max / sum primal infeasiblitiles
1 /   0.0002869 /   0.0002869 (  perturbed bounds)
1 /    0.000287 /    0.000287 (unperturbed bounds)
Solve 1: Forcing phase 2 since near primal feasible with unperturbed costs
num / max / sum primal infeasiblitiles
1 /   0.0001533 /   0.0001533 (  perturbed bounds)
1 /   0.0001535 /   0.0001535 (unperturbed bounds)
Solve 1: Forcing phase 2 since near primal feasible with unperturbed costs
num / max / sum primal infeasiblitiles
1 /   0.0001674 /   0.0001674 (  perturbed bounds)
1 /   0.0001674 /   0.0001674 (unperturbed bounds)
Solve 1: Forcing phase 2 since near primal feasible with unperturbed costs
num / max / sum primal infeasiblitiles
1 /   7.155e-05 /   7.155e-05 (  perturbed bounds)
1 /   7.174e-05 /   7.174e-05 (unperturbed bounds)
Solve 1: Forcing phase 2 since near primal feasible with unperturbed costs
num / max / sum primal infeasiblitiles
1 /   2.042e-05 /   2.042e-05 (  perturbed bounds)
1 /   2.061e-05 /   2.061e-05 (unperturbed bounds)
Solve 1: Forcing phase 2 since near primal feasible with unperturbed costs
num / max / sum primal infeasiblitiles
1 /    0.000178 /    0.000178 (  perturbed bounds)
1 /   0.0001782 /   0.0001782 (unperturbed bounds)
Solve 1: Forcing phase 2 since near primal feasible with unperturbed costs
num / max / sum primal infeasiblitiles
1 /   0.0001493 /   0.0001493 (  perturbed bounds)
1 /   0.0001493 /   0.0001493 (unperturbed bounds)
Solve 1: Forcing phase 2 since near primal feasible with unperturbed costs
num / max / sum primal infeasiblitiles
1 /    8.48e-05 /    8.48e-05 (  perturbed bounds)
1 /   8.499e-05 /   8.499e-05 (unperturbed bounds)
Solve 1: Forcing phase 2 since near primal feasible with unperturbed costs
num / max / sum primal infeasiblitiles
1 /   0.0002123 /   0.0002123 (  perturbed bounds)
1 /   0.0002125 /   0.0002125 (unperturbed bounds)
Solve 1: Forcing phase 2 since near primal feasible with unperturbed costs
num / max / sum primal infeasiblitiles
1 /   0.0002428 /   0.0002428 (  perturbed bounds)
1 /   0.0002428 /   0.00024[  315.2s] CLASSICAL uniform: 300 paths
[  317.0s] == (6) Tracy-Widom test: height distribution at n=28 ==
[  317.0s]   N=1200  mean=6.910  sd=0.876  skew=+0.2573 (SE 0.071)  ex-kurt=+0.043
[  317.0s]   TW-GUE: skew 0.2241, ex-kurt 0.0934;  Gaussian: 0, 0
[  317.0s]   z(skew vs TW) = +0.47   z(skew vs 0) = +3.64
[  317.0s]   classical baseline: N=300 mean=7.440 skew=+0.6480 (SE 0.141)
[  317.0s] == (1) ideal-count entropy S/n = ln(#ideals)/n ==
[  317.0s]    n    quantum        classical
[  317.0s]     6  0.5173+-0.0546   0.4663+-0.0473
[  317.0s]     8  0.4597+-0.0461   0.4254+-0.0379
[  317.0s]    10  0.4167+-0.0382   0.3959+-0.0340
[  317.0s]    12  0.3831+-0.0312   0.3734+-0.0278
[  317.0s]    14  0.3569+-0.0264   0.3510+-0.0266
[  317.0s]    16  0.3371+-0.0239   0.3332+-0.0227
[  317.0s]    18  0.3206+-0.0223   0.3179+-0.0204
[  317.0s]    20  0.3069+-0.0210   0.3060+-0.0205
[  317.0s]    22  0.2950+-0.0202   0.2944+-0.0197
[  317.0s]    24  0.2844+-0.0189   0.2860+-0.0193
[  317.0s]    26  0.2746+-0.0177   0.2765+-0.0179
[  317.0s]    28  0.2658+-0.0171   0.2697+-0.0165
[  317.0s] d=2 sprinkling ideal counts (200 samples)
[  317.0s]   n=28: sprinkling S/n = 0.2799+-0.0232  (200 ok)
[  317.0s] DONE
28 (unperturbed bounds)
Solve 1: Forcing phase 2 since near primal feasible with unperturbed costs
num / max / sum primal infeasiblitiles
1 /   0.0002986 /   0.0002986 (  perturbed bounds)
1 /   0.0002986 /   0.0002986 (unperturbed bounds)
Solve 1: Forcing phase 2 since near primal feasible with unperturbed costs
num / max / sum primal infeasiblitiles
1 /     0.00023 /     0.00023 (  perturbed bounds)
1 /   0.0002302 /   0.0002302 (unperturbed bounds)
Solve 1: Forcing phase 2 since near primal feasible with unperturbed costs
num / max / sum primal infeasiblitiles
1 /   0.0001872 /   0.0001872 (  perturbed bounds)
1 /   0.0001873 /   0.0001873 (unperturbed bounds)
Solve 1: Forcing phase 2 since near primal feasible with unperturbed costs
num / max / sum primal infeasiblitiles
1 /   4.367e-05 /   4.367e-05 (  perturbed bounds)
1 /   4.384e-05 /   4.384e-05 (unperturbed bounds)
Solve 1: Forcing phase 2 since near primal feasible with unperturbed costs
num / max / sum primal infeasiblitiles
1 /   0.0001973 /   0.0001973 (  perturbed bounds)
1 /   0.0001973 /   0.0001973 (unperturbed bounds)
Solve 1: Forcing phase 2 since near primal feasible with unperturbed costs
num / max / sum primal infeasiblitiles
1 /   0.0001503 /   0.0001503 (  perturbed bounds)
1 /   0.0001503 /   0.0001503 (unperturbed bounds)
Solve 1: Forcing phase 2 since near primal feasible with unperturbed costs
num / max / sum primal infeasiblitiles
1 /   0.0002629 /   0.0002629 (  perturbed bounds)
1 /   0.0002631 /   0.0002631 (unperturbed bounds)
Solve 1: Forcing phase 2 since near primal feasible with unperturbed costs
num / max / sum primal infeasiblitiles
1 /   0.0001971 /   0.0001971 (  perturbed bounds)
1 /   0.0001973 /   0.0001973 (unperturbed bounds)
Solve 1: Forcing phase 2 since near primal feasible with unperturbed costs
num / max / sum primal infeasiblitiles
1 /   1.531e-05 /   1.531e-05 (  perturbed bounds)
1 /   1.535e-05 /   1.535e-05 (unperturbed bounds)
