[  103.3s]   1/40 paths (kills 0); ideal count at deepest logged n: 153581 median
Solve 1: Forcing phase 2 since near primal feasible with unperturbed costs
num / max / sum primal infeasiblitiles
1 /   0.0002326 /   0.0002326 (  perturbed bounds)
1 /   0.0002328 /   0.0002328 (unperturbed bounds)
Solve 1: Forcing phase 2 since near primal feasible with unperturbed costs
num / max / sum primal infeasiblitiles
1 /   0.0001226 /   0.0001226 (  perturbed bounds)
1 /   0.0001225 /   0.0001225 (unperturbed bounds)
Solve 1: Forcing phase 2 since near primal feasible with unperturbed costs
num / max / sum primal infeasiblitiles
1 /   5.413e-05 /   5.413e-05 (  perturbed bounds)
1 /   5.392e-05 /   5.392e-05 (unperturbed bounds)
Solve 1: Forcing phase 2 since near primal feasible with unperturbed costs
num / max / sum primal infeasiblitiles
1 /   0.0001046 /   0.0001046 (  perturbed bounds)
1 /   0.0001042 /   0.0001042 (unperturbed bounds)
Solve 1: Forcing phase 2 since near primal feasible with unperturbed costs
num / max / sum primal infeasiblitiles
1 /   0.0001135 /   0.0001135 (  perturbed bounds)
1 /   0.0001134 /   0.0001134 (unperturbed bounds)
Solve 1: Forcing phase 2 since near primal feasible with unperturbed costs
num / max / sum primal infeasiblitiles
1 /   0.0002268 /   0.0002268 (  perturbed bounds)
1 /   0.0002271 /   0.0002271 (unperturbed bounds)
Solve 1: Forcing phase 2 since near primal feasible with unperturbed costs
num / max / sum primal infeasiblitiles
1 /   0.0002121 /   0.0002121 (  perturbed bounds)
1 /   0.0002125 /   0.0002125 (unperturbed bounds)
Solve 1: Forcing phase 2 since near primal feasible with unperturbed costs
num / max / sum primal infeasiblitiles
1 /   0.0002517 /   0.0002517 (  perturbed bounds)
1 /   0.0002521 /   0.0002521 (unperturbed bounds)
Solve 1: Forcing phase 2 since near primal feasible with unperturbed costs
num / max / sum primal infeasiblitiles
1 /   0.0002389 /   0.0002389 (  perturbed bounds)
1 /   0.0002396 /   0.0002396 (unperturbed bounds)
Solve 1: Forcing phase 2 since near primal feasible with unperturbed costs
num / max / sum primal infeasiblitiles
1 /   0.0001331 /   0.0001331 (  perturbed bounds)
1 /   0.0001348 /   0.0001348 (unperturbed bounds)
Solve 1: Forcing phase 2 since near primal feasible with unperturbed costs
num / max / sum primal infeasiblitiles
1 /   0.0001228 /   0.0001228 (  perturbed bounds)
1 /   0.0001231 /   0.0001231 (unperturbed bounds)
Solve 1: Forcing phase 2 since near primal feasible with unperturbed costs
num / max / sum primal infeasiblitiles
2 /   0.0001993 /   0.0003418 (  perturbed bounds)
2 /   0.0001994 /    0.000342 (unperturbed bounds)
Solve 1: Forcing phase 2 since near primal feasible with unperturbed costs
num / max / sum primal infeasiblitiles
1 /   0.0001754 /   0.0001754 (  perturbed bounds)
1 /   0.0001754 /   0.0001754 (unperturbed bounds)
Solve 1: Forcing phase 2 since near primal feasible with unperturbed costs
num / max / sum primal infeasiblitiles
2 /   0.0001158 /   0.0001416 (  perturbed bounds)
2 /   0.0001159 /    0.000142 (unperturbed bounds)
Solve 1: Forcing phase 2 since near primal feasible with unperturbed costs
num / max / sum primal infeasiblitiles
1 /   0.0001721 /   0.0001721 (  perturbed bounds)
1 /   0.0001723 /   0.0001723 (unperturbed bounds)
Solve 1: Forcing phase 2 since near primal feasible with unperturbed costs
num / max / sum primal infeasiblitiles
1 /   0.0002389 /   0.0002389 (  perturbed bounds)
1 /   0.0002391 /   0.0002391 (unperturbed bounds)
Solve 1: Forcing phase 2 since near primal feasible with unperturbed costs
num / max / sum primal infeasiblitiles
1 /   0.0002787 /   0.0002787 (  perturbed bounds)
1 /   0.0002824 /   0.0002824 (unperturbed bounds)
Solve 1: Forcing phase 2 since near primal feasible with unperturbed costs
num / max / sum primal infeasiblitiles
1 /    0.000221 /    0.000221 (  perturbed bounds)
1 /   0.0002199 /   0.0002199 (unperturbed bounds)
Solve 1: Forcing phase 2 since near primal feasible with unperturbed costs
num / max / sum primal infeasiblitiles
1 /   8.859e-05 /   8.859e-05 (  perturbed bounds)
1 /   8.877e-05 /   8.877e-05 (unperturbed [  180.2s]   2/40 paths (kills 0); ideal count at deepest logged n: 106321 median
[  285.7s]   3/40 paths (kills 0); ideal count at deepest logged n: 124053 median
bounds)
Solve 1: Forcing phase 2 since near primal feasible with unperturbed costs
num / max / sum primal infeasiblitiles
1 /   0.0001761 /   0.0001761 (  perturbed bounds)
1 /   0.0001762 /   0.0001762 (unperturbed bounds)
Solve 1: Forcing phase 2 since near primal feasible with unperturbed costs
num / max / sum primal infeasiblitiles
1 /   0.0001655 /   0.0001655 (  perturbed bounds)
1 /   0.0001656 /   0.0001656 (unperturbed bounds)
Solve 1: Forcing phase 2 since near primal feasible with unperturbed costs
num / max / sum primal infeasiblitiles
1 /   0.0002086 /   0.0002086 (  perturbed bounds)
1 /   0.0002087 /   0.0002087 (unperturbed bounds)
Solve 1: Forcing phase 2 since near primal feasible with unperturbed costs
num / max / sum primal infeasiblitiles
1 /   0.0001709 /   0.0001709 (  perturbed bounds)
1 /   0.0001682 /   0.0001682 (unperturbed bounds)
Solve 1: Forcing phase 2 since near primal feasible with unperturbed costs
num / max / sum primal infeasiblitiles
1 /    0.000115 /    0.000115 (  perturbed bounds)
1 /    0.000115 /    0.000115 (unperturbed bounds)
Solve 1: Forcing phase 2 since near primal feasible with unperturbed costs
num / max / sum primal infeasiblitiles
1 /    8.43e-05 /    8.43e-05 (  perturbed bounds)
1 /   8.534e-05 /   8.534e-05 (unperturbed bounds)
Solve 1: Forcing phase 2 since near primal feasible with unperturbed costs
num / max / sum primal infeasiblitiles
1 /   0.0002789 /   0.0002789 (  perturbed bounds)
1 /   0.0002791 /   0.0002791 (unperturbed bounds)
Solve 1: Forcing phase 2 since near primal feasible with unperturbed costs
num / max / sum primal infeasiblitiles
1 /   0.0001208 /   0.0001208 (  perturbed bounds)
1 /   0.0001205 /   0.0001205 (unperturbed bounds)
Solve 1: Forcing phase 2 since near primal feasible with unperturbed costs
num / max / sum primal infeasiblitiles
1 /   2.204e-05 /   2.204e-05 (  perturbed bounds)
1 /   2.222e-05 /   2.222e-05 (unperturbed bounds)
Solve 1: Forcing phase 2 since near primal feasible with unperturbed costs
num / max / sum primal infeasiblitiles
1 /    0.000186 /    0.000186 (  perturbed bounds)
1 /   0.0001859 /   0.0001859 (unperturbed bounds)
Solve 1: Forcing phase 2 since near primal feasible with unperturbed costs
num / max / sum primal infeasiblitiles
1 /   0.0003091 /   0.0003091 (  perturbed bounds)
1 /   0.0003085 /   0.0003085 (unperturbed bounds)
Solve 1: Forcing phase 2 since near primal feasible with unperturbed costs
num / max / sum primal infeasiblitiles
1 /   6.088e-05 /   6.088e-05 (  perturbed bounds)
1 /   6.028e-05 /   6.028e-05 (unperturbed bounds)
Solve 1: Forcing phase 2 since near primal feasible with unperturbed costs
num / max / sum primal infeasiblitiles
1 /   0.0002493 /   0.0002493 (  perturbed bounds)
1 /   0.0002497 /   0.0002497 (unperturbed bounds)
Solve 1: Forcing phase 2 since near primal feasible with unperturbed costs
num / max / sum primal infeasiblitiles
1 /   0.0001333 /   0.0001333 (  perturbed bounds)
1 /   0.0001335 /   0.0001335 (unperturbed bounds)
Solve 1: Forcing phase 2 since near primal feasible with unperturbed costs
num / max / sum primal infeasiblitiles
1 /   4.942e-06 /   4.942e-06 (  perturbed bounds)
1 /   5.082e-06 /   5.082e-06 (unperturbed bounds)
Solve 1: Forcing phase 2 since near primal feasible with unperturbed costs
num / max / sum primal infeasiblitiles
1 /   0.0002729 /   0.0002729 (  perturbed bounds)
1 /   0.0002732 /   0.0002732 (unperturbed bounds)
Solve 1: Forcing phase 2 since near primal feasible with unperturbed costs
num / max / sum primal infeasiblitiles
1 /   6.969e-05 /   6.969e-05 (  perturbed bounds)
1 /   6.915e-05 /   6.915e-05 (unperturbed bounds)
Solve 1: Forcing phase 2 since near primal feasible with unperturbed costs
num / max / sum primal infeasiblitiles
1 /    0.000127 /    0.000127 (  perturbed bounds)
1 /   0.0001279 /   0.0001279 (unperturbed bounds)
Solve 1: Forcing phase 2 since near primal feasible with unperturbed costs
num / max / sum primal infeasiblitiles
1 /   0.0002253 /   0.0002253 (  perturbed bounds)
1 /   0.0002253 /   0.0002253 (unpe[  356.1s]   4/40 paths (kills 0); ideal count at deepest logged n: 96372 median
rturbed bounds)
Solve 1: Forcing phase 2 since near primal feasible with unperturbed costs
num / max / sum primal infeasiblitiles
1 /    0.000164 /    0.000164 (  perturbed bounds)
1 /   0.0001654 /   0.0001654 (unperturbed bounds)
Solve 1: Forcing phase 2 since near primal feasible with unperturbed costs
num / max / sum primal infeasiblitiles
1 /   0.0001303 /   0.0001303 (  perturbed bounds)
1 /   0.0001306 /   0.0001306 (unperturbed bounds)
Solve 1: Forcing phase 2 since near primal feasible with unperturbed costs
num / max / sum primal infeasiblitiles
1 /   0.0002529 /   0.0002529 (  perturbed bounds)
1 /   0.0002533 /   0.0002533 (unperturbed bounds)
Solve 1: Forcing phase 2 since near primal feasible with unperturbed costs
num / max / sum primal infeasiblitiles
1 /   0.0001125 /   0.0001125 (  perturbed bounds)
1 /   0.0001126 /   0.0001126 (unperturbed bounds)
Solve 1: Forcing phase 2 since near primal feasible with unperturbed costs
num / max / sum primal infeasiblitiles
1 /   0.0002323 /   0.0002323 (  perturbed bounds)
1 /   0.0002331 /   0.0002331 (unperturbed bounds)
Solve 1: Forcing phase 2 since near primal feasible with unperturbed costs
num / max / sum primal infeasiblitiles
2 /   0.0001795 /   0.0002475 (  perturbed bounds)
2 /   0.0001797 /    0.000248 (unperturbed bounds)
Solve 1: Forcing phase 2 since near primal feasible with unperturbed costs
num / max / sum primal infeasiblitiles
1 /   0.0002945 /   0.0002945 (  perturbed bounds)
1 /   0.0002939 /   0.0002939 (unperturbed bounds)
Solve 1: Forcing phase 2 since near primal feasible with unperturbed costs
num / max / sum primal infeasiblitiles
1 /   0.0001793 /   0.0001793 (  perturbed bounds)
1 /   0.0001789 /   0.0001789 (unperturbed bounds)
Solve 1: Forcing phase 2 since near primal feasible with unperturbed costs
num / max / sum primal infeasiblitiles
1 /   0.0002109 /   0.0002109 (  perturbed bounds)
1 /   0.0002067 /   0.0002067 (unperturbed bounds)
Solve 1: Forcing phase 2 since near primal feasible with unperturbed costs
num / max / sum primal infeasiblitiles
1 /   2.718e-06 /   2.718e-06 (  perturbed bounds)
1 /   3.196e-06 /   3.196e-06 (unperturbed bounds)
Solve 1: Forcing phase 2 since near primal feasible with unperturbed costs
num / max / sum primal infeasiblitiles
1 /   1.723e-05 /   1.723e-05 (  perturbed bounds)
1 /   1.765e-05 /   1.765e-05 (unperturbed bounds)
Solve 1: Forcing phase 2 since near primal feasible with unperturbed costs
num / max / sum primal infeasiblitiles
2 /   0.0001343 /   0.0001537 (  perturbed bounds)
2 /   0.0001368 /   0.0001565 (unperturbed bounds)
Solve 1: Forcing phase 2 since near primal feasible with unperturbed costs
num / max / sum primal infeasiblitiles
1 /   0.0001485 /   0.0001485 (  perturbed bounds)
1 /   0.0001481 /   0.0001481 (unperturbed bounds)
Solve 1: Forcing phase 2 since near primal feasible with unperturbed costs
num / max / sum primal infeasiblitiles
2 /    0.000213 /   0.0002688 (  perturbed bounds)
2 /   0.0002141 /    0.000271 (unperturbed bounds)
Solve 1: Forcing phase 2 since near primal feasible with unperturbed costs
num / max / sum primal infeasiblitiles
1 /     0.00011 /     0.00011 (  perturbed bounds)
1 /   0.0001103 /   0.0001103 (unperturbed bounds)
Solve 1: Forcing phase 2 since near primal feasible with unperturbed costs
num / max / sum primal infeasiblitiles
1 /   0.0002521 /   0.0002521 (  perturbed bounds)
1 /   0.0002534 /   0.0002534 (unperturbed bounds)
Solve 1: Forcing phase 2 since near primal feasible with unperturbed costs
num / max / sum primal infeasiblitiles
1 /   6.328e-05 /   6.328e-05 (  perturbed bounds)
1 /   6.324e-05 /   6.324e-05 (unperturbed bounds)
Solve 1: Forcing phase 2 since near primal feasible with unperturbed costs
num / max / sum primal infeasiblitiles
1 /   3.376e-05 /   3.376e-05 (  perturbed bounds)
1 /   3.467e-05 /   3.467e-05 (unperturbed bounds)
Solve 1: Forcing phase 2 since near primal feasible with unperturbed costs
num / max / sum primal infeasiblitiles
1 /   4.934e-05 /   4.934e-05 (  perturbed bounds)
1 /   4.915e-05 /   4.915e-[  492.2s]   5/40 paths (kills 0); ideal count at deepest logged n: 124053 median
05 (unperturbed bounds)
Solve 1: Forcing phase 2 since near primal feasible with unperturbed costs
num / max / sum primal infeasiblitiles
2 /   0.0001435 /   0.0002826 (  perturbed bounds)
2 /   0.0001433 /   0.0002821 (unperturbed bounds)
Solve 1: Forcing phase 2 since near primal feasible with unperturbed costs
num / max / sum primal infeasiblitiles
1 /   1.574e-05 /   1.574e-05 (  perturbed bounds)
1 /   1.605e-05 /   1.605e-05 (unperturbed bounds)
Solve 1: Forcing phase 2 since near primal feasible with unperturbed costs
num / max / sum primal infeasiblitiles
1 /   0.0001922 /   0.0001922 (  perturbed bounds)
1 /   0.0001915 /   0.0001915 (unperturbed bounds)
Solve 1: Forcing phase 2 since near primal feasible with unperturbed costs
num / max / sum primal infeasiblitiles
1 /   0.0001442 /   0.0001442 (  perturbed bounds)
1 /   0.0001443 /   0.0001443 (unperturbed bounds)
Solve 1: Forcing phase 2 since near primal feasible with unperturbed costs
num / max / sum primal infeasiblitiles
2 /   0.0001728 /   0.0002773 (  perturbed bounds)
2 /   0.0001727 /   0.0002779 (unperturbed bounds)
Solve 1: Forcing phase 2 since near primal feasible with unperturbed costs
num / max / sum primal infeasiblitiles
1 /   8.982e-05 /   8.982e-05 (  perturbed bounds)
1 /   9.001e-05 /   9.001e-05 (unperturbed bounds)
Solve 1: Forcing phase 2 since near primal feasible with unperturbed costs
num / max / sum primal infeasiblitiles
1 /   0.0001122 /   0.0001122 (  perturbed bounds)
1 /   0.0001124 /   0.0001124 (unperturbed bounds)
Solve 1: Forcing phase 2 since near primal feasible with unperturbed costs
num / max / sum primal infeasiblitiles
1 /   0.0002824 /   0.0002824 (  perturbed bounds)
1 /   0.0002823 /   0.0002823 (unperturbed bounds)
Solve 1: Forcing phase 2 since near primal feasible with unperturbed costs
num / max / sum primal infeasiblitiles
1 /   0.0001556 /   0.0001556 (  perturbed bounds)
1 /   0.0001561 /   0.0001561 (unperturbed bounds)
Solve 1: Forcing phase 2 since near primal feasible with unperturbed costs
num / max / sum primal infeasiblitiles
1 /   0.0002213 /   0.0002213 (  perturbed bounds)
1 /   0.0002216 /   0.0002216 (unperturbed bounds)
Solve 1: Forcing phase 2 since near primal feasible with unperturbed costs
num / max / sum primal infeasiblitiles
1 /   9.786e-05 /   9.786e-05 (  perturbed bounds)
1 /   9.722e-05 /   9.722e-05 (unperturbed bounds)
Solve 1: Forcing phase 2 since near primal feasible with unperturbed costs
num / max / sum primal infeasiblitiles
1 /   0.0003082 /   0.0003082 (  perturbed bounds)
1 /   0.0003085 /   0.0003085 (unperturbed bounds)
Solve 1: Forcing phase 2 since near primal feasible with unperturbed costs
num / max / sum primal infeasiblitiles
1 /    5.36e-05 /    5.36e-05 (  perturbed bounds)
1 /   5.418e-05 /   5.418e-05 (unperturbed bounds)
Solve 1: Forcing phase 2 since near primal feasible with unperturbed costs
num / max / sum primal infeasiblitiles
1 /   0.0001161 /   0.0001161 (  perturbed bounds)
1 /   0.0001162 /   0.0001162 (unperturbed bounds)
Solve 1: Forcing phase 2 since near primal feasible with unperturbed costs
num / max / sum primal infeasiblitiles
1 /   8.286e-05 /   8.286e-05 (  perturbed bounds)
1 /   8.322e-05 /   8.322e-05 (unperturbed bounds)
Solve 1: Forcing phase 2 since near primal feasible with unperturbed costs
num / max / sum primal infeasiblitiles
1 /   0.0002158 /   0.0002158 (  perturbed bounds)
1 /   0.0002162 /   0.0002162 (unperturbed bounds)
Solve 1: Forcing phase 2 since near primal feasible with unperturbed costs
num / max / sum primal infeasiblitiles
1 /   0.0001491 /   0.0001491 (  perturbed bounds)
1 /   0.0001494 /   0.0001494 (unperturbed bounds)
Solve 1: Forcing phase 2 since near primal feasible with unperturbed costs
num / max / sum primal infeasiblitiles
1 /    9.97e-05 /    9.97e-05 (  perturbed bounds)
1 /   0.0001003 /   0.0001003 (unperturbed bounds)
Solve 1: Forcing phase 2 since near primal feasible with unperturbed costs
num / max / sum primal infeasiblitiles
1 /   0.0001811 /   0.0001811 (  perturbed bounds)
1 /   0.0001812 /  [  596.3s]   6/40 paths (kills 0); ideal count at deepest logged n: 138817 median
 0.0001812 (unperturbed bounds)
Solve 1: Forcing phase 2 since near primal feasible with unperturbed costs
num / max / sum primal infeasiblitiles
2 /   0.0002795 /   0.0003012 (  perturbed bounds)
2 /   0.0002799 /   0.0003017 (unperturbed bounds)
Solve 1: Forcing phase 2 since near primal feasible with unperturbed costs
num / max / sum primal infeasiblitiles
2 /    0.000249 /   0.0002589 (  perturbed bounds)
2 /   0.0002503 /   0.0002609 (unperturbed bounds)
Solve 1: Forcing phase 2 since near primal feasible with unperturbed costs
num / max / sum primal infeasiblitiles
2 /   0.0002339 /   0.0002613 (  perturbed bounds)
2 /   0.0002339 /   0.0002618 (unperturbed bounds)
Solve 1: Forcing phase 2 since near primal feasible with unperturbed costs
num / max / sum primal infeasiblitiles
1 /   0.0003063 /   0.0003063 (  perturbed bounds)
1 /   0.0003067 /   0.0003067 (unperturbed bounds)
Solve 1: Forcing phase 2 since near primal feasible with unperturbed costs
num / max / sum primal infeasiblitiles
1 /   0.0002747 /   0.0002747 (  perturbed bounds)
1 /   0.0002751 /   0.0002751 (unperturbed bounds)
Solve 1: Forcing phase 2 since near primal feasible with unperturbed costs
num / max / sum primal infeasiblitiles
1 /   0.0001118 /   0.0001118 (  perturbed bounds)
1 /   0.0001122 /   0.0001122 (unperturbed bounds)
Solve 1: Forcing phase 2 since near primal feasible with unperturbed costs
num / max / sum primal infeasiblitiles
1 /   8.512e-05 /   8.512e-05 (  perturbed bounds)
1 /   8.538e-05 /   8.538e-05 (unperturbed bounds)
Solve 1: Forcing phase 2 since near primal feasible with unperturbed costs
num / max / sum primal infeasiblitiles
1 /   0.0002132 /   0.0002132 (  perturbed bounds)
1 /   0.0002132 /   0.0002132 (unperturbed bounds)
Solve 1: Forcing phase 2 since near primal feasible with unperturbed costs
num / max / sum primal infeasiblitiles
1 /   0.0001402 /   0.0001402 (  perturbed bounds)
1 /   0.0001403 /   0.0001403 (unperturbed bounds)
Solve 1: Forcing phase 2 since near primal feasible with unperturbed costs
num / max / sum primal infeasiblitiles
1 /   0.0002522 /   0.0002522 (  perturbed bounds)
1 /   0.0002524 /   0.0002524 (unperturbed bounds)
Solve 1: Forcing phase 2 since near primal feasible with unperturbed costs
num / max / sum primal infeasiblitiles
1 /     0.00027 /     0.00027 (  perturbed bounds)
1 /   0.0002703 /   0.0002703 (unperturbed bounds)
Solve 1: Forcing phase 2 since near primal feasible with unperturbed costs
num / max / sum primal infeasiblitiles
2 /   0.0001978 /     0.00029 (  perturbed bounds)
2 /   0.0001975 /   0.0002828 (unperturbed bounds)
Solve 1: Forcing phase 2 since near primal feasible with unperturbed costs
num / max / sum primal infeasiblitiles
1 /   0.0002169 /   0.0002169 (  perturbed bounds)
1 /   0.0002172 /   0.0002172 (unperturbed bounds)
Solve 1: Forcing phase 2 since near primal feasible with unperturbed costs
num / max / sum primal infeasiblitiles
1 /   0.0002601 /   0.0002601 (  perturbed bounds)
1 /   0.0002599 /   0.0002599 (unperturbed bounds)
Solve 1: Forcing phase 2 since near primal feasible with unperturbed costs
num / max / sum primal infeasiblitiles
1 /   3.425e-05 /   3.425e-05 (  perturbed bounds)
1 /   3.436e-05 /   3.436e-05 (unperturbed bounds)
Solve 1: Forcing phase 2 since near primal feasible with unperturbed costs
num / max / sum primal infeasiblitiles
1 /   0.0002068 /   0.0002068 (  perturbed bounds)
1 /   0.0002052 /   0.0002052 (unperturbed bounds)
Solve 1: Forcing phase 2 since near primal feasible with unperturbed costs
num / max / sum primal infeasiblitiles
1 /   0.0002138 /   0.0002138 (  perturbed bounds)
1 /   0.0002138 /   0.0002138 (unperturbed bounds)
Solve 1: Forcing phase 2 since near primal feasible with unperturbed costs
num / max / sum primal infeasiblitiles
2 /   0.0002534 /    0.000343 (  perturbed bounds)
2 /   0.0002535 /   0.0003434 (unperturbed bounds)
Solve 1: Forcing phase 2 since near primal feasible with unperturbed costs
num / max / sum primal infeasiblitiles
1 /   2.548e-05 /   2.548e-05 (  perturbed bounds)
1 /   2.545[  685.0s]   7/40 paths (kills 0); ideal count at deepest logged n: 153581 median
[  764.6s]   8/40 paths (kills 0); ideal count at deepest logged n: 151496 median
e-05 /   2.545e-05 (unperturbed bounds)
Solve 1: Forcing phase 2 since near primal feasible with unperturbed costs
num / max / sum primal infeasiblitiles
1 /   0.0002861 /   0.0002861 (  perturbed bounds)
1 /   0.0002854 /   0.0002854 (unperturbed bounds)
Solve 1: Forcing phase 2 since near primal feasible with unperturbed costs
num / max / sum primal infeasiblitiles
1 /   0.0001469 /   0.0001469 (  perturbed bounds)
1 /   0.0001473 /   0.0001473 (unperturbed bounds)
Solve 1: Forcing phase 2 since near primal feasible with unperturbed costs
num / max / sum primal infeasiblitiles
1 /   0.0001412 /   0.0001412 (  perturbed bounds)
1 /   0.0001412 /   0.0001412 (unperturbed bounds)
Solve 1: Forcing phase 2 since near primal feasible with unperturbed costs
num / max / sum primal infeasiblitiles
1 /   0.0002001 /   0.0002001 (  perturbed bounds)
1 /   0.0001998 /   0.0001998 (unperturbed bounds)
Solve 1: Forcing phase 2 since near primal feasible with unperturbed costs
num / max / sum primal infeasiblitiles
1 /   6.478e-05 /   6.478e-05 (  perturbed bounds)
1 /   6.532e-05 /   6.532e-05 (unperturbed bounds)
Solve 1: Forcing phase 2 since near primal feasible with unperturbed costs
num / max / sum primal infeasiblitiles
1 /   8.137e-05 /   8.137e-05 (  perturbed bounds)
1 /   8.167e-05 /   8.167e-05 (unperturbed bounds)
Solve 1: Forcing phase 2 since near primal feasible with unperturbed costs
num / max / sum primal infeasiblitiles
1 /   9.815e-05 /   9.815e-05 (  perturbed bounds)
1 /   9.817e-05 /   9.817e-05 (unperturbed bounds)
Solve 1: Forcing phase 2 since near primal feasible with unperturbed costs
num / max / sum primal infeasiblitiles
1 /   0.0001791 /   0.0001791 (  perturbed bounds)
1 /   0.0001804 /   0.0001804 (unperturbed bounds)
Solve 1: Forcing phase 2 since near primal feasible with unperturbed costs
num / max / sum primal infeasiblitiles
1 /   0.0001622 /   0.0001622 (  perturbed bounds)
1 /   0.0001635 /   0.0001635 (unperturbed bounds)
Solve 1: Forcing phase 2 since near primal feasible with unperturbed costs
num / max / sum primal infeasiblitiles
1 /   5.251e-06 /   5.251e-06 (  perturbed bounds)
1 /    5.29e-06 /    5.29e-06 (unperturbed bounds)
Solve 1: Forcing phase 2 since near primal feasible with unperturbed costs
num / max / sum primal infeasiblitiles
1 /   8.192e-05 /   8.192e-05 (  perturbed bounds)
1 /   8.173e-05 /   8.173e-05 (unperturbed bounds)
Solve 1: Forcing phase 2 since near primal feasible with unperturbed costs
num / max / sum primal infeasiblitiles
1 /   1.573e-05 /   1.573e-05 (  perturbed bounds)
1 /   1.611e-05 /   1.611e-05 (unperturbed bounds)
Solve 1: Forcing phase 2 since near primal feasible with unperturbed costs
num / max / sum primal infeasiblitiles
1 /   0.0001754 /   0.0001754 (  perturbed bounds)
1 /   0.0001743 /   0.0001743 (unperturbed bounds)
Solve 1: Forcing phase 2 since near primal feasible with unperturbed costs
num / max / sum primal infeasiblitiles
1 /   0.0002208 /   0.0002208 (  perturbed bounds)
1 /   0.0002218 /   0.0002218 (unperturbed bounds)
Solve 1: Forcing phase 2 since near primal feasible with unperturbed costs
num / max / sum primal infeasiblitiles
1 /   0.0002458 /   0.0002458 (  perturbed bounds)
1 /   0.0002458 /   0.0002458 (unperturbed bounds)
Solve 1: Forcing phase 2 since near primal feasible with unperturbed costs
num / max / sum primal infeasiblitiles
1 /   0.0002218 /   0.0002218 (  perturbed bounds)
1 /   0.0002219 /   0.0002219 (unperturbed bounds)
Solve 1: Forcing phase 2 since near primal feasible with unperturbed costs
num / max / sum primal infeasiblitiles
2 /   0.0002504 /   0.0004558 (  perturbed bounds)
2 /   0.0002512 /   0.0004565 (unperturbed bounds)
Solve 1: Forcing phase 2 since near primal feasible with unperturbed costs
num / max / sum primal infeasiblitiles
1 /   6.514e-05 /   6.514e-05 (  perturbed bounds)
1 /    6.52e-05 /    6.52e-05 (unperturbed bounds)
Solve 1: Forcing phase 2 since near primal feasible with unperturbed costs
num / max / sum primal infeasiblitiles
1 /   0.0001974 /   0.0001974 (  perturbed bounds)
1 /[  868.1s]   9/40 paths (kills 0); ideal count at deepest logged n: 149410 median
[  961.8s]   10/40 paths (kills 0); ideal count at deepest logged n: 136732 median
[ 1043.9s]   11/40 paths (kills 0); ideal count at deepest logged n: 124053 median
   0.0001973 /   0.0001973 (unperturbed bounds)
Solve 1: Forcing phase 2 since near primal feasible with unperturbed costs
num / max / sum primal infeasiblitiles
1 /   8.974e-05 /   8.974e-05 (  perturbed bounds)
1 /   8.972e-05 /   8.972e-05 (unperturbed bounds)
Solve 1: Forcing phase 2 since near primal feasible with unperturbed costs
num / max / sum primal infeasiblitiles
1 /   0.0001927 /   0.0001927 (  perturbed bounds)
1 /   0.0001936 /   0.0001936 (unperturbed bounds)
Solve 1: Forcing phase 2 since near primal feasible with unperturbed costs
num / max / sum primal infeasiblitiles
1 /   0.0002972 /   0.0002972 (  perturbed bounds)
1 /   0.0002984 /   0.0002984 (unperturbed bounds)
Solve 1: Forcing phase 2 since near primal feasible with unperturbed costs
num / max / sum primal infeasiblitiles
1 /   1.591e-05 /   1.591e-05 (  perturbed bounds)
1 /   1.615e-05 /   1.615e-05 (unperturbed bounds)
Solve 1: Forcing phase 2 since near primal feasible with unperturbed costs
num / max / sum primal infeasiblitiles
1 /   0.0002577 /   0.0002577 (  perturbed bounds)
1 /   0.0002578 /   0.0002578 (unperturbed bounds)
Solve 1: Forcing phase 2 since near primal feasible with unperturbed costs
num / max / sum primal infeasiblitiles
1 /   0.0001306 /   0.0001306 (  perturbed bounds)
1 /   0.0001317 /   0.0001317 (unperturbed bounds)
Solve 1: Forcing phase 2 since near primal feasible with unperturbed costs
num / max / sum primal infeasiblitiles
1 /   0.0001196 /   0.0001196 (  perturbed bounds)
1 /   0.0001196 /   0.0001196 (unperturbed bounds)
Solve 1: Forcing phase 2 since near primal feasible with unperturbed costs
num / max / sum primal infeasiblitiles
1 /   4.671e-05 /   4.671e-05 (  perturbed bounds)
1 /   4.724e-05 /   4.724e-05 (unperturbed bounds)
Solve 1: Forcing phase 2 since near primal feasible with unperturbed costs
num / max / sum primal infeasiblitiles
1 /   0.0001938 /   0.0001938 (  perturbed bounds)
1 /   0.0001926 /   0.0001926 (unperturbed bounds)
Solve 1: Forcing phase 2 since near primal feasible with unperturbed costs
num / max / sum primal infeasiblitiles
1 /    0.000105 /    0.000105 (  perturbed bounds)
1 /   0.0001048 /   0.0001048 (unperturbed bounds)
Solve 1: Forcing phase 2 since near primal feasible with unperturbed costs
num / max / sum primal infeasiblitiles
1 /   7.303e-06 /   7.303e-06 (  perturbed bounds)
1 /    7.22e-06 /    7.22e-06 (unperturbed bounds)
Solve 1: Forcing phase 2 since near primal feasible with unperturbed costs
num / max / sum primal infeasiblitiles
1 /   0.0001407 /   0.0001407 (  perturbed bounds)
1 /   0.0001408 /   0.0001408 (unperturbed bounds)
Solve 1: Forcing phase 2 since near primal feasible with unperturbed costs
num / max / sum primal infeasiblitiles
1 /   0.0002972 /   0.0002972 (  perturbed bounds)
1 /   0.0002964 /   0.0002964 (unperturbed bounds)
Solve 1: Forcing phase 2 since near primal feasible with unperturbed costs
num / max / sum primal infeasiblitiles
1 /   6.648e-05 /   6.648e-05 (  perturbed bounds)
1 /   6.677e-05 /   6.677e-05 (unperturbed bounds)
Solve 1: Forcing phase 2 since near primal feasible with unperturbed costs
num / max / sum primal infeasiblitiles
2 /    0.000296 /   0.0004083 (  perturbed bounds)
2 /   0.0002963 /   0.0004088 (unperturbed bounds)
Solve 1: Forcing phase 2 since near primal feasible with unperturbed costs
num / max / sum primal infeasiblitiles
1 /   0.0002352 /   0.0002352 (  perturbed bounds)
1 /   0.0002352 /   0.0002352 (unperturbed bounds)
Solve 1: Forcing phase 2 since near primal feasible with unperturbed costs
num / max / sum primal infeasiblitiles
1 /   0.0002112 /   0.0002112 (  perturbed bounds)
1 /   0.0002116 /   0.0002116 (unperturbed bounds)
Solve 1: Forcing phase 2 since near primal feasible with unperturbed costs
num / max / sum primal infeasiblitiles
1 /   0.0001026 /   0.0001026 (  perturbed bounds)
1 /   0.0001029 /   0.0001029 (unperturbed bounds)
Solve 1: Forcing phase 2 since near primal feasible with unperturbed costs
num / max / sum primal infeasiblitiles
1 /   5.374e-05 /   5.374e-05 (  perturbed bou[ 1122.5s]   12/40 paths (kills 0); ideal count at deepest logged n: 120702 median
[ 1189.0s]   13/40 paths (kills 0); ideal count at deepest logged n: 121086 median
[ 1277.4s]   14/40 paths (kills 0); ideal count at deepest logged n: 122570 median
nds)
1 /   5.382e-05 /   5.382e-05 (unperturbed bounds)
Solve 1: Forcing phase 2 since near primal feasible with unperturbed costs
num / max / sum primal infeasiblitiles
1 /   0.0002343 /   0.0002343 (  perturbed bounds)
1 /   0.0002356 /   0.0002356 (unperturbed bounds)
Solve 1: Forcing phase 2 since near primal feasible with unperturbed costs
num / max / sum primal infeasiblitiles
1 /   0.0001335 /   0.0001335 (  perturbed bounds)
1 /   0.0001336 /   0.0001336 (unperturbed bounds)
Solve 1: Forcing phase 2 since near primal feasible with unperturbed costs
num / max / sum primal infeasiblitiles
1 /   0.0003062 /   0.0003062 (  perturbed bounds)
1 /   0.0003065 /   0.0003065 (unperturbed bounds)
Solve 1: Forcing phase 2 since near primal feasible with unperturbed costs
num / max / sum primal infeasiblitiles
1 /    0.000257 /    0.000257 (  perturbed bounds)
1 /   0.0002573 /   0.0002573 (unperturbed bounds)
Solve 1: Forcing phase 2 since near primal feasible with unperturbed costs
num / max / sum primal infeasiblitiles
1 /   0.0001584 /   0.0001584 (  perturbed bounds)
1 /   0.0001574 /   0.0001574 (unperturbed bounds)
Solve 1: Forcing phase 2 since near primal feasible with unperturbed costs
num / max / sum primal infeasiblitiles
1 /   0.0001695 /   0.0001695 (  perturbed bounds)
1 /   0.0001682 /   0.0001682 (unperturbed bounds)
Solve 1: Forcing phase 2 since near primal feasible with unperturbed costs
num / max / sum primal infeasiblitiles
1 /   0.0002365 /   0.0002365 (  perturbed bounds)
1 /   0.0002364 /   0.0002364 (unperturbed bounds)
Solve 1: Forcing phase 2 since near primal feasible with unperturbed costs
num / max / sum primal infeasiblitiles
1 /   9.843e-05 /   9.843e-05 (  perturbed bounds)
1 /   9.842e-05 /   9.842e-05 (unperturbed bounds)
Solve 1: Forcing phase 2 since near primal feasible with unperturbed costs
num / max / sum primal infeasiblitiles
1 /   0.0001586 /   0.0001586 (  perturbed bounds)
1 /   0.0001588 /   0.0001588 (unperturbed bounds)
Solve 1: Forcing phase 2 since near primal feasible with unperturbed costs
num / max / sum primal infeasiblitiles
1 /   4.595e-05 /   4.595e-05 (  perturbed bounds)
1 /   4.603e-05 /   4.603e-05 (unperturbed bounds)
Solve 1: Forcing phase 2 since near primal feasible with unperturbed costs
num / max / sum primal infeasiblitiles
1 /    0.000116 /    0.000116 (  perturbed bounds)
1 /   0.0001163 /   0.0001163 (unperturbed bounds)
Solve 1: Forcing phase 2 since near primal feasible with unperturbed costs
num / max / sum primal infeasiblitiles
1 /    0.000161 /    0.000161 (  perturbed bounds)
1 /   0.0001607 /   0.0001607 (unperturbed bounds)
Solve 1: Forcing phase 2 since near primal feasible with unperturbed costs
num / max / sum primal infeasiblitiles
1 /   0.0002257 /   0.0002257 (  perturbed bounds)
1 /   0.0002266 /   0.0002266 (unperturbed bounds)
Solve 1: Forcing phase 2 since near primal feasible with unperturbed costs
num / max / sum primal infeasiblitiles
1 /   2.799e-05 /   2.799e-05 (  perturbed bounds)
1 /   2.793e-05 /   2.793e-05 (unperturbed bounds)
Solve 1: Forcing phase 2 since near primal feasible with unperturbed costs
num / max / sum primal infeasiblitiles
1 /   0.0001038 /   0.0001038 (  perturbed bounds)
1 /   0.0001031 /   0.0001031 (unperturbed bounds)
Solve 1: Forcing phase 2 since near primal feasible with unperturbed costs
num / max / sum primal infeasiblitiles
1 /   0.0003067 /   0.0003067 (  perturbed bounds)
1 /   0.0003067 /   0.0003067 (unperturbed bounds)
Solve 1: Forcing phase 2 since near primal feasible with unperturbed costs
num / max / sum primal infeasiblitiles
1 /   0.0002728 /   0.0002728 (  perturbed bounds)
1 /   0.0002725 /   0.0002725 (unperturbed bounds)
Solve 1: Forcing phase 2 since near primal feasible with unperturbed costs
num / max / sum primal infeasiblitiles
1 /   0.0001178 /   0.0001178 (  perturbed bounds)
1 /   0.0001187 /   0.0001187 (unperturbed bounds)
Solve 1: Forcing phase 2 since near primal feasible with unperturbed costs
num / max / sum primal infeasiblitiles
1 /   0.0001844 /   0.0001844 (  pertu[ 1354.3s]   15/40 paths (kills 0); ideal count at deepest logged n: 121086 median
[ 1425.6s]   16/40 paths (kills 0); ideal count at deepest logged n: 119218 median
rbed bounds)
1 /   0.0001839 /   0.0001839 (unperturbed bounds)
Solve 1: Forcing phase 2 since near primal feasible with unperturbed costs
num / max / sum primal infeasiblitiles
1 /    0.000209 /    0.000209 (  perturbed bounds)
1 /   0.0002092 /   0.0002092 (unperturbed bounds)
Solve 1: Forcing phase 2 since near primal feasible with unperturbed costs
num / max / sum primal infeasiblitiles
1 /   0.0002807 /   0.0002807 (  perturbed bounds)
1 /   0.0002811 /   0.0002811 (unperturbed bounds)
Solve 1: Forcing phase 2 since near primal feasible with unperturbed costs
num / max / sum primal infeasiblitiles
1 /   0.0001742 /   0.0001742 (  perturbed bounds)
1 /   0.0001771 /   0.0001771 (unperturbed bounds)
Solve 1: Forcing phase 2 since near primal feasible with unperturbed costs
num / max / sum primal infeasiblitiles
1 /   5.302e-05 /   5.302e-05 (  perturbed bounds)
1 /   5.293e-05 /   5.293e-05 (unperturbed bounds)
Solve 1: Forcing phase 2 since near primal feasible with unperturbed costs
num / max / sum primal infeasiblitiles
1 /   0.0001202 /   0.0001202 (  perturbed bounds)
1 /   0.0001206 /   0.0001206 (unperturbed bounds)
Solve 1: Forcing phase 2 since near primal feasible with unperturbed costs
num / max / sum primal infeasiblitiles
1 /   7.427e-05 /   7.427e-05 (  perturbed bounds)
1 /    7.44e-05 /    7.44e-05 (unperturbed bounds)
Solve 1: Forcing phase 2 since near primal feasible with unperturbed costs
num / max / sum primal infeasiblitiles
1 /   6.617e-05 /   6.617e-05 (  perturbed bounds)
1 /   6.672e-05 /   6.672e-05 (unperturbed bounds)
Solve 1: Forcing phase 2 since near primal feasible with unperturbed costs
num / max / sum primal infeasiblitiles
1 /   0.0001559 /   0.0001559 (  perturbed bounds)
1 /   0.0001552 /   0.0001552 (unperturbed bounds)
Solve 1: Forcing phase 2 since near primal feasible with unperturbed costs
num / max / sum primal infeasiblitiles
1 /   0.0002908 /   0.0002908 (  perturbed bounds)
1 /   0.0002911 /   0.0002911 (unperturbed bounds)
Solve 1: Forcing phase 2 since near primal feasible with unperturbed costs
num / max / sum primal infeasiblitiles
2 /   0.0001814 /   0.0003159 (  perturbed bounds)
2 /   0.0001805 /   0.0003145 (unperturbed bounds)
Solve 1: Forcing phase 2 since near primal feasible with unperturbed costs
num / max / sum primal infeasiblitiles
1 /   0.0002101 /   0.0002101 (  perturbed bounds)
1 /   0.0002102 /   0.0002102 (unperturbed bounds)
Solve 1: Forcing phase 2 since near primal feasible with unperturbed costs
num / max / sum primal infeasiblitiles
1 /   0.0002255 /   0.0002255 (  perturbed bounds)
1 /   0.0002241 /   0.0002241 (unperturbed bounds)
Solve 1: Forcing phase 2 since near primal feasible with unperturbed costs
num / max / sum primal infeasiblitiles
1 /    6.97e-05 /    6.97e-05 (  perturbed bounds)
1 /   6.991e-05 /   6.991e-05 (unperturbed bounds)
Solve 1: Forcing phase 2 since near primal feasible with unperturbed costs
num / max / sum primal infeasiblitiles
1 /   0.0003023 /   0.0003023 (  perturbed bounds)
1 /   0.0003024 /   0.0003024 (unperturbed bounds)
Solve 1: Forcing phase 2 since near primal feasible with unperturbed costs
num / max / sum primal infeasiblitiles
1 /   0.0001088 /   0.0001088 (  perturbed bounds)
1 /   0.0001093 /   0.0001093 (unperturbed bounds)
Solve 1: Forcing phase 2 since near primal feasible with unperturbed costs
num / max / sum primal infeasiblitiles
1 /    0.000286 /    0.000286 (  perturbed bounds)
1 /   0.0002861 /   0.0002861 (unperturbed bounds)
Solve 1: Forcing phase 2 since near primal feasible with unperturbed costs
num / max / sum primal infeasiblitiles
2 /   0.0001115 /   0.0001427 (  perturbed bounds)
2 /   0.0001118 /   0.0001432 (unperturbed bounds)
Solve 1: Forcing phase 2 since near primal feasible with unperturbed costs
num / max / sum primal infeasiblitiles
1 /   0.0001478 /   0.0001478 (  perturbed bounds)
1 /    0.000148 /    0.000148 (unperturbed bounds)
Solve 1: Forcing phase 2 since near primal feasible with unperturbed costs
num / max / sum primal infeasiblitiles
1 /   0.0002619 /   0.0002619 [ 1528.0s]   17/40 paths (kills 0); ideal count at deepest logged n: 117350 median
[ 1600.5s]   18/40 paths (kills 0); ideal count at deepest logged n: 109714 median
[ 1670.8s]   19/40 paths (kills 0); ideal count at deepest logged n: 102078 median
(  perturbed bounds)
1 /    0.000262 /    0.000262 (unperturbed bounds)
Solve 1: Forcing phase 2 since near primal feasible with unperturbed costs
num / max / sum primal infeasiblitiles
1 /   0.0002368 /   0.0002368 (  perturbed bounds)
1 /   0.0002371 /   0.0002371 (unperturbed bounds)
Solve 1: Forcing phase 2 since near primal feasible with unperturbed costs
num / max / sum primal infeasiblitiles
1 /   0.0002696 /   0.0002696 (  perturbed bounds)
1 /   0.0002699 /   0.0002699 (unperturbed bounds)
Solve 1: Forcing phase 2 since near primal feasible with unperturbed costs
num / max / sum primal infeasiblitiles
1 /   0.0002947 /   0.0002947 (  perturbed bounds)
1 /   0.0002951 /   0.0002951 (unperturbed bounds)
Solve 1: Forcing phase 2 since near primal feasible with unperturbed costs
num / max / sum primal infeasiblitiles
1 /    7.98e-05 /    7.98e-05 (  perturbed bounds)
1 /   8.026e-05 /   8.026e-05 (unperturbed bounds)
Solve 1: Forcing phase 2 since near primal feasible with unperturbed costs
num / max / sum primal infeasiblitiles
1 /   0.0002656 /   0.0002656 (  perturbed bounds)
1 /   0.0002656 /   0.0002656 (unperturbed bounds)
Solve 1: Forcing phase 2 since near primal feasible with unperturbed costs
num / max / sum primal infeasiblitiles
1 /    0.000284 /    0.000284 (  perturbed bounds)
1 /   0.0002844 /   0.0002844 (unperturbed bounds)
Solve 1: Forcing phase 2 since near primal feasible with unperturbed costs
num / max / sum primal infeasiblitiles
1 /   0.0001774 /   0.0001774 (  perturbed bounds)
1 /   0.0001774 /   0.0001774 (unperturbed bounds)
Solve 1: Forcing phase 2 since near primal feasible with unperturbed costs
num / max / sum primal infeasiblitiles
1 /    0.000245 /    0.000245 (  perturbed bounds)
1 /    0.000246 /    0.000246 (unperturbed bounds)
Solve 1: Forcing phase 2 since near primal feasible with unperturbed costs
num / max / sum primal infeasiblitiles
1 /   7.808e-05 /   7.808e-05 (  perturbed bounds)
1 /   7.868e-05 /   7.868e-05 (unperturbed bounds)
Solve 1: Forcing phase 2 since near primal feasible with unperturbed costs
num / max / sum primal infeasiblitiles
1 /   0.0001358 /   0.0001358 (  perturbed bounds)
1 /   0.0001361 /   0.0001361 (unperturbed bounds)
Solve 1: Forcing phase 2 since near primal feasible with unperturbed costs
num / max / sum primal infeasiblitiles
1 /   7.446e-05 /   7.446e-05 (  perturbed bounds)
1 /   7.485e-05 /   7.485e-05 (unperturbed bounds)
Solve 1: Forcing phase 2 since near primal feasible with unperturbed costs
num / max / sum primal infeasiblitiles
1 /   0.0002033 /   0.0002033 (  perturbed bounds)
1 /   0.0002034 /   0.0002034 (unperturbed bounds)
Solve 1: Forcing phase 2 since near primal feasible with unperturbed costs
num / max / sum primal infeasiblitiles
1 /   0.0003038 /   0.0003038 (  perturbed bounds)
1 /   0.0003009 /   0.0003009 (unperturbed bounds)
Solve 1: Forcing phase 2 since near primal feasible with unperturbed costs
num / max / sum primal infeasiblitiles
1 /   0.0002296 /   0.0002296 (  perturbed bounds)
1 /   0.0002303 /   0.0002303 (unperturbed bounds)
Solve 1: Forcing phase 2 since near primal feasible with unperturbed costs
num / max / sum primal infeasiblitiles
1 /   0.0002116 /   0.0002116 (  perturbed bounds)
1 /   0.0002104 /   0.0002104 (unperturbed bounds)
Solve 1: Forcing phase 2 since near primal feasible with unperturbed costs
num / max / sum primal infeasiblitiles
1 /   0.0001682 /   0.0001682 (  perturbed bounds)
1 /     0.00017 /     0.00017 (unperturbed bounds)
Solve 1: Forcing phase 2 since near primal feasible with unperturbed costs
num / max / sum primal infeasiblitiles
1 /   0.0001827 /   0.0001827 (  perturbed bounds)
1 /   0.0001834 /   0.0001834 (unperturbed bounds)
Solve 1: Forcing phase 2 since near primal feasible with unperturbed costs
num / max / sum primal infeasiblitiles
1 /   0.0001611 /   0.0001611 (  perturbed bounds)
1 /   0.0001628 /   0.0001628 (unperturbed bounds)
Solve 1: Forcing phase 2 since near primal feasible with unperturbed costs
num / max / sum primal infeasiblitiles
1 /   0.0001509 /   0.[ 1805.6s]   20/40 paths (kills 0); ideal count at deepest logged n: 109714 median
0001509 (  perturbed bounds)
1 /   0.0001494 /   0.0001494 (unperturbed bounds)
Solve 1: Forcing phase 2 since near primal feasible with unperturbed costs
num / max / sum primal infeasiblitiles
1 /   0.0001191 /   0.0001191 (  perturbed bounds)
1 /   0.0001196 /   0.0001196 (unperturbed bounds)
Solve 1: Forcing phase 2 since near primal feasible with unperturbed costs
num / max / sum primal infeasiblitiles
1 /   0.0002524 /   0.0002524 (  perturbed bounds)
1 /   0.0002515 /   0.0002515 (unperturbed bounds)
Solve 1: Forcing phase 2 since near primal feasible with unperturbed costs
num / max / sum primal infeasiblitiles
1 /   4.616e-05 /   4.616e-05 (  perturbed bounds)
1 /   4.629e-05 /   4.629e-05 (unperturbed bounds)
Solve 1: Forcing phase 2 since near primal feasible with unperturbed costs
num / max / sum primal infeasiblitiles
2 /   0.0001855 /   0.0001865 (  perturbed bounds)
2 /   0.0001859 /   0.0001871 (unperturbed bounds)
Solve 1: Forcing phase 2 since near primal feasible with unperturbed costs
num / max / sum primal infeasiblitiles
1 /   5.618e-05 /   5.618e-05 (  perturbed bounds)
1 /   5.653e-05 /   5.653e-05 (unperturbed bounds)
Solve 1: Forcing phase 2 since near primal feasible with unperturbed costs
num / max / sum primal infeasiblitiles
1 /   9.799e-05 /   9.799e-05 (  perturbed bounds)
1 /   9.789e-05 /   9.789e-05 (unperturbed bounds)
Solve 1: Forcing phase 2 since near primal feasible with unperturbed costs
num / max / sum primal infeasiblitiles
1 /   6.973e-05 /   6.973e-05 (  perturbed bounds)
1 /    6.99e-05 /    6.99e-05 (unperturbed bounds)
Solve 1: Forcing phase 2 since near primal feasible with unperturbed costs
num / max / sum primal infeasiblitiles
1 /   0.0001536 /   0.0001536 (  perturbed bounds)
1 /   0.0001542 /   0.0001542 (unperturbed bounds)
Solve 1: Forcing phase 2 since near primal feasible with unperturbed costs
num / max / sum primal infeasiblitiles
1 /   0.0003054 /   0.0003054 (  perturbed bounds)
1 /   0.0003038 /   0.0003038 (unperturbed bounds)
Solve 1: Forcing phase 2 since near primal feasible with unperturbed costs
num / max / sum primal infeasiblitiles
1 /   7.187e-05 /   7.187e-05 (  perturbed bounds)
1 /   7.231e-05 /   7.231e-05 (unperturbed bounds)
Solve 1: Forcing phase 2 since near primal feasible with unperturbed costs
num / max / sum primal infeasiblitiles
2 /   0.0003127 /   0.0003358 (  perturbed bounds)
2 /   0.0003129 /   0.0003361 (unperturbed bounds)
Solve 1: Forcing phase 2 since near primal feasible with unperturbed costs
num / max / sum primal infeasiblitiles
1 /   0.0002984 /   0.0002984 (  perturbed bounds)
1 /   0.0002961 /   0.0002961 (unperturbed bounds)
Solve 1: Forcing phase 2 since near primal feasible with unperturbed costs
num / max / sum primal infeasiblitiles
1 /   0.0002986 /   0.0002986 (  perturbed bounds)
1 /   0.0002991 /   0.0002991 (unperturbed bounds)
Solve 1: Forcing phase 2 since near primal feasible with unperturbed costs
num / max / sum primal infeasiblitiles
1 /   6.818e-05 /   6.818e-05 (  perturbed bounds)
1 /   6.817e-05 /   6.817e-05 (unperturbed bounds)
Solve 1: Forcing phase 2 since near primal feasible with unperturbed costs
num / max / sum primal infeasiblitiles
2 /   0.0001324 /    0.000139 (  perturbed bounds)
2 /   0.0001326 /   0.0001385 (unperturbed bounds)
Solve 1: Forcing phase 2 since near primal feasible with unperturbed costs
num / max / sum primal infeasiblitiles
1 /    2.13e-05 /    2.13e-05 (  perturbed bounds)
1 /   2.147e-05 /   2.147e-05 (unperturbed bounds)
Solve 1: Forcing phase 2 since near primal feasible with unperturbed costs
num / max / sum primal infeasiblitiles
1 /   2.846e-05 /   2.846e-05 (  perturbed bounds)
1 /   2.874e-05 /   2.874e-05 (unperturbed bounds)
Solve 1: Forcing phase 2 since near primal feasible with unperturbed costs
num / max / sum primal infeasiblitiles
1 /    0.000298 /    0.000298 (  perturbed bounds)
1 /   0.0002983 /   0.0002983 (unperturbed bounds)
Solve 1: Forcing phase 2 since near primal feasible with unperturbed costs
num / max / sum primal infeasiblitiles
1 /   0.000140[ 1899.6s]   21/40 paths (kills 0); ideal count at deepest logged n: 117350 median
[ 1988.8s]   22/40 paths (kills 0); ideal count at deepest logged n: 109714 median
6 /   0.0001406 (  perturbed bounds)
1 /   0.0001411 /   0.0001411 (unperturbed bounds)
Solve 1: Forcing phase 2 since near primal feasible with unperturbed costs
num / max / sum primal infeasiblitiles
1 /    0.000258 /    0.000258 (  perturbed bounds)
1 /   0.0002571 /   0.0002571 (unperturbed bounds)
Solve 1: Forcing phase 2 since near primal feasible with unperturbed costs
num / max / sum primal infeasiblitiles
1 /   0.0001891 /   0.0001891 (  perturbed bounds)
1 /   0.0001893 /   0.0001893 (unperturbed bounds)
Solve 1: Forcing phase 2 since near primal feasible with unperturbed costs
num / max / sum primal infeasiblitiles
1 /   0.0001548 /   0.0001548 (  perturbed bounds)
1 /    0.000155 /    0.000155 (unperturbed bounds)
Solve 1: Forcing phase 2 since near primal feasible with unperturbed costs
num / max / sum primal infeasiblitiles
1 /    9.73e-05 /    9.73e-05 (  perturbed bounds)
1 /   9.743e-05 /   9.743e-05 (unperturbed bounds)
Solve 1: Forcing phase 2 since near primal feasible with unperturbed costs
num / max / sum primal infeasiblitiles
1 /   0.0002645 /   0.0002645 (  perturbed bounds)
1 /   0.0002646 /   0.0002646 (unperturbed bounds)
Solve 1: Forcing phase 2 since near primal feasible with unperturbed costs
num / max / sum primal infeasiblitiles
1 /   0.0002804 /   0.0002804 (  perturbed bounds)
1 /   0.0002753 /   0.0002753 (unperturbed bounds)
Solve 1: Forcing phase 2 since near primal feasible with unperturbed costs
num / max / sum primal infeasiblitiles
1 /   9.391e-05 /   9.391e-05 (  perturbed bounds)
1 /   9.382e-05 /   9.382e-05 (unperturbed bounds)
Solve 1: Forcing phase 2 since near primal feasible with unperturbed costs
num / max / sum primal infeasiblitiles
1 /   1.289e-05 /   1.289e-05 (  perturbed bounds)
1 /   1.326e-05 /   1.326e-05 (unperturbed bounds)
Solve 1: Forcing phase 2 since near primal feasible with unperturbed costs
num / max / sum primal infeasiblitiles
1 /   8.705e-05 /   8.705e-05 (  perturbed bounds)
1 /   8.668e-05 /   8.668e-05 (unperturbed bounds)
Solve 1: Forcing phase 2 since near primal feasible with unperturbed costs
num / max / sum primal infeasiblitiles
1 /   0.0001754 /   0.0001754 (  perturbed bounds)
1 /   0.0001753 /   0.0001753 (unperturbed bounds)
Solve 1: Forcing phase 2 since near primal feasible with unperturbed costs
num / max / sum primal infeasiblitiles
1 /   1.216e-05 /   1.216e-05 (  perturbed bounds)
1 /   1.258e-05 /   1.258e-05 (unperturbed bounds)
Solve 1: Forcing phase 2 since near primal feasible with unperturbed costs
num / max / sum primal infeasiblitiles
1 /   0.0002536 /   0.0002536 (  perturbed bounds)
1 /   0.0002537 /   0.0002537 (unperturbed bounds)
Solve 1: Forcing phase 2 since near primal feasible with unperturbed costs
num / max / sum primal infeasiblitiles
1 /   0.0002083 /   0.0002083 (  perturbed bounds)
1 /   0.0002084 /   0.0002084 (unperturbed bounds)
Solve 1: Forcing phase 2 since near primal feasible with unperturbed costs
num / max / sum primal infeasiblitiles
1 /   0.0002781 /   0.0002781 (  perturbed bounds)
1 /   0.0002788 /   0.0002788 (unperturbed bounds)
Solve 1: Forcing phase 2 since near primal feasible with unperturbed costs
num / max / sum primal infeasiblitiles
1 /   0.0001313 /   0.0001313 (  perturbed bounds)
1 /   0.0001314 /   0.0001314 (unperturbed bounds)
Solve 1: Forcing phase 2 since near primal feasible with unperturbed costs
num / max / sum primal infeasiblitiles
1 /    0.000291 /    0.000291 (  perturbed bounds)
1 /   0.0002913 /   0.0002913 (unperturbed bounds)
Solve 1: Forcing phase 2 since near primal feasible with unperturbed costs
num / max / sum primal infeasiblitiles
1 /    8.51e-06 /    8.51e-06 (  perturbed bounds)
1 /   8.961e-06 /   8.961e-06 (unperturbed bounds)
Solve 1: Forcing phase 2 since near primal feasible with unperturbed costs
num / max / sum primal infeasiblitiles
1 /   0.0001378 /   0.0001378 (  perturbed bounds)
1 /   0.0001383 /   0.0001383 (unperturbed bounds)
Solve 1: Forcing phase 2 since near primal feasible with unperturbed costs
num / max / sum primal infeasiblitiles
1 /   [ 2125.8s]   24/40 paths (kills 0); ideal count at deepest logged n: 100463 median
[ 2265.2s]   26/40 paths (kills 0); ideal count at deepest logged n: 96412 median
 0.000285 /    0.000285 (  perturbed bounds)
1 /   0.0002851 /   0.0002851 (unperturbed bounds)
Solve 1: Forcing phase 2 since near primal feasible with unperturbed costs
num / max / sum primal infeasiblitiles
1 /   0.0002644 /   0.0002644 (  perturbed bounds)
1 /   0.0002645 /   0.0002645 (unperturbed bounds)
Solve 1: Forcing phase 2 since near primal feasible with unperturbed costs
num / max / sum primal infeasiblitiles
1 /    0.000206 /    0.000206 (  perturbed bounds)
1 /    0.000206 /    0.000206 (unperturbed bounds)
Solve 1: Forcing phase 2 since near primal feasible with unperturbed costs
num / max / sum primal infeasiblitiles
1 /   9.381e-05 /   9.381e-05 (  perturbed bounds)
1 /    9.34e-05 /    9.34e-05 (unperturbed bounds)
Solve 1: Forcing phase 2 since near primal feasible with unperturbed costs
num / max / sum primal infeasiblitiles
2 /   0.0002038 /   0.0003188 (  perturbed bounds)
2 /   0.0002036 /   0.0003198 (unperturbed bounds)
Solve 1: Forcing phase 2 since near primal feasible with unperturbed costs
num / max / sum primal infeasiblitiles
1 /   0.0002672 /   0.0002672 (  perturbed bounds)
1 /    0.000267 /    0.000267 (unperturbed bounds)
Solve 1: Forcing phase 2 since near primal feasible with unperturbed costs
num / max / sum primal infeasiblitiles
1 /   5.204e-05 /   5.204e-05 (  perturbed bounds)
1 /   5.204e-05 /   5.204e-05 (unperturbed bounds)
Solve 1: Forcing phase 2 since near primal feasible with unperturbed costs
num / max / sum primal infeasiblitiles
1 /   0.0002389 /   0.0002389 (  perturbed bounds)
1 /   0.0002393 /   0.0002393 (unperturbed bounds)
Solve 1: Forcing phase 2 since near primal feasible with unperturbed costs
num / max / sum primal infeasiblitiles
1 /    0.000174 /    0.000174 (  perturbed bounds)
1 /   0.0001744 /   0.0001744 (unperturbed bounds)
Solve 1: Forcing phase 2 since near primal feasible with unperturbed costs
num / max / sum primal infeasiblitiles
1 /   0.0001575 /   0.0001575 (  perturbed bounds)
1 /   0.0001579 /   0.0001579 (unperturbed bounds)
Solve 1: Forcing phase 2 since near primal feasible with unperturbed costs
num / max / sum primal infeasiblitiles
1 /   1.663e-05 /   1.663e-05 (  perturbed bounds)
1 /   1.708e-05 /   1.708e-05 (unperturbed bounds)
Solve 1: Forcing phase 2 since near primal feasible with unperturbed costs
num / max / sum primal infeasiblitiles
1 /   0.0001555 /   0.0001555 (  perturbed bounds)
1 /   0.0001559 /   0.0001559 (unperturbed bounds)
Solve 1: Forcing phase 2 since near primal feasible with unperturbed costs
num / max / sum primal infeasiblitiles
1 /   0.0002828 /   0.0002828 (  perturbed bounds)
1 /   0.0002826 /   0.0002826 (unperturbed bounds)
Solve 1: Forcing phase 2 since near primal feasible with unperturbed costs
num / max / sum primal infeasiblitiles
1 /   0.0001518 /   0.0001518 (  perturbed bounds)
1 /   0.0001519 /   0.0001519 (unperturbed bounds)
Solve 1: Forcing phase 2 since near primal feasible with unperturbed costs
num / max / sum primal infeasiblitiles
1 /   0.0002931 /   0.0002931 (  perturbed bounds)
1 /   0.0002931 /   0.0002931 (unperturbed bounds)
Solve 1: Forcing phase 2 since near primal feasible with unperturbed costs
num / max / sum primal infeasiblitiles
1 /   8.527e-05 /   8.527e-05 (  perturbed bounds)
1 /   8.558e-05 /   8.558e-05 (unperturbed bounds)
Solve 1: Forcing phase 2 since near primal feasible with unperturbed costs
num / max / sum primal infeasiblitiles
1 /   9.276e-05 /   9.276e-05 (  perturbed bounds)
1 /   9.262e-05 /   9.262e-05 (unperturbed bounds)
Solve 1: Forcing phase 2 since near primal feasible with unperturbed costs
num / max / sum primal infeasiblitiles
1 /    0.000217 /    0.000217 (  perturbed bounds)
1 /   0.0002171 /   0.0002171 (unperturbed bounds)
Solve 1: Forcing phase 2 since near primal feasible with unperturbed costs
num / max / sum primal infeasiblitiles
1 /   9.203e-05 /   9.203e-05 (  perturbed bounds)
1 /   9.194e-05 /   9.194e-05 (unperturbed bounds)
Solve 1: Forcing phase 2 since near primal feasible with unperturbed costs
num / max / sum primal infeasiblitile[ 2395.5s]   27/40 paths (kills 0); ideal count at deepest logged n: 98848 median
s
1 /   0.0001491 /   0.0001491 (  perturbed bounds)
1 /   0.0001492 /   0.0001492 (unperturbed bounds)
Solve 1: Forcing phase 2 since near primal feasible with unperturbed costs
num / max / sum primal infeasiblitiles
1 /   2.153e-05 /   2.153e-05 (  perturbed bounds)
1 /   2.205e-05 /   2.205e-05 (unperturbed bounds)
Solve 1: Forcing phase 2 since near primal feasible with unperturbed costs
num / max / sum primal infeasiblitiles
1 /   2.277e-05 /   2.277e-05 (  perturbed bounds)
1 /   2.299e-05 /   2.299e-05 (unperturbed bounds)
Solve 1: Forcing phase 2 since near primal feasible with unperturbed costs
num / max / sum primal infeasiblitiles
2 /      0.0002 /   0.0003486 (  perturbed bounds)
2 /   0.0002002 /   0.0003501 (unperturbed bounds)
Solve 1: Forcing phase 2 since near primal feasible with unperturbed costs
num / max / sum primal infeasiblitiles
1 /   0.0001593 /   0.0001593 (  perturbed bounds)
1 /   0.0001595 /   0.0001595 (unperturbed bounds)
Solve 1: Forcing phase 2 since near primal feasible with unperturbed costs
num / max / sum primal infeasiblitiles
1 /   0.0002487 /   0.0002487 (  perturbed bounds)
1 /   0.0002493 /   0.0002493 (unperturbed bounds)
Solve 1: Forcing phase 2 since near primal feasible with unperturbed costs
num / max / sum primal infeasiblitiles
1 /    0.000266 /    0.000266 (  perturbed bounds)
1 /    0.000266 /    0.000266 (unperturbed bounds)
Solve 1: Forcing phase 2 since near primal feasible with unperturbed costs
num / max / sum primal infeasiblitiles
1 /   0.0002529 /   0.0002529 (  perturbed bounds)
1 /   0.0002528 /   0.0002528 (unperturbed bounds)
Solve 1: Forcing phase 2 since near primal feasible with unperturbed costs
num / max / sum primal infeasiblitiles
1 /   0.0001935 /   0.0001935 (  perturbed bounds)
1 /   0.0001941 /   0.0001941 (unperturbed bounds)
Solve 1: Forcing phase 2 since near primal feasible with unperturbed costs
num / max / sum primal infeasiblitiles
1 /   0.0002973 /   0.0002973 (  perturbed bounds)
1 /   0.0002973 /   0.0002973 (unperturbed bounds)
Solve 1: Forcing phase 2 since near primal feasible with unperturbed costs
num / max / sum primal infeasiblitiles
1 /   1.765e-05 /   1.765e-05 (  perturbed bounds)
1 /    1.78e-05 /    1.78e-05 (unperturbed bounds)
Solve 1: Forcing phase 2 since near primal feasible with unperturbed costs
num / max / sum primal infeasiblitiles
2 /   0.0003032 /    0.000438 (  perturbed bounds)
2 /   0.0003033 /    0.000438 (unperturbed bounds)
Solve 1: Forcing phase 2 since near primal feasible with unperturbed costs
num / max / sum primal infeasiblitiles
1 /    8.29e-05 /    8.29e-05 (  perturbed bounds)
1 /   8.231e-05 /   8.231e-05 (unperturbed bounds)
Solve 1: Forcing phase 2 since near primal feasible with unperturbed costs
num / max / sum primal infeasiblitiles
1 /   0.0001418 /   0.0001418 (  perturbed bounds)
1 /   0.0001412 /   0.0001412 (unperturbed bounds)
Solve 1: Forcing phase 2 since near primal feasible with unperturbed costs
num / max / sum primal infeasiblitiles
1 /   0.0002194 /   0.0002194 (  perturbed bounds)
1 /   0.0002223 /   0.0002223 (unperturbed bounds)
Solve 1: Forcing phase 2 since near primal feasible with unperturbed costs
num / max / sum primal infeasiblitiles
1 /   0.0002141 /   0.0002141 (  perturbed bounds)
1 /   0.0002148 /   0.0002148 (unperturbed bounds)
Solve 1: Forcing phase 2 since near primal feasible with unperturbed costs
num / max / sum primal infeasiblitiles
1 /   0.0001072 /   0.0001072 (  perturbed bounds)
1 /   0.0001073 /   0.0001073 (unperturbed bounds)
Solve 1: Forcing phase 2 since near primal feasible with unperturbed costs
num / max / sum primal infeasiblitiles
1 /   3.583e-05 /   3.583e-05 (  perturbed bounds)
1 /   3.604e-05 /   3.604e-05 (unperturbed bounds)
Solve 1: Forcing phase 2 since near primal feasible with unperturbed costs
num / max / sum primal infeasiblitiles
1 /   4.792e-05 /   4.792e-05 (  perturbed bounds)
1 /   4.834e-05 /   4.834e-05 (unperturbed bounds)
Solve 1: Forcing phase 2 since near primal feasible with unperturbed costs
num / max / sum primal infeas[ 2479.2s]   28/40 paths (kills 0); ideal count at deepest logged n: 100463 median
[ 2539.4s]   29/40 paths (kills 0); ideal count at deepest logged n: 98848 median
iblitiles
1 /   0.0001786 /   0.0001786 (  perturbed bounds)
1 /   0.0001788 /   0.0001788 (unperturbed bounds)
Solve 1: Forcing phase 2 since near primal feasible with unperturbed costs
num / max / sum primal infeasiblitiles
1 /   0.0001211 /   0.0001211 (  perturbed bounds)
1 /    0.000121 /    0.000121 (unperturbed bounds)
Solve 1: Forcing phase 2 since near primal feasible with unperturbed costs
num / max / sum primal infeasiblitiles
2 /   0.0003064 /   0.0005106 (  perturbed bounds)
2 /   0.0003082 /    0.000513 (unperturbed bounds)
Solve 1: Forcing phase 2 since near primal feasible with unperturbed costs
num / max / sum primal infeasiblitiles
1 /   0.0001769 /   0.0001769 (  perturbed bounds)
1 /   0.0001794 /   0.0001794 (unperturbed bounds)
Solve 1: Forcing phase 2 since near primal feasible with unperturbed costs
num / max / sum primal infeasiblitiles
1 /   7.185e-05 /   7.185e-05 (  perturbed bounds)
1 /   7.194e-05 /   7.194e-05 (unperturbed bounds)
Solve 1: Forcing phase 2 since near primal feasible with unperturbed costs
num / max / sum primal infeasiblitiles
1 /    0.000107 /    0.000107 (  perturbed bounds)
1 /   0.0001075 /   0.0001075 (unperturbed bounds)
Solve 1: Forcing phase 2 since near primal feasible with unperturbed costs
num / max / sum primal infeasiblitiles
1 /   2.459e-05 /   2.459e-05 (  perturbed bounds)
1 /   2.481e-05 /   2.481e-05 (unperturbed bounds)
Solve 1: Forcing phase 2 since near primal feasible with unperturbed costs
num / max / sum primal infeasiblitiles
1 /   7.662e-05 /   7.662e-05 (  perturbed bounds)
1 /   7.681e-05 /   7.681e-05 (unperturbed bounds)
Solve 1: Forcing phase 2 since near primal feasible with unperturbed costs
num / max / sum primal infeasiblitiles
1 /   0.0002332 /   0.0002332 (  perturbed bounds)
1 /   0.0002336 /   0.0002336 (unperturbed bounds)
Solve 1: Forcing phase 2 since near primal feasible with unperturbed costs
num / max / sum primal infeasiblitiles
1 /   0.0002476 /   0.0002476 (  perturbed bounds)
1 /   0.0002478 /   0.0002478 (unperturbed bounds)
Solve 1: Forcing phase 2 since near primal feasible with unperturbed costs
num / max / sum primal infeasiblitiles
1 /   0.0001913 /   0.0001913 (  perturbed bounds)
1 /   0.0001912 /   0.0001912 (unperturbed bounds)
Solve 1: Forcing phase 2 since near primal feasible with unperturbed costs
num / max / sum primal infeasiblitiles
1 /   0.0001668 /   0.0001668 (  perturbed bounds)
1 /   0.0001671 /   0.0001671 (unperturbed bounds)
Solve 1: Forcing phase 2 since near primal feasible with unperturbed costs
num / max / sum primal infeasiblitiles
1 /   0.0001511 /   0.0001511 (  perturbed bounds)
1 /   0.0001516 /   0.0001516 (unperturbed bounds)
Solve 1: Forcing phase 2 since near primal feasible with unperturbed costs
num / max / sum primal infeasiblitiles
1 /   0.0002616 /   0.0002616 (  perturbed bounds)
1 /   0.0002622 /   0.0002622 (unperturbed bounds)
Solve 1: Forcing phase 2 since near primal feasible with unperturbed costs
num / max / sum primal infeasiblitiles
1 /   0.0002911 /   0.0002911 (  perturbed bounds)
1 /   0.0002908 /   0.0002908 (unperturbed bounds)
Solve 1: Forcing phase 2 since near primal feasible with unperturbed costs
num / max / sum primal infeasiblitiles
1 /   0.0002833 /   0.0002833 (  perturbed bounds)
1 /   0.0002834 /   0.0002834 (unperturbed bounds)
Solve 1: Forcing phase 2 since near primal feasible with unperturbed costs
num / max / sum primal infeasiblitiles
1 /   0.0002356 /   0.0002356 (  perturbed bounds)
1 /   0.0002341 /   0.0002341 (unperturbed bounds)
Solve 1: Forcing phase 2 since near primal feasible with unperturbed costs
num / max / sum primal infeasiblitiles
1 /   0.0001486 /   0.0001486 (  perturbed bounds)
1 /    0.000149 /    0.000149 (unperturbed bounds)
Solve 1: Forcing phase 2 since near primal feasible with unperturbed costs
num / max / sum primal infeasiblitiles
1 /   0.0001805 /   0.0001805 (  perturbed bounds)
1 /   0.0001805 /   0.0001805 (unperturbed bounds)
Solve 1: Forcing phase 2 since near primal feasible with unperturbed costs
num / max / sum prima[ 2627.7s]   30/40 paths (kills 0); ideal count at deepest logged n: 100463 median
l infeasiblitiles
1 /   0.0002077 /   0.0002077 (  perturbed bounds)
1 /    0.000208 /    0.000208 (unperturbed bounds)
Solve 1: Forcing phase 2 since near primal feasible with unperturbed costs
num / max / sum primal infeasiblitiles
1 /    0.000235 /    0.000235 (  perturbed bounds)
1 /   0.0002348 /   0.0002348 (unperturbed bounds)
Solve 1: Forcing phase 2 since near primal feasible with unperturbed costs
num / max / sum primal infeasiblitiles
1 /   5.408e-05 /   5.408e-05 (  perturbed bounds)
1 /   5.405e-05 /   5.405e-05 (unperturbed bounds)
Solve 1: Forcing phase 2 since near primal feasible with unperturbed costs
num / max / sum primal infeasiblitiles
2 /   0.0002417 /   0.0004227 (  perturbed bounds)
2 /    0.000241 /   0.0004222 (unperturbed bounds)
Solve 1: Forcing phase 2 since near primal feasible with unperturbed costs
num / max / sum primal infeasiblitiles
1 /   0.0001218 /   0.0001218 (  perturbed bounds)
1 /   0.0001225 /   0.0001225 (unperturbed bounds)
Solve 1: Forcing phase 2 since near primal feasible with unperturbed costs
num / max / sum primal infeasiblitiles
1 /   0.0002011 /   0.0002011 (  perturbed bounds)
1 /    0.000201 /    0.000201 (unperturbed bounds)
Solve 1: Forcing phase 2 since near primal feasible with unperturbed costs
num / max / sum primal infeasiblitiles
1 /   7.883e-05 /   7.883e-05 (  perturbed bounds)
1 /   7.883e-05 /   7.883e-05 (unperturbed bounds)
Solve 1: Forcing phase 2 since near primal feasible with unperturbed costs
num / max / sum primal infeasiblitiles
1 /   0.0002244 /   0.0002244 (  perturbed bounds)
1 /   0.0002248 /   0.0002248 (unperturbed bounds)
Solve 1: Forcing phase 2 since near primal feasible with unperturbed costs
num / max / sum primal infeasiblitiles
1 /   4.505e-05 /   4.505e-05 (  perturbed bounds)
1 /   4.518e-05 /   4.518e-05 (unperturbed bounds)
Solve 1: Forcing phase 2 since near primal feasible with unperturbed costs
num / max / sum primal infeasiblitiles
1 /   0.0001294 /   0.0001294 (  perturbed bounds)
1 /   0.0001305 /   0.0001305 (unperturbed bounds)
Solve 1: Forcing phase 2 since near primal feasible with unperturbed costs
num / max / sum primal infeasiblitiles
1 /   0.0002894 /   0.0002894 (  perturbed bounds)
1 /   0.0002894 /   0.0002894 (unperturbed bounds)
Solve 1: Forcing phase 2 since near primal feasible with unperturbed costs
num / max / sum primal infeasiblitiles
1 /   0.0001644 /   0.0001644 (  perturbed bounds)
1 /   0.0001647 /   0.0001647 (unperturbed bounds)
Solve 1: Forcing phase 2 since near primal feasible with unperturbed costs
num / max / sum primal infeasiblitiles
2 /   0.0002694 /   0.0003243 (  perturbed bounds)
2 /   0.0002689 /   0.0003239 (unperturbed bounds)
Solve 1: Forcing phase 2 since near primal feasible with unperturbed costs
num / max / sum primal infeasiblitiles
1 /   0.0001167 /   0.0001167 (  perturbed bounds)
1 /   0.0001185 /   0.0001185 (unperturbed bounds)
Solve 1: Forcing phase 2 since near primal feasible with unperturbed costs
num / max / sum primal infeasiblitiles
1 /   0.0001859 /   0.0001859 (  perturbed bounds)
1 /   0.0001854 /   0.0001854 (unperturbed bounds)
Solve 1: Forcing phase 2 since near primal feasible with unperturbed costs
num / max / sum primal infeasiblitiles
1 /   8.852e-05 /   8.852e-05 (  perturbed bounds)
1 /   8.743e-05 /   8.743e-05 (unperturbed bounds)
Solve 1: Forcing phase 2 since near primal feasible with unperturbed costs
num / max / sum primal infeasiblitiles
1 /   0.0002354 /   0.0002354 (  perturbed bounds)
1 /   0.0002361 /   0.0002361 (unperturbed bounds)
Solve 1: Forcing phase 2 since near primal feasible with unperturbed costs
num / max / sum primal infeasiblitiles
2 /   0.0002955 /   0.0003304 (  perturbed bounds)
2 /   0.0002954 /   0.0003303 (unperturbed bounds)
Solve 1: Forcing phase 2 since near primal feasible with unperturbed costs
num / max / sum primal infeasiblitiles
1 /   0.0002498 /   0.0002498 (  perturbed bounds)
1 /   0.0002497 /   0.0002497 (unperturbed bounds)
Solve 1: Forcing phase 2 since near primal feasible with unperturbed costs
num / max / s[ 2712.1s]   31/40 paths (kills 0); ideal count at deepest logged n: 102078 median
[ 2782.9s]   32/40 paths (kills 0); ideal count at deepest logged n: 109714 median
um primal infeasiblitiles
1 /   0.0002689 /   0.0002689 (  perturbed bounds)
1 /   0.0002689 /   0.0002689 (unperturbed bounds)
Solve 1: Forcing phase 2 since near primal feasible with unperturbed costs
num / max / sum primal infeasiblitiles
1 /     0.00029 /     0.00029 (  perturbed bounds)
1 /   0.0002887 /   0.0002887 (unperturbed bounds)
Solve 1: Forcing phase 2 since near primal feasible with unperturbed costs
num / max / sum primal infeasiblitiles
1 /   7.254e-05 /   7.254e-05 (  perturbed bounds)
1 /   7.149e-05 /   7.149e-05 (unperturbed bounds)
Solve 1: Forcing phase 2 since near primal feasible with unperturbed costs
num / max / sum primal infeasiblitiles
1 /   0.0002414 /   0.0002414 (  perturbed bounds)
1 /   0.0002416 /   0.0002416 (unperturbed bounds)
Solve 1: Forcing phase 2 since near primal feasible with unperturbed costs
num / max / sum primal infeasiblitiles
2 /   0.0002723 /   0.0005393 (  perturbed bounds)
2 /   0.0002723 /   0.0005394 (unperturbed bounds)
Solve 1: Forcing phase 2 since near primal feasible with unperturbed costs
num / max / sum primal infeasiblitiles
1 /   7.514e-05 /   7.514e-05 (  perturbed bounds)
1 /   7.493e-05 /   7.493e-05 (unperturbed bounds)
Solve 1: Forcing phase 2 since near primal feasible with unperturbed costs
num / max / sum primal infeasiblitiles
1 /   0.0002847 /   0.0002847 (  perturbed bounds)
1 /   0.0002849 /   0.0002849 (unperturbed bounds)
Solve 1: Forcing phase 2 since near primal feasible with unperturbed costs
num / max / sum primal infeasiblitiles
1 /   8.781e-05 /   8.781e-05 (  perturbed bounds)
1 /   8.818e-05 /   8.818e-05 (unperturbed bounds)
Solve 1: Forcing phase 2 since near primal feasible with unperturbed costs
num / max / sum primal infeasiblitiles
1 /   0.0001639 /   0.0001639 (  perturbed bounds)
1 /   0.0001648 /   0.0001648 (unperturbed bounds)
Solve 1: Forcing phase 2 since near primal feasible with unperturbed costs
num / max / sum primal infeasiblitiles
1 /   0.0001069 /   0.0001069 (  perturbed bounds)
1 /   0.0001084 /   0.0001084 (unperturbed bounds)
Solve 1: Forcing phase 2 since near primal feasible with unperturbed costs
num / max / sum primal infeasiblitiles
1 /   4.161e-05 /   4.161e-05 (  perturbed bounds)
1 /   4.188e-05 /   4.188e-05 (unperturbed bounds)
Solve 1: Forcing phase 2 since near primal feasible with unperturbed costs
num / max / sum primal infeasiblitiles
1 /   0.0002099 /   0.0002099 (  perturbed bounds)
1 /   0.0002104 /   0.0002104 (unperturbed bounds)
Solve 1: Forcing phase 2 since near primal feasible with unperturbed costs
num / max / sum primal infeasiblitiles
1 /   0.0002779 /   0.0002779 (  perturbed bounds)
1 /   0.0002781 /   0.0002781 (unperturbed bounds)
Solve 1: Forcing phase 2 since near primal feasible with unperturbed costs
num / max / sum primal infeasiblitiles
1 /   0.0001453 /   0.0001453 (  perturbed bounds)
1 /   0.0001459 /   0.0001459 (unperturbed bounds)
Solve 1: Forcing phase 2 since near primal feasible with unperturbed costs
num / max / sum primal infeasiblitiles
1 /    1.28e-06 /    1.28e-06 (  perturbed bounds)
1 /   1.349e-06 /   1.349e-06 (unperturbed bounds)
Solve 1: Forcing phase 2 since near primal feasible with unperturbed costs
num / max / sum primal infeasiblitiles
1 /   0.0001168 /   0.0001168 (  perturbed bounds)
1 /   0.0001168 /   0.0001168 (unperturbed bounds)
Solve 1: Forcing phase 2 since near primal feasible with unperturbed costs
num / max / sum primal infeasiblitiles
1 /   3.816e-05 /   3.816e-05 (  perturbed bounds)
1 /   3.876e-05 /   3.876e-05 (unperturbed bounds)
Solve 1: Forcing phase 2 since near primal feasible with unperturbed costs
num / max / sum primal infeasiblitiles
1 /   0.0002669 /   0.0002669 (  perturbed bounds)
1 /    0.000267 /    0.000267 (unperturbed bounds)
Solve 1: Forcing phase 2 since near primal feasible with unperturbed costs
num / max / sum primal infeasiblitiles
1 /   1.315e-05 /   1.315e-05 (  perturbed bounds)
1 /   1.335e-05 /   1.335e-05 (unperturbed bounds)
Solve 1: Forcing phase 2 since near primal feasible with unperturbed costs
num /[ 2877.3s]   33/40 paths (kills 0); ideal count at deepest logged n: 102078 median
[ 2960.2s]   34/40 paths (kills 0); ideal count at deepest logged n: 102130 median
 max / sum primal infeasiblitiles
2 /   0.0002966 /   0.0004899 (  perturbed bounds)
2 /    0.000297 /   0.0004907 (unperturbed bounds)
Solve 1: Forcing phase 2 since near primal feasible with unperturbed costs
num / max / sum primal infeasiblitiles
1 /   0.0001123 /   0.0001123 (  perturbed bounds)
1 /   0.0001123 /   0.0001123 (unperturbed bounds)
Solve 1: Forcing phase 2 since near primal feasible with unperturbed costs
num / max / sum primal infeasiblitiles
1 /   0.0003135 /   0.0003135 (  perturbed bounds)
1 /   0.0003136 /   0.0003136 (unperturbed bounds)
Solve 1: Forcing phase 2 since near primal feasible with unperturbed costs
num / max / sum primal infeasiblitiles
1 /   8.884e-05 /   8.884e-05 (  perturbed bounds)
1 /   8.937e-05 /   8.937e-05 (unperturbed bounds)
Solve 1: Forcing phase 2 since near primal feasible with unperturbed costs
num / max / sum primal infeasiblitiles
1 /   0.0001454 /   0.0001454 (  perturbed bounds)
1 /   0.0001458 /   0.0001458 (unperturbed bounds)
Solve 1: Forcing phase 2 since near primal feasible with unperturbed costs
num / max / sum primal infeasiblitiles
1 /   0.0003009 /   0.0003009 (  perturbed bounds)
1 /   0.0003064 /   0.0003064 (unperturbed bounds)
Solve 1: Forcing phase 2 since near primal feasible with unperturbed costs
num / max / sum primal infeasiblitiles
1 /   0.0001564 /   0.0001564 (  perturbed bounds)
1 /   0.0001562 /   0.0001562 (unperturbed bounds)
Solve 1: Forcing phase 2 since near primal feasible with unperturbed costs
num / max / sum primal infeasiblitiles
1 /   0.0001377 /   0.0001377 (  perturbed bounds)
1 /   0.0001376 /   0.0001376 (unperturbed bounds)
Solve 1: Forcing phase 2 since near primal feasible with unperturbed costs
num / max / sum primal infeasiblitiles
1 /   0.0002852 /   0.0002852 (  perturbed bounds)
1 /   0.0002849 /   0.0002849 (unperturbed bounds)
Solve 1: Forcing phase 2 since near primal feasible with unperturbed costs
num / max / sum primal infeasiblitiles
1 /   8.395e-05 /   8.395e-05 (  perturbed bounds)
1 /   8.405e-05 /   8.405e-05 (unperturbed bounds)
Solve 1: Forcing phase 2 since near primal feasible with unperturbed costs
num / max / sum primal infeasiblitiles
1 /   0.0002168 /   0.0002168 (  perturbed bounds)
1 /   0.0002153 /   0.0002153 (unperturbed bounds)
Solve 1: Forcing phase 2 since near primal feasible with unperturbed costs
num / max / sum primal infeasiblitiles
1 /    0.000144 /    0.000144 (  perturbed bounds)
1 /   0.0001442 /   0.0001442 (unperturbed bounds)
Solve 1: Forcing phase 2 since near primal feasible with unperturbed costs
num / max / sum primal infeasiblitiles
1 /   6.157e-05 /   6.157e-05 (  perturbed bounds)
1 /   6.327e-05 /   6.327e-05 (unperturbed bounds)
Solve 1: Forcing phase 2 since near primal feasible with unperturbed costs
num / max / sum primal infeasiblitiles
1 /   0.0002225 /   0.0002225 (  perturbed bounds)
1 /   0.0002229 /   0.0002229 (unperturbed bounds)
Solve 1: Forcing phase 2 since near primal feasible with unperturbed costs
num / max / sum primal infeasiblitiles
1 /   0.0001117 /   0.0001117 (  perturbed bounds)
1 /    0.000112 /    0.000112 (unperturbed bounds)
Solve 1: Forcing phase 2 since near primal feasible with unperturbed costs
num / max / sum primal infeasiblitiles
1 /   0.0001293 /   0.0001293 (  perturbed bounds)
1 /   0.0001292 /   0.0001292 (unperturbed bounds)
Solve 1: Forcing phase 2 since near primal feasible with unperturbed costs
num / max / sum primal infeasiblitiles
1 /   0.0001009 /   0.0001009 (  perturbed bounds)
1 /   0.0001009 /   0.0001009 (unperturbed bounds)
Solve 1: Forcing phase 2 since near primal feasible with unperturbed costs
num / max / sum primal infeasiblitiles
1 /   0.0002632 /   0.0002632 (  perturbed bounds)
1 /   0.0002636 /   0.0002636 (unperturbed bounds)
Solve 1: Forcing phase 2 since near primal feasible with unperturbed costs
num / max / sum primal infeasiblitiles
1 /    0.000163 /    0.000163 (  perturbed bounds)
1 /   0.0001632 /   0.0001632 (unperturbed bounds)
Solve 1: Forcing phase 2 since near primal feasible with unperturbed cos[ 3052.7s]   35/40 paths (kills 0); ideal count at deepest logged n: 102182 median
ts
num / max / sum primal infeasiblitiles
1 /   0.0002069 /   0.0002069 (  perturbed bounds)
1 /   0.0002074 /   0.0002074 (unperturbed bounds)
Solve 1: Forcing phase 2 since near primal feasible with unperturbed costs
num / max / sum primal infeasiblitiles
1 /   3.983e-05 /   3.983e-05 (  perturbed bounds)
1 /    3.69e-05 /    3.69e-05 (unperturbed bounds)
Solve 1: Forcing phase 2 since near primal feasible with unperturbed costs
num / max / sum primal infeasiblitiles
1 /   0.0003122 /   0.0003122 (  perturbed bounds)
1 /    0.000312 /    0.000312 (unperturbed bounds)
Solve 1: Forcing phase 2 since near primal feasible with unperturbed costs
num / max / sum primal infeasiblitiles
1 /    0.000121 /    0.000121 (  perturbed bounds)
1 /   0.0001214 /   0.0001214 (unperturbed bounds)
Solve 1: Forcing phase 2 since near primal feasible with unperturbed costs
num / max / sum primal infeasiblitiles
1 /   4.835e-05 /   4.835e-05 (  perturbed bounds)
1 /   4.876e-05 /   4.876e-05 (unperturbed bounds)
Solve 1: Forcing phase 2 since near primal feasible with unperturbed costs
num / max / sum primal infeasiblitiles
1 /   0.0002689 /   0.0002689 (  perturbed bounds)
1 /   0.0002693 /   0.0002693 (unperturbed bounds)
Solve 1: Forcing phase 2 since near primal feasible with unperturbed costs
num / max / sum primal infeasiblitiles
1 /   0.0001711 /   0.0001711 (  perturbed bounds)
1 /   0.0001709 /   0.0001709 (unperturbed bounds)
Solve 1: Forcing phase 2 since near primal feasible with unperturbed costs
num / max / sum primal infeasiblitiles
1 /   0.0001354 /   0.0001354 (  perturbed bounds)
1 /   0.0001362 /   0.0001362 (unperturbed bounds)
Solve 1: Forcing phase 2 since near primal feasible with unperturbed costs
num / max / sum primal infeasiblitiles
1 /   2.962e-05 /   2.962e-05 (  perturbed bounds)
1 /   2.935e-05 /   2.935e-05 (unperturbed bounds)
Solve 1: Forcing phase 2 since near primal feasible with unperturbed costs
num / max / sum primal infeasiblitiles
1 /   0.0002501 /   0.0002501 (  perturbed bounds)
1 /   0.0002496 /   0.0002496 (unperturbed bounds)
Solve 1: Forcing phase 2 since near primal feasible with unperturbed costs
num / max / sum primal infeasiblitiles
1 /   0.0002843 /   0.0002843 (  perturbed bounds)
1 /   0.0002834 /   0.0002834 (unperturbed bounds)
Solve 1: Forcing phase 2 since near primal feasible with unperturbed costs
num / max / sum primal infeasiblitiles
1 /    1.41e-05 /    1.41e-05 (  perturbed bounds)
1 /   1.448e-05 /   1.448e-05 (unperturbed bounds)
Solve 1: Forcing phase 2 since near primal feasible with unperturbed costs
num / max / sum primal infeasiblitiles
1 /   0.0001301 /   0.0001301 (  perturbed bounds)
1 /   0.0001307 /   0.0001307 (unperturbed bounds)
Solve 1: Forcing phase 2 since near primal feasible with unperturbed costs
num / max / sum primal infeasiblitiles
1 /   0.0002881 /   0.0002881 (  perturbed bounds)
1 /   0.0002875 /   0.0002875 (unperturbed bounds)
Solve 1: Forcing phase 2 since near primal feasible with unperturbed costs
num / max / sum primal infeasiblitiles
1 /   0.0002695 /   0.0002695 (  perturbed bounds)
1 /    0.000269 /    0.000269 (unperturbed bounds)
Solve 1: Forcing phase 2 since near primal feasible with unperturbed costs
num / max / sum primal infeasiblitiles
1 /   0.0001091 /   0.0001091 (  perturbed bounds)
1 /   0.0001097 /   0.0001097 (unperturbed bounds)
Solve 1: Forcing phase 2 since near primal feasible with unperturbed costs
num / max / sum primal infeasiblitiles
1 /   7.599e-05 /   7.599e-05 (  perturbed bounds)
1 /   7.625e-05 /   7.625e-05 (unperturbed bounds)
Solve 1: Forcing phase 2 since near primal feasible with unperturbed costs
num / max / sum primal infeasiblitiles
1 /   0.0002757 /   0.0002757 (  perturbed bounds)
1 /   0.0002798 /   0.0002798 (unperturbed bounds)
Solve 1: Forcing phase 2 since near primal feasible with unperturbed costs
num / max / sum primal infeasiblitiles
1 /     0.00021 /     0.00021 (  perturbed bounds)
1 /    0.000207 /    0.000207 (unperturbed bounds)
Solve 1: Forcing phase 2 since near primal feasible with unpertu[ 3181.7s]   36/40 paths (kills 0); ideal count at deepest logged n: 102130 median
[ 3243.6s]   37/40 paths (kills 0); ideal count at deepest logged n: 102078 median
rbed costs
num / max / sum primal infeasiblitiles
1 /   1.745e-05 /   1.745e-05 (  perturbed bounds)
1 /   1.758e-05 /   1.758e-05 (unperturbed bounds)
Solve 1: Forcing phase 2 since near primal feasible with unperturbed costs
num / max / sum primal infeasiblitiles
1 /   0.0001843 /   0.0001843 (  perturbed bounds)
1 /   0.0001841 /   0.0001841 (unperturbed bounds)
Solve 1: Forcing phase 2 since near primal feasible with unperturbed costs
num / max / sum primal infeasiblitiles
1 /   0.0002262 /   0.0002262 (  perturbed bounds)
1 /   0.0002268 /   0.0002268 (unperturbed bounds)
Solve 1: Forcing phase 2 since near primal feasible with unperturbed costs
num / max / sum primal infeasiblitiles
1 /   2.337e-05 /   2.337e-05 (  perturbed bounds)
1 /   2.485e-05 /   2.485e-05 (unperturbed bounds)
Solve 1: Forcing phase 2 since near primal feasible with unperturbed costs
num / max / sum primal infeasiblitiles
1 /   3.486e-05 /   3.486e-05 (  perturbed bounds)
1 /   3.482e-05 /   3.482e-05 (unperturbed bounds)
Solve 1: Forcing phase 2 since near primal feasible with unperturbed costs
num / max / sum primal infeasiblitiles
1 /   1.549e-05 /   1.549e-05 (  perturbed bounds)
1 /   1.583e-05 /   1.583e-05 (unperturbed bounds)
Solve 1: Forcing phase 2 since near primal feasible with unperturbed costs
num / max / sum primal infeasiblitiles
1 /   0.0002433 /   0.0002433 (  perturbed bounds)
1 /   0.0002435 /   0.0002435 (unperturbed bounds)
Solve 1: Forcing phase 2 since near primal feasible with unperturbed costs
num / max / sum primal infeasiblitiles
1 /   0.0002176 /   0.0002176 (  perturbed bounds)
1 /   0.0002179 /   0.0002179 (unperturbed bounds)
Solve 1: Forcing phase 2 since near primal feasible with unperturbed costs
num / max / sum primal infeasiblitiles
1 /   0.0002236 /   0.0002236 (  perturbed bounds)
1 /    0.000224 /    0.000224 (unperturbed bounds)
Solve 1: Forcing phase 2 since near primal feasible with unperturbed costs
num / max / sum primal infeasiblitiles
1 /    0.000238 /    0.000238 (  perturbed bounds)
1 /   0.0002381 /   0.0002381 (unperturbed bounds)
Solve 1: Forcing phase 2 since near primal feasible with unperturbed costs
num / max / sum primal infeasiblitiles
1 /   0.0003043 /   0.0003043 (  perturbed bounds)
1 /   0.0003047 /   0.0003047 (unperturbed bounds)
Solve 1: Forcing phase 2 since near primal feasible with unperturbed costs
num / max / sum primal infeasiblitiles
1 /   0.0001273 /   0.0001273 (  perturbed bounds)
1 /   0.0001272 /   0.0001272 (unperturbed bounds)
Solve 1: Forcing phase 2 since near primal feasible with unperturbed costs
num / max / sum primal infeasiblitiles
1 /   0.0001047 /   0.0001047 (  perturbed bounds)
1 /    0.000105 /    0.000105 (unperturbed bounds)
Solve 1: Forcing phase 2 since near primal feasible with unperturbed costs
num / max / sum primal infeasiblitiles
1 /    0.000193 /    0.000193 (  perturbed bounds)
1 /   0.0001922 /   0.0001922 (unperturbed bounds)
Solve 1: Forcing phase 2 since near primal feasible with unperturbed costs
num / max / sum primal infeasiblitiles
1 /   7.949e-05 /   7.949e-05 (  perturbed bounds)
1 /   7.528e-05 /   7.528e-05 (unperturbed bounds)
Solve 1: Forcing phase 2 since near primal feasible with unperturbed costs
num / max / sum primal infeasiblitiles
1 /    6.38e-05 /    6.38e-05 (  perturbed bounds)
1 /   6.533e-05 /   6.533e-05 (unperturbed bounds)
Solve 1: Forcing phase 2 since near primal feasible with unperturbed costs
num / max / sum primal infeasiblitiles
1 /   0.0002744 /   0.0002744 (  perturbed bounds)
1 /    0.000274 /    0.000274 (unperturbed bounds)
Solve 1: Forcing phase 2 since near primal feasible with unperturbed costs
num / max / sum primal infeasiblitiles
1 /   0.0002498 /   0.0002498 (  perturbed bounds)
1 /   0.0002497 /   0.0002497 (unperturbed bounds)
Solve 1: Forcing phase 2 since near primal feasible with unperturbed costs
num / max / sum primal infeasiblitiles
1 /   0.0001412 /   0.0001412 (  perturbed bounds)
1 /   0.0001406 /   0.0001406 (unperturbed bounds)
Solve 1: Forcing phase 2 since near primal feasible with[ 3356.3s]   38/40 paths (kills 0); ideal count at deepest logged n: 102130 median
 unperturbed costs
num / max / sum primal infeasiblitiles
1 /   0.0002519 /   0.0002519 (  perturbed bounds)
1 /   0.0002521 /   0.0002521 (unperturbed bounds)
Solve 1: Forcing phase 2 since near primal feasible with unperturbed costs
num / max / sum primal infeasiblitiles
1 /   0.0002192 /   0.0002192 (  perturbed bounds)
1 /   0.0002194 /   0.0002194 (unperturbed bounds)
Solve 1: Forcing phase 2 since near primal feasible with unperturbed costs
num / max / sum primal infeasiblitiles
2 /   0.0002243 /    0.000269 (  perturbed bounds)
2 /   0.0002249 /   0.0002692 (unperturbed bounds)
Solve 1: Forcing phase 2 since near primal feasible with unperturbed costs
num / max / sum primal infeasiblitiles
1 /   0.0002296 /   0.0002296 (  perturbed bounds)
1 /   0.0002297 /   0.0002297 (unperturbed bounds)
Solve 1: Forcing phase 2 since near primal feasible with unperturbed costs
num / max / sum primal infeasiblitiles
1 /    2.89e-05 /    2.89e-05 (  perturbed bounds)
1 /   2.839e-05 /   2.839e-05 (unperturbed bounds)
Solve 1: Forcing phase 2 since near primal feasible with unperturbed costs
num / max / sum primal infeasiblitiles
1 /    0.000239 /    0.000239 (  perturbed bounds)
1 /   0.0002396 /   0.0002396 (unperturbed bounds)
Solve 1: Forcing phase 2 since near primal feasible with unperturbed costs
num / max / sum primal infeasiblitiles
1 /   0.0002363 /   0.0002363 (  perturbed bounds)
1 /   0.0002349 /   0.0002349 (unperturbed bounds)
Solve 1: Forcing phase 2 since near primal feasible with unperturbed costs
num / max / sum primal infeasiblitiles
1 /   7.859e-05 /   7.859e-05 (  perturbed bounds)
1 /   7.964e-05 /   7.964e-05 (unperturbed bounds)
Solve 1: Forcing phase 2 since near primal feasible with unperturbed costs
num / max / sum primal infeasiblitiles
1 /   9.155e-05 /   9.155e-05 (  perturbed bounds)
1 /   9.174e-05 /   9.174e-05 (unperturbed bounds)
Solve 1: Forcing phase 2 since near primal feasible with unperturbed costs
num / max / sum primal infeasiblitiles
1 /   0.0002739 /   0.0002739 (  perturbed bounds)
1 /   0.0002741 /   0.0002741 (unperturbed bounds)
Solve 1: Forcing phase 2 since near primal feasible with unperturbed costs
num / max / sum primal infeasiblitiles
1 /   0.0003053 /   0.0003053 (  perturbed bounds)
1 /   0.0003057 /   0.0003057 (unperturbed bounds)
Solve 1: Forcing phase 2 since near primal feasible with unperturbed costs
num / max / sum primal infeasiblitiles
2 /   0.0003098 /   0.0005949 (  perturbed bounds)
2 /   0.0003096 /    0.000595 (unperturbed bounds)
Solve 1: Forcing phase 2 since near primal feasible with unperturbed costs
num / max / sum primal infeasiblitiles
1 /   0.0001792 /   0.0001792 (  perturbed bounds)
1 /    0.000179 /    0.000179 (unperturbed bounds)
Solve 1: Forcing phase 2 since near primal feasible with unperturbed costs
num / max / sum primal infeasiblitiles
2 /   0.0002266 /   0.0003611 (  perturbed bounds)
2 /   0.0002267 /   0.0003609 (unperturbed bounds)
Solve 1: Forcing phase 2 since near primal feasible with unperturbed costs
num / max / sum primal infeasiblitiles
1 /   3.424e-05 /   3.424e-05 (  perturbed bounds)
1 /   3.453e-05 /   3.453e-05 (unperturbed bounds)
Solve 1: Forcing phase 2 since near primal feasible with unperturbed costs
num / max / sum primal infeasiblitiles
1 /   3.953e-05 /   3.953e-05 (  perturbed bounds)
1 /   3.933e-05 /   3.933e-05 (unperturbed bounds)
Solve 1: Forcing phase 2 since near primal feasible with unperturbed costs
num / max / sum primal infeasiblitiles
1 /   1.966e-05 /   1.966e-05 (  perturbed bounds)
1 /   2.002e-05 /   2.002e-05 (unperturbed bounds)
Solve 1: Forcing phase 2 since near primal feasible with unperturbed costs
num / max / sum primal infeasiblitiles
1 /   4.455e-05 /   4.455e-05 (  perturbed bounds)
1 /   4.496e-05 /   4.496e-05 (unperturbed bounds)
Solve 1: Forcing phase 2 since near primal feasible with unperturbed costs
num / max / sum primal infeasiblitiles
1 /   0.0001343 /   0.0001343 (  perturbed bounds)
1 /   0.0001341 /   0.0001341 (unperturbed bounds)
Solve 1: Forcing phase 2 since near primal feasi[ 3447.9s]   39/40 paths (kills 0); ideal count at deepest logged n: 102078 median
[ 3504.7s] paths: 40 complete, 0 killed (cap/infeasible)
[ 3504.7s] == r(n), d_eff(n), height, minima, ideal counts ==
[ 3504.7s]   n=  5: r = 0.4000±0.0000  d_eff = 2.272  height =  2.00  minima = 1.00  ideals med/max = 17/17
[ 3504.7s]   n= 10: r = 0.4956±0.0185  d_eff = 2.011  height =  3.65  minima = 1.35  ideals med/max = 82/388
[ 3504.7s]   n= 15: r = 0.5702±0.0136  d_eff = 1.840  height =  4.92  minima = 1.48  ideals med/max = 169/606
[ 3504.7s]   n= 20: r = 0.5830±0.0104  d_eff = 1.813  height =  5.80  minima = 1.52  ideals med/max = 410/1298
[ 3504.7s]   n= 25: r = 0.5873±0.0095  d_eff = 1.804  height =  6.55  minima = 1.55  ideals med/max = 958/2834
[ 3504.7s]   n= 30: r = 0.5990±0.0077  d_eff = 1.780  height =  7.30  minima = 1.55  ideals med/max = 1856/6832
[ 3504.7s]   n= 35: r = 0.6036±0.0070  d_eff = 1.771  height =  7.75  minima = 1.55  ideals med/max = 4016/13241
[ 3504.7s]   n= 40: r = 0.6170±0.0057  d_eff = 1.744  height =  8.32  minima = 1.55  ideals med/max = 8598/19519
[ 3504.7s]   n= 45: r = 0.6269±0.0056  d_eff = 1.724  height =  8.90  minima = 1.55  ideals med/max = 15468/42497
[ 3504.7s]   n= 50: r = 0.6295±0.0052  d_eff = 1.719  height =  9.32  minima = 1.55  ideals med/max = 29130/170325
[ 3504.7s]   n= 55: r = 0.6319±0.0045  d_eff = 1.715  height =  9.68  minima = 1.55  ideals med/max = 58325/265044
[ 3504.7s]   n= 60: r = 0.6378±0.0038  d_eff = 1.704  height = 10.05  minima = 1.55  ideals med/max = 101122/301566
[ 3504.7s] == discriminator: d_eff(50) = 1.719  d_eff(60) = 1.704  Delta = -0.016 ==
[ 3504.7s]    reading (a): SATURATION - UV plateau
[ 3504.7s] == spectral dimension (Hasse-graph random walk, final causets) ==
[ 3508.5s]   sigma =  2: P_return = 0.12863   d_s = 2.56
[ 3508.5s]   sigma =  4: P_return = 0.05302   d_s = 2.18
[ 3508.5s]   sigma =  6: P_return = 0.03405   d_s = 1.73
[ 3508.5s]   sigma =  8: P_return = 0.02653   d_s = 1.38
[ 3508.5s]   sigma = 10: P_return = 0.02275   d_s = 1.09
[ 3508.5s]   sigma = 14: P_return = 0.01928   d_s = 0.66
[ 3508.5s]   sigma = 20: P_return = 0.01755   d_s = 0.29
[ 3508.5s]   sigma = 28: P_return = 0.01694   d_s = 0.10
[ 3508.5s] DONE
ble with unperturbed costs
num / max / sum primal infeasiblitiles
1 /   0.0001691 /   0.0001691 (  perturbed bounds)
1 /   0.0001689 /   0.0001689 (unperturbed bounds)
Solve 1: Forcing phase 2 since near primal feasible with unperturbed costs
num / max / sum primal infeasiblitiles
1 /   0.0001577 /   0.0001577 (  perturbed bounds)
1 /   0.0001583 /   0.0001583 (unperturbed bounds)
Solve 1: Forcing phase 2 since near primal feasible with unperturbed costs
num / max / sum primal infeasiblitiles
1 /   0.0001711 /   0.0001711 (  perturbed bounds)
1 /   0.0001714 /   0.0001714 (unperturbed bounds)
Solve 1: Forcing phase 2 since near primal feasible with unperturbed costs
num / max / sum primal infeasiblitiles
1 /   0.0001602 /   0.0001602 (  perturbed bounds)
1 /   0.0001604 /   0.0001604 (unperturbed bounds)
Solve 1: Forcing phase 2 since near primal feasible with unperturbed costs
num / max / sum primal infeasiblitiles
2 /   0.0001152 /   0.0002249 (  perturbed bounds)
2 /   0.0001152 /   0.0002255 (unperturbed bounds)
Solve 1: Forcing phase 2 since near primal feasible with unperturbed costs
num / max / sum primal infeasiblitiles
1 /   0.0002742 /   0.0002742 (  perturbed bounds)
1 /    0.000274 /    0.000274 (unperturbed bounds)
Solve 1: Forcing phase 2 since near primal feasible with unperturbed costs
num / max / sum primal infeasiblitiles
1 /   2.542e-05 /   2.542e-05 (  perturbed bounds)
1 /   2.571e-05 /   2.571e-05 (unperturbed bounds)
Solve 1: Forcing phase 2 since near primal feasible with unperturbed costs
num / max / sum primal infeasiblitiles
1 /   7.965e-05 /   7.965e-05 (  perturbed bounds)
1 /    7.97e-05 /    7.97e-05 (unperturbed bounds)
Solve 1: Forcing phase 2 since near primal feasible with unperturbed costs
num / max / sum primal infeasiblitiles
1 /   5.075e-05 /   5.075e-05 (  perturbed bounds)
1 /   5.091e-05 /   5.091e-05 (unperturbed bounds)
