[    0.0s] anchors ok
[    0.0s] QUANTUM 4D law at phi4 = 4/sqrt6, 200 paths to n = 20
[   60.2s]   [quantum] 118/200 (QP fails 0)
[  103.7s] quantum done: 200 paths, 0 infeasible-parent kills
[  103.7s]   [quantum-4D] n= 6: r = 0.3333±0.0000  height =  2.00  minima =  1.00  N0..N3 =   5.00   0.00   0.00   0.00
[  103.7s]   [quantum-4D] n= 7: r = 0.3438±0.0077  height =  2.27  minima =  1.10  N0..N3 =   6.96   0.00   0.00   0.00
[  103.7s]   [quantum-4D] n= 8: r = 0.4041±0.0087  height =  2.85  minima =  1.25  N0..N3 =  10.07   0.35   0.04   0.01
[  103.7s]   [quantum-4D] n= 9: r = 0.4415±0.0092  height =  3.17  minima =  1.37  N0..N3 =  13.04   1.19   0.17   0.03
[  103.7s]   [quantum-4D] n=10: r = 0.4764±0.0092  height =  3.57  minima =  1.45  N0..N3 =  15.76   2.67   0.67   0.17
[  103.7s]   [quantum-4D] n=11: r = 0.4966±0.0092  height =  3.87  minima =  1.52  N0..N3 =  18.47   3.83   1.52   0.60
[  103.7s]   [quantum-4D] n=12: r = 0.5086±0.0088  height =  4.11  minima =  1.56  N0..N3 =  21.30   5.29   2.07   1.10
[  103.7s]   [quantum-4D] n=13: r = 0.5196±0.0081  height =  4.34  minima =  1.62  N0..N3 =  24.19   6.82   2.90   1.70
[  103.7s]   [quantum-4D] n=14: r = 0.5287±0.0074  height =  4.59  minima =  1.66  N0..N3 =  27.10   8.49   3.94   2.24
[  103.7s]   [quantum-4D] n=15: r = 0.5406±0.0068  height =  4.83  minima =  1.69  N0..N3 =  29.98  10.37   5.33   2.92
[  103.7s]   [quantum-4D] n=16: r = 0.5490±0.0064  height =  5.03  minima =  1.71  N0..N3 =  32.97  12.11   6.54   3.84
[  103.7s]   [quantum-4D] n=17: r = 0.5549±0.0058  height =  5.26  minima =  1.73  N0..N3 =  35.91  13.79   8.02   4.96
[  103.7s]   [quantum-4D] n=18: r = 0.5575±0.0056  height =  5.42  minima =  1.75  N0..N3 =  38.88  15.57   9.38   5.92
[  103.7s]   [quantum-4D] n=19: r = 0.5614±0.0055  height =  5.62  minima =  1.76  N0..N3 =  41.77  17.66  10.79   6.95
[  103.7s]   [quantum-4D] n=20: r = 0.5644±0.0051  height =  5.75  minima =  1.76  N0..N3 =  44.93  19.68  12.52   7.89
[  103.7s] branching entropy H(n) of the max-entropy law (burst test):
[  103.7s]   n= 1: H = 0.0000 nats
[  103.7s]   n= 2: H = 0.0000 nats
[  103.7s]   n= 3: H = 0.0000 nats
[  103.7s]   n= 4: H = 0.0000 nats
[  103.7s]   n= 5: H = 0.0000 nats
[  103.7s]   n= 6: H = 0.5839 nats
[  103.7s]   n= 7: H = 1.5613 nats
[  103.7s]   n= 8: H = 1.9677 nats
[  103.7s]   n= 9: H = 2.2910 nats
[  103.7s]   n=10: H = 2.5627 nats
[  103.7s]   n=11: H = 2.8352 nats
[  103.7s]   n=12: H = 3.0903 nats
[  103.7s]   n=13: H = 3.3201 nats
[  103.7s]   n=14: H = 3.5392 nats
[  103.7s]   n=15: H = 3.7084 nats
[  103.7s]   n=16: H = 3.8525 nats
[  103.7s]   n=17: H = 4.0038 nats
[  103.7s]   n=18: H = 4.1331 nats
[  103.7s]   n=19: H = 4.2494 nats
[  103.7s] CLASSICAL uniform growth, 400 paths
[  111.5s]   [uniform] n= 6: r = 0.5035±0.0078  height =  3.16  minima =  2.23  N0..N3 =   5.22   1.63   0.54   0.15
[  111.5s]   [uniform] n= 7: r = 0.5051±0.0068  height =  3.46  minima =  2.28  N0..N3 =   6.89   2.37   0.92   0.33
[  111.5s]   [uniform] n= 8: r = 0.5079±0.0059  height =  3.75  minima =  2.32  N0..N3 =   8.73   3.28   1.37   0.57
[  111.5s]   [uniform] n= 9: r = 0.5047±0.0055  height =  4.00  minima =  2.38  N0..N3 =  10.67   4.21   1.88   0.87
[  111.5s]   [uniform] n=10: r = 0.5109±0.0051  height =  4.24  minima =  2.39  N0..N3 =  12.84   5.29   2.57   1.28
[  111.5s]   [uniform] n=11: r = 0.5151±0.0048  height =  4.49  minima =  2.42  N0..N3 =  15.10   6.48   3.26   1.76
[  111.5s]   [uniform] n=12: r = 0.5175±0.0046  height =  4.70  minima =  2.44  N0..N3 =  17.46   7.70   4.10   2.27
[  111.5s]   [uniform] n=13: r = 0.5234±0.0042  height =  4.97  minima =  2.44  N0..N3 =  19.96   9.10   4.95   2.98
[  111.5s]   [uniform] n=14: r = 0.5271±0.0040  height =  5.20  minima =  2.45  N0..N3 =  22.58  10.54   5.90   3.61
[  111.5s]   [uniform] n=15: r = 0.5287±0.0038  height =  5.36  minima =  2.46  N0..N3 =  25.34  11.98   6.85   4.30
[  111.5s]   [uniform] n=16: r = 0.5322±0.0038  height =  5.53  minima =  2.46  N0..N3 =  28.18  13.57   7.84   5.05
[  111.5s]   [uniform] n=17: r = 0.5346±0.0035  height =  5.68  minima =  2.46  N0..N3 =  31.16  15.27   8.95   5.78
[  111.5s]   [uniform] n=18: r = 0.5395±0.0034  height =  5.88  minima =  2.47  N0..N3 =  34.19  17.08  10.09   6.73
[  111.5s]   [uniform] n=19: r = 0.5423±0.0033  height =  6.07  minima =  2.48  N0..N3 =  37.33  18.83  11.35   7.59
[  111.5s]   [uniform] n=20: r = 0.5441±0.0032  height =  6.21  minima =  2.48  N0..N3 =  40.53  20.69  12.57   8.51
[  111.5s] diamond sprinklings d = 2..5 (50k samples each at n = 6..20)
[  111.7s]   d=2: n=6:0.501  n=10:0.500  n=14:0.501  n=20:0.501
[  111.9s]   d=3: n=6:0.229  n=10:0.228  n=14:0.229  n=20:0.229
[  112.2s]   d=4: n=6:0.099  n=10:0.100  n=14:0.099  n=20:0.099
[  112.5s]   d=5: n=6:0.043  n=10:0.043  n=14:0.043  n=20:0.043
[  112.5s] == VERDICT TABLE: r(n) ==
[  112.5s]    n   quantum   uniform   d=2     d=3     d=4     d=5    fan   chain
[  112.5s]    6   0.3333   0.5035   0.5007  0.2293  0.0989  0.0431  0.333  1.000
[  112.5s]    8   0.4041   0.5079   0.5000  0.2283  0.0993  0.0427  0.250  1.000
[  112.5s]   10   0.4764   0.5109   0.4998  0.2277  0.0996  0.0428  0.200  1.000
[  112.5s]   12   0.5086   0.5175   0.5002  0.2281  0.0992  0.0428  0.167  1.000
[  112.5s]   14   0.5287   0.5271   0.5007  0.2287  0.0987  0.0429  0.143  1.000
[  112.5s]   16   0.5490   0.5322   0.5009  0.2283  0.0988  0.0432  0.125  1.000
[  112.5s]   18   0.5575   0.5395   0.5010  0.2287  0.0988  0.0431  0.111  1.000
[  112.5s]   20   0.5644   0.5441   0.5009  0.2289  0.0991  0.0434  0.100  1.000
[  112.5s]   n=14: nearest sprinkling dimension d = 2 (|dr| = 0.0280; to others d2:0.028 d3:0.300 d4:0.430 d5:0.486)
[  112.5s]   n=20: nearest sprinkling dimension d = 2 (|dr| = 0.0636; to others d2:0.064 d3:0.336 d4:0.465 d5:0.521)
[  112.5s] DONE
Solve 1: Forcing phase 2 since near primal feasible with unperturbed costs
num / max / sum primal infeasiblitiles
1 /   0.0001835 /   0.0001835 (  perturbed bounds)
1 /   0.0001836 /   0.0001836 (unperturbed bounds)
Solve 1: Forcing phase 2 since near primal feasible with unperturbed costs
num / max / sum primal infeasiblitiles
1 /   0.0002823 /   0.0002823 (  perturbed bounds)
1 /   0.0002824 /   0.0002824 (unperturbed bounds)
Solve 1: Forcing phase 2 since near primal feasible with unperturbed costs
num / max / sum primal infeasiblitiles
1 /   0.0002557 /   0.0002557 (  perturbed bounds)
1 /   0.0002558 /   0.0002558 (unperturbed bounds)
Solve 1: Forcing phase 2 since near primal feasible with unperturbed costs
num / max / sum primal infeasiblitiles
1 /   0.0002125 /   0.0002125 (  perturbed bounds)
1 /   0.0002126 /   0.0002126 (unperturbed bounds)
Solve 1: Forcing phase 2 since near primal feasible with unperturbed costs
num / max / sum primal infeasiblitiles
1 /   5.573e-05 /   5.573e-05 (  perturbed bounds)
1 /   5.596e-05 /   5.596e-05 (unperturbed bounds)
Solve 1: Forcing phase 2 since near primal feasible with unperturbed costs
num / max / sum primal infeasiblitiles
1 /   0.0002751 /   0.0002751 (  perturbed bounds)
1 /   0.0002753 /   0.0002753 (unperturbed bounds)
Solve 1: Forcing phase 2 since near primal feasible with unperturbed costs
num / max / sum primal infeasiblitiles
1 /   7.489e-05 /   7.489e-05 (  perturbed bounds)
1 /   7.518e-05 /   7.518e-05 (unperturbed bounds)
Solve 1: Forcing phase 2 since near primal feasible with unperturbed costs
num / max / sum primal infeasiblitiles
1 /   0.0002935 /   0.0002935 (  perturbed bounds)
1 /   0.0002937 /   0.0002937 (unperturbed bounds)
Solve 1: Forcing phase 2 since near primal feasible with unperturbed costs
num / max / sum primal infeasiblitiles
1 /    8.85e-06 /    8.85e-06 (  perturbed bounds)
1 /   9.178e-06 /   9.178e-06 (unperturbed bounds)
Solve 1: Forcing phase 2 since near primal feasible with unperturbed costs
num / max / sum primal infeasiblitiles
1 /   0.0001314 /   0.0001314 (  perturbed bounds)
1 /   0.0001318 /   0.0001318 (unperturbed bounds)
