causets per level: {1: 1, 2: 2, 3: 5, 4: 16, 5: 63, 6: 318, 7: 2045, 8: 16999}
FAN-CHAIN: n=8 height=5 k-census={0: 7, 1: 6, 2: 5, 3: 4} hereditary-real=True
FAN-V: n=8 height=4 k-census={0: 8, 2: 1, 3: 4, 1: 8} hereditary-real=True
hereditary-real per level: {1: 1, 2: 2, 3: 5, 4: 14, 5: 46, 6: 179, 7: 834, 8: 4735}
ESCAPEES (k>=3 links, predicate-real): 2
   n=8 h=5 census={0: 7, 1: 6, 2: 5, 3: 4}
   n=8 h=4 census={0: 8, 2: 1, 3: 4, 1: 8}
height>=5 predicate-real causets: 1
children built
round 0: support 19449, proven dead this round 1226
round 1: support 9213, proven dead this round 911
round 2: support 6486, proven dead this round 416
round 3: support 5885, proven dead this round 69
round 4: support 5816, proven dead this round 0

GATE survivors per level: {1: 1, 2: 2, 3: 5, 4: 14, 5: 46, 6: 179, 7: 834, 8: 4735}
gate == hereditary-real: True
FAN-CHAIN survives gate: True
FAN-V survives gate: True
height>=5 gate survivors: 1
DONE
