phi  member  weight  n:  <S>/n - 1        deltaS        deltaS/sqrt(n)
  phi=0.900 maxmin psi n=2: -0.5000   1.0000   0.7071
  phi=0.900 maxmin psi n=3: -0.6667   1.7286   0.9980
  phi=0.900 maxmin psi n=4: -1.0428   3.5748   1.7874
  phi=0.900 maxmin psi n=5: -1.1888   4.2373   1.8950
  phi=0.900 maxmin psi n=6: -0.8676   5.1652   2.1087
  phi=0.900 maxmin psi n=7: -0.9494   6.2936   2.3788
  phi=0.900 maxmin psi2 n=2: -0.5000   1.0000   0.7071
  phi=0.900 maxmin psi2 n=3: -0.6113   1.7057   0.9848
  phi=0.900 maxmin psi2 n=4: -1.1954   2.9868   1.4934
  phi=0.900 maxmin psi2 n=5: -1.4155   3.5211   1.5747
  phi=0.900 maxmin psi2 n=6: -0.8201   4.4136   1.8019
  phi=0.900 maxmin psi2 n=7: -0.8821   6.2424   2.3594
  phi=0.900 deep psi n=2: -0.5000   1.0000   0.7071
  phi=0.900 deep psi n=3: -0.6667   1.8049   1.0420
  phi=0.900 deep psi n=4: -0.6595   2.6284   1.3142
  phi=0.900 deep psi n=5: -0.8424   3.1447   1.4063
  phi=0.900 deep psi n=6: -0.9158   4.4266   1.8072
  phi=0.900 deep psi n=7: -1.0076   5.3795   2.0333
  phi=0.900 deep psi2 n=2: -0.5000   1.0000   0.7071
  phi=0.900 deep psi2 n=3: -0.6664   1.8358   1.0599
  phi=0.900 deep psi2 n=4: -0.6012   2.0849   1.0425
  phi=0.900 deep psi2 n=5: -0.7601   2.5308   1.1318
  phi=0.900 deep psi2 n=6: -0.9598   3.5421   1.4461
  phi=0.900 deep psi2 n=7: -1.0548   4.2519   1.6070
  phi=1.200 maxmin psi n=2: -0.5000   1.0000   0.7071
  phi=1.200 maxmin psi n=3: -0.6667   1.4833   0.8564
  phi=1.200 maxmin psi n=4: -0.8685   2.0987   1.0494
  phi=1.200 maxmin psi n=5: -0.9350   3.5013   1.5658
  phi=1.200 maxmin psi n=6: -0.9374   4.9257   2.0109
  phi=1.200 maxmin psi n=7: -0.9841   5.7315   2.1663
  phi=1.200 maxmin psi2 n=2: -0.5000   1.0000   0.7071
  phi=1.200 maxmin psi2 n=3: -0.6279   1.1165   0.6446
  phi=1.200 maxmin psi2 n=4: -0.8006   1.5390   0.7695
  phi=1.200 maxmin psi2 n=5: -0.9201   2.6044   1.1647
  phi=1.200 maxmin psi2 n=6: -1.0265   4.2370   1.7297
  phi=1.200 maxmin psi2 n=7: -1.0520   4.7630   1.8003
  phi=1.200 deep psi n=2: -0.5000   1.0000   0.7071
  phi=1.200 deep psi n=3: -0.6667   1.5164   0.8755
  phi=1.200 deep psi n=4: -0.7567   2.2617   1.1308
  phi=1.200 deep psi n=5: -0.9275   3.4129   1.5263
  phi=1.200 deep psi n=6: -0.9423   4.4137   1.8019
  phi=1.200 deep psi n=7: -1.0217   5.4612   2.0641
  phi=1.200 deep psi2 n=2: -0.5000   1.0000   0.7071
  phi=1.200 deep psi2 n=3: -0.6656   1.1610   0.6703
  phi=1.200 deep psi2 n=4: -0.8586   1.5997   0.7998
  phi=1.200 deep psi2 n=5: -1.0067   2.4393   1.0909
  phi=1.200 deep psi2 n=6: -0.9557   3.4341   1.4020
  phi=1.200 deep psi2 n=7: -1.0840   4.4125   1.6678
  phi=1.047 maxmin psi n=2: -0.5000   1.0000   0.7071
  phi=1.047 maxmin psi n=3: -0.6667   1.5811   0.9129
  phi=1.047 maxmin psi n=4: -0.7859   2.4791   1.2396
  phi=1.047 maxmin psi n=5: -0.9523   3.9487   1.7659
  phi=1.047 maxmin psi n=6: -0.7371   5.1268   2.0930
  phi=1.047 maxmin psi n=7: -0.9362   5.5837   2.1104
  phi=1.047 maxmin psi2 n=2: -0.5000   1.0000   0.7071
  phi=1.047 maxmin psi2 n=3: -0.6263   1.3429   0.7753
  phi=1.047 maxmin psi2 n=4: -0.8211   1.8634   0.9317
  phi=1.047 maxmin psi2 n=5: -1.0465   3.4307   1.5342
  phi=1.047 maxmin psi2 n=6: -0.3982   4.5505   1.8578
  phi=1.047 maxmin psi2 n=7: -0.8992   4.6516   1.7581
  phi=1.047 deep psi n=2: -0.5000   1.0000   0.7071
  phi=1.047 deep psi n=3: -0.6667   1.5119   0.8729
  phi=1.047 deep psi n=4: -0.9350   2.7848   1.3924
  phi=1.047 deep psi n=5: -0.8939   3.4985   1.5646
  phi=1.047 deep psi n=6: -0.9325   4.3574   1.7789
  phi=1.047 deep psi n=7: -1.0333   5.4445   2.0578
  phi=1.047 deep psi2 n=2: -0.5000   1.0000   0.7071
  phi=1.047 deep psi2 n=3: -0.5778   1.2365   0.7139
  phi=1.047 deep psi2 n=4: -1.1246   2.3738   1.1869
  phi=1.047 deep psi2 n=5: -0.8890   2.7882   1.2469
  phi=1.047 deep psi2 n=6: -0.9385   3.2411   1.3232
  phi=1.047 deep psi2 n=7: -1.0631   4.3165   1.6315
DONE
