law                      lam viol tightness worst regression
maxmin-completed d7      0.00    0     0.827    0.0476
maxmin-completed d7      0.25    0     0.769    0.0301
maxmin-completed d7      0.50    0     0.654    0.0127
maxmin-completed d7      0.75    0     0.308    0.0023
maxmin-completed d7      1.00    0     0.000    0.0000
  per-step X_minus(Q) (T=5->6 onward): 0.0055  0.0758
maxmin-completed d8      0.00    0     0.543    0.0388
maxmin-completed d8      0.25    0     0.447    0.0283
maxmin-completed d8      0.50    0     0.257    0.0177
maxmin-completed d8      0.75    0     0.205    0.0072
maxmin-completed d8      1.00    0     0.000    0.0000
  per-step X_minus(Q) (T=5->6 onward): 0.0252  0.0692  0.0412
pi/4 action-phased d7    0.00    0     0.682    0.0373
pi/4 action-phased d7    0.25    0     0.682    0.0213
pi/4 action-phased d7    0.50    0     0.682    0.0080
pi/4 action-phased d7    0.75    0     0.682    0.0015
pi/4 action-phased d7    1.00    0     0.000    0.0000
  per-step X_minus(Q) (T=5->6 onward): 0.0060  0.0644

FALSIFIER CONSTANTS (lam=0 worst single-record regression per
growth step, this tree/member): {'maxmin-completed d7': 0.0476, 'maxmin-completed d8': 0.0388, 'pi/4 action-phased d7': 0.0373}
Observable: record-probability regression per refinement step
<= (1-lambda) x (interference on that record); standard
decoherence-based QM predicts 0.  Measured regressions here are
O(0.01-0.2) per step at lam=0 and scale to 0 linearly in (1-lam).
DONE
