m-adic law check: c_k = 2q W(k), minimal q with m | 2q
  m   q           c_1           c_2           c_3           c_4           c_5
  3   3             0          -4/3        -40/27        -32/27        -64/81
  4   2           1/2          -1/4         -9/16       -81/128      -297/512
  5   5           8/5          4/25        -16/25      -128/125    -3584/3125
  6   3             1           1/3         -5/54        -25/72     -625/1296
  7   7          16/7         52/49        72/343     -864/2401    -1728/2401
  8   4           5/4         11/16        35/128      -49/2048   -3773/16384
  9   9           8/3         44/27       608/729      512/2187   -4096/19683
 10   5           7/5         23/25         27/50      243/1000     729/50000
 11  11         32/11       244/121     1720/1331   10400/14641  40000/161051
 12   6           3/2         13/12       319/432     1573/3456    9317/41472
m-adic law (prime support of denominators <= primes of m): HOLDS on grid

tree validated (A000112)

=== eps = 1/4 (0.2500), phi = 4pi: W0*phi = 2pi ===
   per-link phase (pi units): k=0: 0, k=1: 3/2, k=2: 1/4, k=3: 9/16, k=4: 81/128, k=5: 297/512
   gate survivors: 500  [n=1:1/1  n=2:2/2  n=3:4/5  n=4:10/16  n=5:28/63  n=6:93/318  n=7:362/2045]
   hereditary-real predicate: 500; EQUAL: True
   height profile: h=1:7/7  h=2:250/250  h=3:201/1140  h=4:42/829  h=5:0/201  h=6:0/22  h=7:0/1
   surviving equations with complex coefficients: 0

DONE
