orbit children built

(ii) orbit-theory dead-phase scan (depth 6; labeled dead set: {pi/4} unique):
  phi = pi/8: partial:216
  phi = pi/6: partial:231
  phi = pi/4: partial:162
  phi = pi/3: FULL
  phi = 3pi/8: FULL
  phi = 5pi/12: FULL
  phi = pi/2: EMPTY
  phi = 7pi/12: EMPTY
  phi = 5pi/8: EMPTY
  phi = 2pi/3: EMPTY
  phi = 3pi/4: EMPTY
  phi = 7pi/8: EMPTY
  phi = 0.5: partial:231
  phi = 0.9: FULL
  phi = 1.2: FULL
  non-full phases: [('pi/8', 'partial:216'), ('pi/6', 'partial:231'), ('pi/4', 'partial:162'), ('pi/2', 'EMPTY'), ('7pi/12', 'EMPTY'), ('5pi/8', 'EMPTY'), ('2pi/3', 'EMPTY'), ('3pi/4', 'EMPTY'), ('7pi/8', 'EMPTY'), ('0.5', 'partial:231')]

(i) 653-family congruence extraction at phi = pi/4 (depth 7):
  reproduced: 653
  survivor jump residues mod 8: [1, 3, 5, 7]; P1 (all jumps in A) count = 2450; equal = False
    pred1-only 1797, gate-only 0
  survivor downset-S residues mod 8: [0, 1, 2, 3, 4, 5, 6, 7]; P3 count = 2450; equal = False
    pred3-only 1797, gate-only 0
  NO simple mod-8 downset characterization found -> candidate FOURTH SECTOR (or richer arithmetic needed)
DONE
