[    1.9s] levels: {1: 1, 2: 2, 3: 5, 4: 16, 5: 63, 6: 318, 7: 2045, 8: 16999}
[    4.8s] parents: 2450
[   18.3s] == T1/T2: tilt identities per event ==
[   18.3s]    event         a_cnt    a_R      a_Q     resid(T2)  c*f_cnt: n=4 ... n=8
[   18.3s]    has_post      -1.509  -2.566  -3.450    +0.173     0.80    0.95    0.83    0.98    0.91
[   18.4s]    is_antichain  -9.986 -12.175 -15.383    -1.019     0.60    0.51    0.42    0.35    0.30
[   18.4s]    3+_minima     +0.720  +0.870  +0.623    -0.397     1.04    0.89    0.82    0.79    0.79
[   22.4s]    stem0         +0.720  +0.870  +0.623    -0.397     1.04    0.89    0.82    0.79    0.79
[   26.5s]    stem1         +0.553  +1.986  +3.036    -0.383     1.10    1.07    0.95    0.90    0.87
[   30.8s]    stem2         +2.086  +2.080  +2.591    +0.517     0.60    0.74    0.84    0.85    0.85
[   34.9s]    stem3         +1.236  +0.770  +0.701    +0.398     0.69    0.65    0.77    0.83    0.88
[   38.7s]    stem4         +0.809  +0.330  +0.138    +0.288     0.78    0.82    0.88    0.92    0.95
[   43.2s]    stem5         +1.139  +1.853  +2.708    +0.140     0.60    0.75    0.72    0.70    0.69
[   47.8s]    stem6         +0.432  +2.666  +5.668    +0.767     0.60    0.96    1.08    1.06    1.06
[   52.4s]    stem8         +0.688  +2.137  +3.877    +0.292     0.60    1.06    0.87    0.83    0.83
[   56.9s]    stem10        +1.894  +2.034  +2.684    +0.508     0.60    0.70    0.80    0.82    0.85
[   56.9s]   T2 residual a_Q + a_cnt - 2 a_R: mean +0.074  max|.| 1.019
[   56.9s]   k = a_cnt/a_R: mean 0.870 +- 0.604  (the '0.7')
[   56.9s] == T3: participation density N_part(A)/|A| across events (n=8) ==
[   56.9s]    Omega: N_part = 3968.9  |Omega| = 13287  density = 0.2987
[   56.9s]    has_post     N_part =    507.6  |A| =  1546  density = 0.3283  ratio-to-Omega =  1.10
[   56.9s]    is_antichain N_part =      1.0  |A| =     1  density = 1.0000  ratio-to-Omega =  3.35
[   56.9s]    3+_minima    N_part =   2800.7  |A| =  7408  density = 0.3781  ratio-to-Omega =  1.27
[   60.7s]    stem0        N_part =   2800.7  |A| =  7408  density = 0.3781  ratio-to-Omega =  1.27
[   64.6s]    stem1        N_part =   2284.1  |A| =  6617  density = 0.3452  ratio-to-Omega =  1.16
[   68.5s]    stem2        N_part =   1669.7  |A| =  4772  density = 0.3499  ratio-to-Omega =  1.17
[   72.4s]    stem3        N_part =   1711.4  |A| =  5029  density = 0.3403  ratio-to-Omega =  1.14
[   76.0s]    stem4        N_part =   3687.8  |A| = 11693  density = 0.3154  ratio-to-Omega =  1.06
[   80.2s]    stem5        N_part =   1096.3  |A| =  2516  density = 0.4357  ratio-to-Omega =  1.46
[   84.5s]    stem6        N_part =    433.6  |A| =  1540  density = 0.2815  ratio-to-Omega =  0.94
[   88.8s]    stem7        N_part =    398.6  |A| =   960  density = 0.4152  ratio-to-Omega =  1.39
[   93.2s]    stem8        N_part =    680.0  |A| =  1890  density = 0.3598  ratio-to-Omega =  1.20
[   97.5s]    stem9        N_part =    399.7  |A| =  1044  density = 0.3828  ratio-to-Omega =  1.28
[  101.7s]    stem10       N_part =   1408.3  |A| =  4004  density = 0.3517  ratio-to-Omega =  1.18
[  101.7s] == Gaussianity check: ln R distribution per level ==
[  101.7s]    n=5: mean  -1.971  sigma 1.400  skew -0.86  ex-kurt +0.21  classes 45
[  101.7s]    n=6: mean  -2.544  sigma 1.513  skew -0.77  ex-kurt +0.51  classes 233
[  101.7s]    n=7: mean  -3.161  sigma 1.585  skew -0.62  ex-kurt +0.31  classes 1536
[  101.7s]    n=8: mean  -3.880  sigma 1.686  skew -0.62  ex-kurt +0.45  classes 13287
[  101.7s] DONE
Solve 1: Forcing phase 2 since near primal feasible with unperturbed costs
num / max / sum primal infeasiblitiles
1 /   0.0001726 /   0.0001726 (  perturbed bounds)
1 /   0.0001726 /   0.0001726 (unperturbed bounds)
