1. Feasibility map over (A = W0*phi, r = W1/W0, frac = delta/A):

 r = 0.3:  ('#'=feasible)
      frac: 0.05 0.15 0.25 0.35 0.45 0.55 0.65 0.75 0.85 0.95
  A= 0.1pi   .   .   .   .   .   .   .   .   .   . 
  A= 0.2pi   .   .   .   .   .   .   .   .   .   . 
  A= 0.3pi   .   .   .   .   .   .   .   .   .   . 
  A= 0.4pi   .   .   .   .   .   .   .   .   .   . 
  A= 0.5pi   .   .   .   .   .   .   .   .   .   . 
  A= 0.6pi   #   #   #   #   #   #   #   #   #   # 
  A= 0.7pi   #   #   #   #   #   #   #   #   #   # 
  A= 0.8pi   #   #   #   #   #   #   #   #   #   # 
  A= 0.9pi   #   #   #   #   #   #   #   #   #   # 
  A= 1.0pi   .   .   .   .   .   .   .   .   .   . 
  A= 1.1pi   .   .   .   .   .   .   .   .   .   . 
  A= 1.2pi   .   .   .   .   .   .   .   .   .   . 
  A= 1.3pi   .   .   .   .   .   .   .   .   .   . 
  A= 1.4pi   .   .   .   .   .   .   .   .   .   . 
  A= 1.5pi   .   .   .   .   .   .   .   .   .   . 
  A= 1.6pi   .   .   .   .   .   .   .   .   .   . 
  A= 1.7pi   .   .   .   .   .   .   .   .   .   . 
  A= 1.8pi   .   .   .   .   .   .   .   .   .   . 
  A= 1.9pi   .   .   .   .   .   .   .   .   .   . 
  A= 2.0pi   .   .   .   .   .   .   .   .   .   . 
  A= 2.1pi   .   .   .   .   .   .   .   .   .   . 
  A= 2.2pi   .   .   .   .   .   .   .   .   .   . 
  A= 2.3pi   .   .   .   .   .   .   .   .   .   . 
  A= 2.4pi   .   .   .   .   .   .   .   .   .   . 

 r = 0.5:  ('#'=feasible)
      frac: 0.05 0.15 0.25 0.35 0.45 0.55 0.65 0.75 0.85 0.95
  A= 0.1pi   .   .   .   .   .   .   .   .   .   . 
  A= 0.2pi   .   .   .   .   .   .   .   .   .   . 
  A= 0.3pi   .   .   .   .   .   .   .   .   .   . 
  A= 0.4pi   .   .   .   .   .   .   .   .   .   . 
  A= 0.5pi   .   .   .   .   .   .   .   .   .   . 
  A= 0.6pi   #   #   #   #   #   #   #   #   #   # 
  A= 0.7pi   #   #   #   #   #   #   #   #   #   # 
  A= 0.8pi   #   #   #   #   #   #   #   #   #   # 
  A= 0.9pi   #   #   #   #   #   #   #   #   #   # 
  A= 1.0pi   .   .   .   .   .   .   .   .   .   . 
  A= 1.1pi   .   .   .   .   .   .   .   .   .   . 
  A= 1.2pi   .   .   .   .   .   .   .   .   .   . 
  A= 1.3pi   .   .   .   .   .   .   .   .   .   . 
  A= 1.4pi   .   .   .   .   .   .   .   .   .   . 
  A= 1.5pi   .   .   .   .   .   .   .   .   .   . 
  A= 1.6pi   .   .   .   .   .   .   .   .   .   . 
  A= 1.7pi   .   .   .   .   .   .   .   .   .   . 
  A= 1.8pi   .   .   .   .   .   .   .   .   .   . 
  A= 1.9pi   .   .   .   .   .   .   .   .   .   . 
  A= 2.0pi   .   .   .   .   .   .   .   .   .   . 
  A= 2.1pi   .   .   .   .   .   .   .   .   .   . 
  A= 2.2pi   #   .   .   .   .   .   .   .   .   # 
  A= 2.3pi   #   .   .   .   .   .   .   .   .   # 
  A= 2.4pi   #   #   .   .   .   .   .   .   #   # 

 r = 0.75:  ('#'=feasible)
      frac: 0.05 0.15 0.25 0.35 0.45 0.55 0.65 0.75 0.85 0.95
  A= 0.1pi   .   .   .   .   .   .   .   .   .   . 
  A= 0.2pi   .   .   .   .   .   .   .   .   .   . 
  A= 0.3pi   .   .   .   .   .   .   .   .   .   . 
  A= 0.4pi   .   .   .   .   .   .   .   .   .   . 
  A= 0.5pi   .   .   .   .   .   .   .   .   .   . 
  A= 0.6pi   #   #   #   #   #   #   #   #   #   # 
  A= 0.7pi   #   #   #   #   #   #   #   #   #   # 
  A= 0.8pi   #   #   #   #   #   #   #   #   #   # 
  A= 0.9pi   #   #   #   #   #   #   #   #   #   # 
  A= 1.0pi   .   .   .   .   .   .   .   .   .   . 
  A= 1.1pi   .   .   .   .   .   .   .   .   .   . 
  A= 1.2pi   .   .   .   .   .   .   .   .   .   . 
  A= 1.3pi   .   .   .   .   .   .   .   .   .   . 
  A= 1.4pi   .   .   .   .   .   .   .   .   .   . 
  A= 1.5pi   .   .   .   .   .   .   .   .   .   . 
  A= 1.6pi   .   .   .   .   .   .   .   .   .   . 
  A= 1.7pi   .   .   .   .   .   .   .   .   .   . 
  A= 1.8pi   .   .   .   .   .   .   .   .   .   . 
  A= 1.9pi   .   .   .   .   .   .   .   .   .   . 
  A= 2.0pi   .   .   .   .   .   .   .   .   .   . 
  A= 2.1pi   .   .   .   .   .   .   .   .   .   . 
  A= 2.2pi   #   .   .   .   .   .   .   .   .   # 
  A= 2.3pi   #   .   .   .   .   .   .   .   .   # 
  A= 2.4pi   .   #   .   .   .   .   .   .   .   # 

2. Boundary bisection (30 rounds, units of pi):
  r=0.3 frac=0.25: lower=0.500000000pi upper=1.000000000pi
  r=0.3 frac=0.5: lower=0.500000000pi upper=0.999999999pi
  r=0.3 frac=0.75: lower=0.500000000pi upper=1.000000000pi
  r=0.5 frac=0.25: lower=0.500000000pi upper=1.000000000pi
  r=0.5 frac=0.5: lower=0.500000000pi upper=0.999999999pi
  r=0.5 frac=0.75: lower=0.500000000pi upper=1.000000000pi
  r=0.75 frac=0.25: lower=0.500000000pi upper=0.999999997pi
  r=0.75 frac=0.5: lower=0.500000000pi upper=0.999999999pi
  r=0.75 frac=0.75: lower=0.500000000pi upper=0.999999997pi

3. Winding-band j in (1/(4W0), 1/(2W0)) vs scans + predictions:
  4D eps=0.045: predicted (5.56, 11.11); observed alive j=[6, 7, 8, 9, 10, 11]
  4D eps=0.055: predicted (4.55, 9.09); observed alive j=[5, 6, 7, 8, 9]
  4D eps=0.0625: predicted (4.00, 8.00); observed alive j=[4, 5, 6, 7]
  3D eps=0.100 [PRE-REGISTERED]: predicted (2.50, 5.00) -> {3,4}; observed alive j=[3, 4]
  2D eps=0.16: predicted (0.78, 1.56) -> {1}; observed alive j=[1, 3, 4]
  2D eps=0.25 [FALSIFIER]: predicted (0.50, 1.00) -> {} but delta-aliasing gives resonant hits; observed alive j=[3, 4, 5, 6]
DONE
